<?xml version="1.0"?>
<link_info>
   <banner>TMS320C6x Linker PC v7.4.14</banner>
   <copyright>Copyright (c) 1996-2015 Texas Instruments Incorporated</copyright>
   <link_time>0x5b065ccc</link_time>
   <output_file>echo.out</output_file>
   <entry_point>
      <name>_c_int00</name>
      <address>0x22a0</address>
   </entry_point>
   <input_file_list>
      <input_file id="fl-2">
         <path>.\</path>
         <kind>object</kind>
         <file>Vectors_11.obj</file>
         <name>Vectors_11.obj</name>
      </input_file>
      <input_file id="fl-3">
         <path>.\</path>
         <kind>object</kind>
         <file>c6713dskinit.obj</file>
         <name>c6713dskinit.obj</name>
      </input_file>
      <input_file id="fl-4">
         <path>.\</path>
         <kind>object</kind>
         <file>echo.obj</file>
         <name>echo.obj</name>
      </input_file>
      <input_file id="fl-81">
         <path>C:\ti\ccsv6\tools\compiler\c6000_7.4.14\lib\</path>
         <kind>archive</kind>
         <file>rts6700.lib</file>
         <name>boot.obj</name>
      </input_file>
      <input_file id="fl-82">
         <path>C:\ti\ccsv6\tools\compiler\c6000_7.4.14\lib\</path>
         <kind>archive</kind>
         <file>rts6700.lib</file>
         <name>exit.obj</name>
      </input_file>
      <input_file id="fl-83">
         <path>C:\ti\ccsv6\tools\compiler\c6000_7.4.14\lib\</path>
         <kind>archive</kind>
         <file>rts6700.lib</file>
         <name>args_main.obj</name>
      </input_file>
      <input_file id="fl-84">
         <path>C:\ti\ccsv6\tools\compiler\c6000_7.4.14\lib\</path>
         <kind>archive</kind>
         <file>rts6700.lib</file>
         <name>autoinit.obj</name>
      </input_file>
      <input_file id="fl-85">
         <path>C:\ti\ccsv6\tools\compiler\c6000_7.4.14\lib\</path>
         <kind>archive</kind>
         <file>rts6700.lib</file>
         <name>cpp_init.obj</name>
      </input_file>
      <input_file id="fl-86">
         <path>C:\ti\ccsv6\tools\compiler\c6000_7.4.14\lib\</path>
         <kind>archive</kind>
         <file>rts6700.lib</file>
         <name>cpy_tbl.obj</name>
      </input_file>
      <input_file id="fl-87">
         <path>C:\ti\ccsv6\tools\compiler\c6000_7.4.14\lib\</path>
         <kind>archive</kind>
         <file>rts6700.lib</file>
         <name>memcpy62.obj</name>
      </input_file>
      <input_file id="fl-88">
         <path>C:\ti\C6713DSK_CCS6\dsk6713libs\CSL\lib\</path>
         <kind>archive</kind>
         <file>csl6713.lib</file>
         <name>csl_irq.obj</name>
      </input_file>
      <input_file id="fl-89">
         <path>C:\ti\C6713DSK_CCS6\dsk6713libs\CSL\lib\</path>
         <kind>archive</kind>
         <file>csl6713.lib</file>
         <name>csl_mcbsp.obj</name>
      </input_file>
      <input_file id="fl-8a">
         <path>C:\ti\C6713DSK_CCS6\dsk6713libs\BSL\lib\</path>
         <kind>archive</kind>
         <file>dsk6713bsl.lib</file>
         <name>dsk6713.obj</name>
      </input_file>
      <input_file id="fl-8b">
         <path>C:\ti\C6713DSK_CCS6\dsk6713libs\BSL\lib\</path>
         <kind>archive</kind>
         <file>dsk6713bsl.lib</file>
         <name>dsk6713_aic23_opencodec.obj</name>
      </input_file>
      <input_file id="fl-8c">
         <path>C:\ti\C6713DSK_CCS6\dsk6713libs\BSL\lib\</path>
         <kind>archive</kind>
         <file>dsk6713bsl.lib</file>
         <name>dsk6713_aic23_registers.obj</name>
      </input_file>
      <input_file id="fl-8d">
         <path>C:\ti\C6713DSK_CCS6\dsk6713libs\BSL\lib\</path>
         <kind>archive</kind>
         <file>dsk6713bsl.lib</file>
         <name>dsk6713_aic23_setfreq.obj</name>
      </input_file>
      <input_file id="fl-8e">
         <path>C:\ti\ccsv6\tools\compiler\c6000_7.4.14\lib\</path>
         <kind>archive</kind>
         <file>rts6700.lib</file>
         <name>strasg.obj</name>
      </input_file>
   </input_file_list>
   <object_component_list>
      <object_component id="oc-e">
         <name>.vectors</name>
         <load_address>0x0</load_address>
         <run_address>0x0</run_address>
         <size>0x200</size>
         <input_file_ref idref="fl-2"/>
      </object_component>
      <object_component id="oc-5c">
         <name>.text</name>
         <load_address>0x220</load_address>
         <run_address>0x220</run_address>
         <size>0x7c0</size>
         <input_file_ref idref="fl-3"/>
      </object_component>
      <object_component id="oc-3e">
         <name>.text</name>
         <load_address>0x9e0</load_address>
         <run_address>0x9e0</run_address>
         <size>0x480</size>
         <input_file_ref idref="fl-8a"/>
      </object_component>
      <object_component id="oc-44">
         <name>.text</name>
         <load_address>0xe60</load_address>
         <run_address>0xe60</run_address>
         <size>0x300</size>
         <input_file_ref idref="fl-8b"/>
      </object_component>
      <object_component id="oc-61">
         <name>.text:_memcpy</name>
         <load_address>0x1160</load_address>
         <run_address>0x1160</run_address>
         <size>0x240</size>
         <input_file_ref idref="fl-87"/>
      </object_component>
      <object_component id="oc-1b">
         <name>.text:retain</name>
         <load_address>0x13a0</load_address>
         <run_address>0x13a0</run_address>
         <size>0x220</size>
         <input_file_ref idref="fl-4"/>
      </object_component>
      <object_component id="oc-68">
         <name>.text:_IRQ_map</name>
         <load_address>0x15c0</load_address>
         <run_address>0x15c0</run_address>
         <size>0x1a0</size>
         <input_file_ref idref="fl-88"/>
      </object_component>
      <object_component id="oc-71">
         <name>.text:_MCBSP_reset</name>
         <load_address>0x1760</load_address>
         <run_address>0x1760</run_address>
         <size>0x180</size>
         <input_file_ref idref="fl-89"/>
      </object_component>
      <object_component id="oc-4a">
         <name>.text</name>
         <load_address>0x18e0</load_address>
         <run_address>0x18e0</run_address>
         <size>0x140</size>
         <input_file_ref idref="fl-8c"/>
      </object_component>
      <object_component id="oc-5f">
         <name>.text:_MCBSP_start</name>
         <load_address>0x1a20</load_address>
         <run_address>0x1a20</run_address>
         <size>0x100</size>
         <input_file_ref idref="fl-89"/>
      </object_component>
      <object_component id="oc-59">
         <name>.text:__auto_init</name>
         <load_address>0x1b20</load_address>
         <run_address>0x1b20</run_address>
         <size>0x100</size>
         <input_file_ref idref="fl-84"/>
      </object_component>
      <object_component id="oc-5e">
         <name>.text:_MCBSP_open</name>
         <load_address>0x1c20</load_address>
         <run_address>0x1c20</run_address>
         <size>0xe0</size>
         <input_file_ref idref="fl-89"/>
      </object_component>
      <object_component id="oc-5d">
         <name>.text:__strasg</name>
         <load_address>0x1d00</load_address>
         <run_address>0x1d00</run_address>
         <size>0xe0</size>
         <input_file_ref idref="fl-8e"/>
      </object_component>
      <object_component id="oc-5b">
         <name>.text:_exit</name>
         <load_address>0x1de0</load_address>
         <run_address>0x1de0</run_address>
         <size>0xe0</size>
         <input_file_ref idref="fl-82"/>
      </object_component>
      <object_component id="oc-60">
         <name>.text:_copy_in</name>
         <load_address>0x1ec0</load_address>
         <run_address>0x1ec0</run_address>
         <size>0xc0</size>
         <input_file_ref idref="fl-86"/>
      </object_component>
      <object_component id="oc-50">
         <name>.text</name>
         <load_address>0x1f80</load_address>
         <run_address>0x1f80</run_address>
         <size>0xc0</size>
         <input_file_ref idref="fl-8d"/>
      </object_component>
      <object_component id="oc-65">
         <name>.text:_MCBSP_config</name>
         <load_address>0x2040</load_address>
         <run_address>0x2040</run_address>
         <size>0xa0</size>
         <input_file_ref idref="fl-89"/>
      </object_component>
      <object_component id="oc-72">
         <name>.text:_setMux</name>
         <load_address>0x20e0</load_address>
         <run_address>0x20e0</run_address>
         <size>0xa0</size>
         <input_file_ref idref="fl-88"/>
      </object_component>
      <object_component id="oc-63">
         <name>.text</name>
         <load_address>0x2180</load_address>
         <run_address>0x2180</run_address>
         <size>0xa0</size>
         <input_file_ref idref="fl-4"/>
      </object_component>
      <object_component id="oc-62">
         <name>.text:___TI_cpp_init</name>
         <load_address>0x2220</load_address>
         <run_address>0x2220</run_address>
         <size>0x80</size>
         <input_file_ref idref="fl-85"/>
      </object_component>
      <object_component id="oc-c">
         <name>.text:_c_int00</name>
         <load_address>0x22a0</load_address>
         <run_address>0x22a0</run_address>
         <size>0x80</size>
         <input_file_ref idref="fl-81"/>
      </object_component>
      <object_component id="oc-6c">
         <name>.text:_IRQ_enable</name>
         <load_address>0x2320</load_address>
         <run_address>0x2320</run_address>
         <size>0x40</size>
         <input_file_ref idref="fl-88"/>
      </object_component>
      <object_component id="oc-69">
         <name>.text:_IRQ_reset</name>
         <load_address>0x2360</load_address>
         <run_address>0x2360</run_address>
         <size>0x40</size>
         <input_file_ref idref="fl-88"/>
      </object_component>
      <object_component id="oc-5a">
         <name>.text:__args_main</name>
         <load_address>0x23a0</load_address>
         <run_address>0x23a0</run_address>
         <size>0x40</size>
         <input_file_ref idref="fl-83"/>
      </object_component>
      <object_component id="oc-d">
         <name>.text</name>
         <load_address>0x23e0</load_address>
         <run_address>0x23e0</run_address>
         <size>0x20</size>
         <input_file_ref idref="fl-2"/>
      </object_component>
      <object_component id="oc-66">
         <name>.text:_IRQ_globalDisable</name>
         <load_address>0x2400</load_address>
         <run_address>0x2400</run_address>
         <size>0x20</size>
         <input_file_ref idref="fl-88"/>
      </object_component>
      <object_component id="oc-6a">
         <name>.text:_IRQ_globalEnable</name>
         <load_address>0x2420</load_address>
         <run_address>0x2420</run_address>
         <size>0x20</size>
         <input_file_ref idref="fl-88"/>
      </object_component>
      <object_component id="oc-6b">
         <name>.text:_IRQ_nmiEnable</name>
         <load_address>0x2440</load_address>
         <run_address>0x2440</run_address>
         <size>0x20</size>
         <input_file_ref idref="fl-88"/>
      </object_component>
      <object_component id="oc-67">
         <name>.text:_MCBSP_getXmtEventId</name>
         <load_address>0x2460</load_address>
         <run_address>0x2460</run_address>
         <size>0x20</size>
         <input_file_ref idref="fl-89"/>
      </object_component>
      <object_component id="oc-70">
         <name>.text:_MCBSP_read</name>
         <load_address>0x2480</load_address>
         <run_address>0x2480</run_address>
         <size>0x20</size>
         <input_file_ref idref="fl-89"/>
      </object_component>
      <object_component id="oc-6f">
         <name>.text:_MCBSP_rrdy</name>
         <load_address>0x24a0</load_address>
         <run_address>0x24a0</run_address>
         <size>0x20</size>
         <input_file_ref idref="fl-89"/>
      </object_component>
      <object_component id="oc-6e">
         <name>.text:_MCBSP_write</name>
         <load_address>0x24c0</load_address>
         <run_address>0x24c0</run_address>
         <size>0x20</size>
         <input_file_ref idref="fl-89"/>
      </object_component>
      <object_component id="oc-6d">
         <name>.text:_MCBSP_xrdy</name>
         <load_address>0x24e0</load_address>
         <run_address>0x24e0</run_address>
         <size>0x20</size>
         <input_file_ref idref="fl-89"/>
      </object_component>
      <object_component id="oc-64">
         <name>.text:_abort</name>
         <load_address>0x2500</load_address>
         <run_address>0x2500</run_address>
         <size>0x20</size>
         <input_file_ref idref="fl-82"/>
      </object_component>
      <object_component id="oc-37">
         <name>.text</name>
         <load_address>0x2520</load_address>
         <run_address>0x2520</run_address>
         <size>0x20</size>
         <input_file_ref idref="fl-88"/>
      </object_component>
      <object_component id="oc-38">
         <name>.cinit</name>
         <load_address>0x3ed8</load_address>
         <run_address>0x3ed8</run_address>
         <size>0x12c</size>
         <input_file_ref idref="fl-88"/>
      </object_component>
      <object_component id="oc-13">
         <name>.cinit</name>
         <load_address>0x4008</load_address>
         <run_address>0x4008</run_address>
         <size>0x58</size>
         <input_file_ref idref="fl-3"/>
      </object_component>
      <object_component id="oc-3b">
         <name>.cinit</name>
         <load_address>0x4060</load_address>
         <run_address>0x4060</run_address>
         <size>0x54</size>
         <input_file_ref idref="fl-89"/>
      </object_component>
      <object_component id="oc-4b">
         <name>.cinit</name>
         <load_address>0x40b8</load_address>
         <run_address>0x40b8</run_address>
         <size>0x30</size>
         <input_file_ref idref="fl-8c"/>
      </object_component>
      <object_component id="oc-24">
         <name>.cinit</name>
         <load_address>0x40e8</load_address>
         <run_address>0x40e8</run_address>
         <size>0x2c</size>
         <input_file_ref idref="fl-82"/>
      </object_component>
      <object_component id="oc-51">
         <name>.cinit</name>
         <load_address>0x4118</load_address>
         <run_address>0x4118</run_address>
         <size>0x28</size>
         <input_file_ref idref="fl-8d"/>
      </object_component>
      <object_component id="oc-19">
         <name>.cinit</name>
         <load_address>0x4140</load_address>
         <run_address>0x4140</run_address>
         <size>0x1a</size>
         <input_file_ref idref="fl-4"/>
      </object_component>
      <object_component id="oc-20">
         <name>.stack</name>
         <uninitialized>true</uninitialized>
         <run_address>0x36d8</run_address>
         <size>0x8</size>
         <input_file_ref idref="fl-81"/>
      </object_component>
      <object_component id="oc-88">
         <name>.stack</name>
         <uninitialized>true</uninitialized>
         <run_address>0x36d8</run_address>
         <size>0x0</size>
      </object_component>
      <object_component id="oc-46">
         <name>.const</name>
         <load_address>0x4164</load_address>
         <run_address>0x4164</run_address>
         <size>0x40</size>
         <input_file_ref idref="fl-8b"/>
      </object_component>
      <object_component id="oc-40">
         <name>.const</name>
         <load_address>0x41a4</load_address>
         <run_address>0x41a4</run_address>
         <size>0x20</size>
         <input_file_ref idref="fl-8a"/>
      </object_component>
      <object_component id="oc-14">
         <name>.far</name>
         <uninitialized>true</uninitialized>
         <run_address>0x35e8</run_address>
         <size>0x58</size>
         <input_file_ref idref="fl-3"/>
      </object_component>
      <object_component id="oc-1a">
         <name>.far</name>
         <uninitialized>true</uninitialized>
         <run_address>0x2540</run_address>
         <size>0xfb4</size>
         <input_file_ref idref="fl-4"/>
      </object_component>
      <object_component id="oc-25">
         <name>.far</name>
         <uninitialized>true</uninitialized>
         <run_address>0x36c0</run_address>
         <size>0xc</size>
         <input_file_ref idref="fl-82"/>
      </object_component>
      <object_component id="oc-39">
         <name>.far</name>
         <uninitialized>true</uninitialized>
         <run_address>0x34f4</run_address>
         <size>0xf4</size>
         <input_file_ref idref="fl-88"/>
      </object_component>
      <object_component id="oc-3c">
         <name>.far</name>
         <uninitialized>true</uninitialized>
         <run_address>0x3640</run_address>
         <size>0x38</size>
         <input_file_ref idref="fl-89"/>
      </object_component>
      <object_component id="oc-3f">
         <name>.far</name>
         <uninitialized>true</uninitialized>
         <run_address>0x36d4</run_address>
         <size>0x2</size>
         <input_file_ref idref="fl-8a"/>
      </object_component>
      <object_component id="oc-45">
         <name>.far</name>
         <uninitialized>true</uninitialized>
         <run_address>0x36cc</run_address>
         <size>0x8</size>
         <input_file_ref idref="fl-8b"/>
      </object_component>
      <object_component id="oc-4c">
         <name>.far</name>
         <uninitialized>true</uninitialized>
         <run_address>0x3678</run_address>
         <size>0x28</size>
         <input_file_ref idref="fl-8c"/>
      </object_component>
      <object_component id="oc-52">
         <name>.far</name>
         <uninitialized>true</uninitialized>
         <run_address>0x36a0</run_address>
         <size>0x20</size>
         <input_file_ref idref="fl-8d"/>
      </object_component>
      <object_component id="oc-f">
         <name>.debug_info</name>
         <load_address>0x0</load_address>
         <run_address>0x0</run_address>
         <size>0xe1</size>
         <input_file_ref idref="fl-2"/>
      </object_component>
      <object_component id="oc-12">
         <name>.debug_info</name>
         <load_address>0xe1</load_address>
         <run_address>0xe1</run_address>
         <size>0x1523</size>
         <input_file_ref idref="fl-3"/>
      </object_component>
      <object_component id="oc-18">
         <name>.debug_info</name>
         <load_address>0x1604</load_address>
         <run_address>0x1604</run_address>
         <size>0x854</size>
         <input_file_ref idref="fl-4"/>
      </object_component>
      <object_component id="oc-1f">
         <name>.debug_info</name>
         <load_address>0x1e58</load_address>
         <run_address>0x1e58</run_address>
         <size>0x710</size>
         <input_file_ref idref="fl-81"/>
      </object_component>
      <object_component id="oc-23">
         <name>.debug_info</name>
         <load_address>0x2568</load_address>
         <run_address>0x2568</run_address>
         <size>0x806</size>
         <input_file_ref idref="fl-82"/>
      </object_component>
      <object_component id="oc-28">
         <name>.debug_info</name>
         <load_address>0x2d6e</load_address>
         <run_address>0x2d6e</run_address>
         <size>0x6e6</size>
         <input_file_ref idref="fl-83"/>
      </object_component>
      <object_component id="oc-2b">
         <name>.debug_info</name>
         <load_address>0x3454</load_address>
         <run_address>0x3454</run_address>
         <size>0x878</size>
         <input_file_ref idref="fl-84"/>
      </object_component>
      <object_component id="oc-2e">
         <name>.debug_info</name>
         <load_address>0x3ccc</load_address>
         <run_address>0x3ccc</run_address>
         <size>0x6f0</size>
         <input_file_ref idref="fl-85"/>
      </object_component>
      <object_component id="oc-31">
         <name>.debug_info</name>
         <load_address>0x43bc</load_address>
         <run_address>0x43bc</run_address>
         <size>0x7e6</size>
         <input_file_ref idref="fl-86"/>
      </object_component>
      <object_component id="oc-34">
         <name>.debug_info</name>
         <load_address>0x4ba2</load_address>
         <run_address>0x4ba2</run_address>
         <size>0x79b</size>
         <input_file_ref idref="fl-87"/>
      </object_component>
      <object_component id="oc-42">
         <name>.debug_info</name>
         <load_address>0x533d</load_address>
         <run_address>0x533d</run_address>
         <size>0x8a7</size>
         <input_file_ref idref="fl-8a"/>
      </object_component>
      <object_component id="oc-48">
         <name>.debug_info</name>
         <load_address>0x5be4</load_address>
         <run_address>0x5be4</run_address>
         <size>0x89f</size>
         <input_file_ref idref="fl-8b"/>
      </object_component>
      <object_component id="oc-4e">
         <name>.debug_info</name>
         <load_address>0x6483</load_address>
         <run_address>0x6483</run_address>
         <size>0x929</size>
         <input_file_ref idref="fl-8c"/>
      </object_component>
      <object_component id="oc-54">
         <name>.debug_info</name>
         <load_address>0x6dac</load_address>
         <run_address>0x6dac</run_address>
         <size>0x5b3</size>
         <input_file_ref idref="fl-8d"/>
      </object_component>
      <object_component id="oc-56">
         <name>.debug_info</name>
         <load_address>0x735f</load_address>
         <run_address>0x735f</run_address>
         <size>0xdb</size>
         <input_file_ref idref="fl-8e"/>
      </object_component>
      <object_component id="oc-89">
         <name>.debug_info</name>
         <load_address>0x743a</load_address>
         <run_address>0x743a</run_address>
         <size>0x6e</size>
      </object_component>
      <object_component id="oc-10">
         <name>.debug_line</name>
         <load_address>0x0</load_address>
         <run_address>0x0</run_address>
         <size>0xcb</size>
         <input_file_ref idref="fl-2"/>
      </object_component>
      <object_component id="oc-16">
         <name>.debug_line</name>
         <load_address>0xcb</load_address>
         <run_address>0xcb</run_address>
         <size>0x15a</size>
         <input_file_ref idref="fl-3"/>
      </object_component>
      <object_component id="oc-1d">
         <name>.debug_line</name>
         <load_address>0x225</load_address>
         <run_address>0x225</run_address>
         <size>0x71</size>
         <input_file_ref idref="fl-4"/>
      </object_component>
      <object_component id="oc-21">
         <name>.debug_line</name>
         <load_address>0x296</load_address>
         <run_address>0x296</run_address>
         <size>0x3d</size>
         <input_file_ref idref="fl-81"/>
      </object_component>
      <object_component id="oc-26">
         <name>.debug_line</name>
         <load_address>0x2d3</load_address>
         <run_address>0x2d3</run_address>
         <size>0x4f</size>
         <input_file_ref idref="fl-82"/>
      </object_component>
      <object_component id="oc-29">
         <name>.debug_line</name>
         <load_address>0x322</load_address>
         <run_address>0x322</run_address>
         <size>0x41</size>
         <input_file_ref idref="fl-83"/>
      </object_component>
      <object_component id="oc-2c">
         <name>.debug_line</name>
         <load_address>0x363</load_address>
         <run_address>0x363</run_address>
         <size>0x47</size>
         <input_file_ref idref="fl-84"/>
      </object_component>
      <object_component id="oc-2f">
         <name>.debug_line</name>
         <load_address>0x3aa</load_address>
         <run_address>0x3aa</run_address>
         <size>0x45</size>
         <input_file_ref idref="fl-85"/>
      </object_component>
      <object_component id="oc-32">
         <name>.debug_line</name>
         <load_address>0x3ef</load_address>
         <run_address>0x3ef</run_address>
         <size>0x44</size>
         <input_file_ref idref="fl-86"/>
      </object_component>
      <object_component id="oc-35">
         <name>.debug_line</name>
         <load_address>0x433</load_address>
         <run_address>0x433</run_address>
         <size>0x4e</size>
         <input_file_ref idref="fl-87"/>
      </object_component>
      <object_component id="oc-43">
         <name>.debug_line</name>
         <load_address>0x481</load_address>
         <run_address>0x481</run_address>
         <size>0xb2</size>
         <input_file_ref idref="fl-8a"/>
      </object_component>
      <object_component id="oc-49">
         <name>.debug_line</name>
         <load_address>0x533</load_address>
         <run_address>0x533</run_address>
         <size>0x4f</size>
         <input_file_ref idref="fl-8b"/>
      </object_component>
      <object_component id="oc-4f">
         <name>.debug_line</name>
         <load_address>0x582</load_address>
         <run_address>0x582</run_address>
         <size>0x7e</size>
         <input_file_ref idref="fl-8c"/>
      </object_component>
      <object_component id="oc-55">
         <name>.debug_line</name>
         <load_address>0x600</load_address>
         <run_address>0x600</run_address>
         <size>0x52</size>
         <input_file_ref idref="fl-8d"/>
      </object_component>
      <object_component id="oc-57">
         <name>.debug_line</name>
         <load_address>0x652</load_address>
         <run_address>0x652</run_address>
         <size>0x48</size>
         <input_file_ref idref="fl-8e"/>
      </object_component>
      <object_component id="oc-11">
         <name>.debug_abbrev</name>
         <load_address>0x0</load_address>
         <run_address>0x0</run_address>
         <size>0x21</size>
         <input_file_ref idref="fl-2"/>
      </object_component>
      <object_component id="oc-17">
         <name>.debug_abbrev</name>
         <load_address>0x21</load_address>
         <run_address>0x21</run_address>
         <size>0x18e</size>
         <input_file_ref idref="fl-3"/>
      </object_component>
      <object_component id="oc-1e">
         <name>.debug_abbrev</name>
         <load_address>0x1af</load_address>
         <run_address>0x1af</run_address>
         <size>0xf9</size>
         <input_file_ref idref="fl-4"/>
      </object_component>
      <object_component id="oc-22">
         <name>.debug_abbrev</name>
         <load_address>0x2a8</load_address>
         <run_address>0x2a8</run_address>
         <size>0xfe</size>
         <input_file_ref idref="fl-81"/>
      </object_component>
      <object_component id="oc-27">
         <name>.debug_abbrev</name>
         <load_address>0x3a6</load_address>
         <run_address>0x3a6</run_address>
         <size>0x119</size>
         <input_file_ref idref="fl-82"/>
      </object_component>
      <object_component id="oc-2a">
         <name>.debug_abbrev</name>
         <load_address>0x4bf</load_address>
         <run_address>0x4bf</run_address>
         <size>0xe1</size>
         <input_file_ref idref="fl-83"/>
      </object_component>
      <object_component id="oc-2d">
         <name>.debug_abbrev</name>
         <load_address>0x5a0</load_address>
         <run_address>0x5a0</run_address>
         <size>0x13f</size>
         <input_file_ref idref="fl-84"/>
      </object_component>
      <object_component id="oc-30">
         <name>.debug_abbrev</name>
         <load_address>0x6df</load_address>
         <run_address>0x6df</run_address>
         <size>0xdd</size>
         <input_file_ref idref="fl-85"/>
      </object_component>
      <object_component id="oc-33">
         <name>.debug_abbrev</name>
         <load_address>0x7bc</load_address>
         <run_address>0x7bc</run_address>
         <size>0x10c</size>
         <input_file_ref idref="fl-86"/>
      </object_component>
      <object_component id="oc-36">
         <name>.debug_abbrev</name>
         <load_address>0x8c8</load_address>
         <run_address>0x8c8</run_address>
         <size>0xd5</size>
         <input_file_ref idref="fl-87"/>
      </object_component>
      <object_component id="oc-41">
         <name>.debug_abbrev</name>
         <load_address>0x99d</load_address>
         <run_address>0x99d</run_address>
         <size>0x196</size>
         <input_file_ref idref="fl-8a"/>
      </object_component>
      <object_component id="oc-47">
         <name>.debug_abbrev</name>
         <load_address>0xb33</load_address>
         <run_address>0xb33</run_address>
         <size>0x126</size>
         <input_file_ref idref="fl-8b"/>
      </object_component>
      <object_component id="oc-4d">
         <name>.debug_abbrev</name>
         <load_address>0xc59</load_address>
         <run_address>0xc59</run_address>
         <size>0x14e</size>
         <input_file_ref idref="fl-8c"/>
      </object_component>
      <object_component id="oc-53">
         <name>.debug_abbrev</name>
         <load_address>0xda7</load_address>
         <run_address>0xda7</run_address>
         <size>0xf1</size>
         <input_file_ref idref="fl-8d"/>
      </object_component>
      <object_component id="oc-58">
         <name>.debug_abbrev</name>
         <load_address>0xe98</load_address>
         <run_address>0xe98</run_address>
         <size>0x3b</size>
         <input_file_ref idref="fl-8e"/>
      </object_component>
      <object_component id="oc-8a">
         <name>.debug_abbrev</name>
         <load_address>0xed3</load_address>
         <run_address>0xed3</run_address>
         <size>0xd</size>
      </object_component>
      <object_component id="oc-15">
         <name>.debug_frame</name>
         <load_address>0x0</load_address>
         <run_address>0x0</run_address>
         <size>0x34f</size>
         <input_file_ref idref="fl-3"/>
      </object_component>
      <object_component id="oc-1c">
         <name>.debug_frame</name>
         <load_address>0x34f</load_address>
         <run_address>0x34f</run_address>
         <size>0x2d7</size>
         <input_file_ref idref="fl-4"/>
      </object_component>
      <object_component id="oc-3a">
         <name>$BRID</name>
         <load_address>0x0</load_address>
         <run_address>0x0</run_address>
         <size>0x78</size>
         <input_file_ref idref="fl-88"/>
      </object_component>
      <object_component id="oc-3d">
         <name>$BRID</name>
         <load_address>0x78</load_address>
         <run_address>0x78</run_address>
         <size>0x7c</size>
         <input_file_ref idref="fl-89"/>
      </object_component>
   </object_component_list>
   <logical_group_list>
      <logical_group id="lg-2">
         <name>.vectors</name>
         <load_address>0x0</load_address>
         <run_address>0x0</run_address>
         <size>0x200</size>
         <contents>
            <object_component_ref idref="oc-e"/>
         </contents>
      </logical_group>
      <logical_group id="lg-3">
         <name>.text</name>
         <load_address>0x220</load_address>
         <run_address>0x220</run_address>
         <size>0x2320</size>
         <contents>
            <object_component_ref idref="oc-5c"/>
            <object_component_ref idref="oc-3e"/>
            <object_component_ref idref="oc-44"/>
            <object_component_ref idref="oc-61"/>
            <object_component_ref idref="oc-1b"/>
            <object_component_ref idref="oc-68"/>
            <object_component_ref idref="oc-71"/>
            <object_component_ref idref="oc-4a"/>
            <object_component_ref idref="oc-5f"/>
            <object_component_ref idref="oc-59"/>
            <object_component_ref idref="oc-5e"/>
            <object_component_ref idref="oc-5d"/>
            <object_component_ref idref="oc-5b"/>
            <object_component_ref idref="oc-60"/>
            <object_component_ref idref="oc-50"/>
            <object_component_ref idref="oc-65"/>
            <object_component_ref idref="oc-72"/>
            <object_component_ref idref="oc-63"/>
            <object_component_ref idref="oc-62"/>
            <object_component_ref idref="oc-c"/>
            <object_component_ref idref="oc-6c"/>
            <object_component_ref idref="oc-69"/>
            <object_component_ref idref="oc-5a"/>
            <object_component_ref idref="oc-d"/>
            <object_component_ref idref="oc-66"/>
            <object_component_ref idref="oc-6a"/>
            <object_component_ref idref="oc-6b"/>
            <object_component_ref idref="oc-67"/>
            <object_component_ref idref="oc-70"/>
            <object_component_ref idref="oc-6f"/>
            <object_component_ref idref="oc-6e"/>
            <object_component_ref idref="oc-6d"/>
            <object_component_ref idref="oc-64"/>
            <object_component_ref idref="oc-37"/>
         </contents>
      </logical_group>
      <logical_group id="lg-4">
         <name>.bss</name>
         <run_address>0x220</run_address>
         <size>0x0</size>
         <contents>
         </contents>
      </logical_group>
      <logical_group id="lg-5">
         <name>.cinit</name>
         <load_address>0x3ed8</load_address>
         <run_address>0x3ed8</run_address>
         <size>0x28c</size>
         <contents>
            <object_component_ref idref="oc-38"/>
            <object_component_ref idref="oc-13"/>
            <object_component_ref idref="oc-3b"/>
            <object_component_ref idref="oc-4b"/>
            <object_component_ref idref="oc-24"/>
            <object_component_ref idref="oc-51"/>
            <object_component_ref idref="oc-19"/>
         </contents>
      </logical_group>
      <logical_group id="lg-6">
         <name>.stack</name>
         <run_address>0x36d8</run_address>
         <size>0x800</size>
         <contents>
            <object_component_ref idref="oc-20"/>
            <object_component_ref idref="oc-88"/>
         </contents>
      </logical_group>
      <logical_group id="lg-7">
         <name>.sysmem</name>
         <run_address>0x0</run_address>
         <size>0x0</size>
         <contents>
         </contents>
      </logical_group>
      <logical_group id="lg-8">
         <name>.const</name>
         <load_address>0x4164</load_address>
         <run_address>0x4164</run_address>
         <size>0x60</size>
         <contents>
            <object_component_ref idref="oc-46"/>
            <object_component_ref idref="oc-40"/>
         </contents>
      </logical_group>
      <logical_group id="lg-9">
         <name>.switch</name>
         <run_address>0x0</run_address>
         <size>0x0</size>
         <contents>
         </contents>
      </logical_group>
      <logical_group id="lg-a">
         <name>.far</name>
         <run_address>0x2540</run_address>
         <size>0x1196</size>
         <contents>
            <object_component_ref idref="oc-14"/>
            <object_component_ref idref="oc-1a"/>
            <object_component_ref idref="oc-25"/>
            <object_component_ref idref="oc-39"/>
            <object_component_ref idref="oc-3c"/>
            <object_component_ref idref="oc-3f"/>
            <object_component_ref idref="oc-45"/>
            <object_component_ref idref="oc-4c"/>
            <object_component_ref idref="oc-52"/>
         </contents>
      </logical_group>
      <logical_group id="lg-b">
         <name>.cio</name>
         <run_address>0x0</run_address>
         <size>0x0</size>
         <contents>
         </contents>
      </logical_group>
      <logical_group id="lg-7d">
         <name>.debug_info</name>
         <load_address>0x0</load_address>
         <run_address>0x0</run_address>
         <size>0x74a8</size>
         <contents>
            <object_component_ref idref="oc-f"/>
            <object_component_ref idref="oc-12"/>
            <object_component_ref idref="oc-18"/>
            <object_component_ref idref="oc-1f"/>
            <object_component_ref idref="oc-23"/>
            <object_component_ref idref="oc-28"/>
            <object_component_ref idref="oc-2b"/>
            <object_component_ref idref="oc-2e"/>
            <object_component_ref idref="oc-31"/>
            <object_component_ref idref="oc-34"/>
            <object_component_ref idref="oc-42"/>
            <object_component_ref idref="oc-48"/>
            <object_component_ref idref="oc-4e"/>
            <object_component_ref idref="oc-54"/>
            <object_component_ref idref="oc-56"/>
            <object_component_ref idref="oc-89"/>
         </contents>
      </logical_group>
      <logical_group id="lg-7f">
         <name>.debug_line</name>
         <load_address>0x0</load_address>
         <run_address>0x0</run_address>
         <size>0x69a</size>
         <contents>
            <object_component_ref idref="oc-10"/>
            <object_component_ref idref="oc-16"/>
            <object_component_ref idref="oc-1d"/>
            <object_component_ref idref="oc-21"/>
            <object_component_ref idref="oc-26"/>
            <object_component_ref idref="oc-29"/>
            <object_component_ref idref="oc-2c"/>
            <object_component_ref idref="oc-2f"/>
            <object_component_ref idref="oc-32"/>
            <object_component_ref idref="oc-35"/>
            <object_component_ref idref="oc-43"/>
            <object_component_ref idref="oc-49"/>
            <object_component_ref idref="oc-4f"/>
            <object_component_ref idref="oc-55"/>
            <object_component_ref idref="oc-57"/>
         </contents>
      </logical_group>
      <logical_group id="lg-81">
         <name>.debug_abbrev</name>
         <load_address>0x0</load_address>
         <run_address>0x0</run_address>
         <size>0xee0</size>
         <contents>
            <object_component_ref idref="oc-11"/>
            <object_component_ref idref="oc-17"/>
            <object_component_ref idref="oc-1e"/>
            <object_component_ref idref="oc-22"/>
            <object_component_ref idref="oc-27"/>
            <object_component_ref idref="oc-2a"/>
            <object_component_ref idref="oc-2d"/>
            <object_component_ref idref="oc-30"/>
            <object_component_ref idref="oc-33"/>
            <object_component_ref idref="oc-36"/>
            <object_component_ref idref="oc-41"/>
            <object_component_ref idref="oc-47"/>
            <object_component_ref idref="oc-4d"/>
            <object_component_ref idref="oc-53"/>
            <object_component_ref idref="oc-58"/>
            <object_component_ref idref="oc-8a"/>
         </contents>
      </logical_group>
      <logical_group id="lg-83">
         <name>.debug_frame</name>
         <load_address>0x0</load_address>
         <run_address>0x0</run_address>
         <size>0x626</size>
         <contents>
            <object_component_ref idref="oc-15"/>
            <object_component_ref idref="oc-1c"/>
         </contents>
      </logical_group>
      <logical_group id="lg-85">
         <name>$BRID</name>
         <load_address>0x0</load_address>
         <run_address>0x0</run_address>
         <size>0xf4</size>
         <contents>
            <object_component_ref idref="oc-3a"/>
            <object_component_ref idref="oc-3d"/>
         </contents>
      </logical_group>
   </logical_group_list>
   <placement_map>
      <memory_area>
         <name>VECS</name>
         <page_id>0x0</page_id>
         <origin>0x0</origin>
         <length>0x220</length>
         <used_space>0x200</used_space>
         <unused_space>0x20</unused_space>
         <attributes>RWIX</attributes>
         <usage_details>
            <allocated_space>
               <start_address>0x0</start_address>
               <size>0x200</size>
               <logical_group_ref idref="lg-2"/>
            </allocated_space>
            <available_space>
               <start_address>0x200</start_address>
               <size>0x20</size>
            </available_space>
         </usage_details>
      </memory_area>
      <memory_area>
         <name>IRAM</name>
         <page_id>0x0</page_id>
         <origin>0x220</origin>
         <length>0x2fde0</length>
         <used_space>0x3fa2</used_space>
         <unused_space>0x2be3e</unused_space>
         <attributes>RWIX</attributes>
         <usage_details>
            <allocated_space>
               <start_address>0x220</start_address>
               <size>0x0</size>
               <logical_group_ref idref="lg-4"/>
            </allocated_space>
            <allocated_space>
               <start_address>0x220</start_address>
               <size>0x2320</size>
               <logical_group_ref idref="lg-3"/>
            </allocated_space>
            <allocated_space>
               <start_address>0x2540</start_address>
               <size>0x1196</size>
               <logical_group_ref idref="lg-a"/>
            </allocated_space>
            <available_space>
               <start_address>0x36d6</start_address>
               <size>0x2</size>
            </available_space>
            <allocated_space>
               <start_address>0x36d8</start_address>
               <size>0x800</size>
               <logical_group_ref idref="lg-6"/>
            </allocated_space>
            <allocated_space>
               <start_address>0x3ed8</start_address>
               <size>0x28c</size>
               <logical_group_ref idref="lg-5"/>
            </allocated_space>
            <allocated_space>
               <start_address>0x4164</start_address>
               <size>0x60</size>
               <logical_group_ref idref="lg-8"/>
            </allocated_space>
            <available_space>
               <start_address>0x41c4</start_address>
               <size>0x2be3c</size>
            </available_space>
         </usage_details>
      </memory_area>
      <memory_area>
         <name>SDRAM</name>
         <page_id>0x0</page_id>
         <origin>0x80000000</origin>
         <length>0x1000000</length>
         <used_space>0x0</used_space>
         <unused_space>0x1000000</unused_space>
         <attributes>RWIX</attributes>
         <usage_details>
         </usage_details>
      </memory_area>
      <memory_area>
         <name>FLASH</name>
         <page_id>0x0</page_id>
         <origin>0x90000000</origin>
         <length>0x80000</length>
         <used_space>0x0</used_space>
         <unused_space>0x80000</unused_space>
         <attributes>RWIX</attributes>
         <usage_details>
         </usage_details>
      </memory_area>
   </placement_map>
   <symbol_table>
      <symbol id="sm-0">
         <name>cinit</name>
         <value>0x3ed8</value>
      </symbol>
      <symbol id="sm-1">
         <name>___cinit__</name>
         <value>0x3ed8</value>
      </symbol>
      <symbol id="sm-2">
         <name>pinit</name>
         <value>0xffffffff</value>
      </symbol>
      <symbol id="sm-3">
         <name>___pinit__</name>
         <value>0xffffffff</value>
      </symbol>
      <symbol id="sm-4">
         <name>binit</name>
         <value>0xffffffff</value>
      </symbol>
      <symbol id="sm-5">
         <name>___binit__</name>
         <value>0xffffffff</value>
      </symbol>
      <symbol id="sm-6">
         <name>__STACK_SIZE</name>
         <value>0x800</value>
      </symbol>
      <symbol id="sm-7">
         <name>__STACK_END</name>
         <value>0x3ed8</value>
      </symbol>
      <symbol id="sm-8">
         <name>___c_args__</name>
         <value>0xffffffff</value>
      </symbol>
      <symbol id="sm-9">
         <name>.text</name>
         <value>0x220</value>
      </symbol>
      <symbol id="sm-a">
         <name>___text__</name>
         <value>0x220</value>
      </symbol>
      <symbol id="sm-b">
         <name>etext</name>
         <value>0x2540</value>
      </symbol>
      <symbol id="sm-c">
         <name>___etext__</name>
         <value>0x2540</value>
      </symbol>
      <symbol id="sm-d">
         <name>.bss</name>
         <value>0x220</value>
      </symbol>
      <symbol id="sm-e">
         <name>___bss__</name>
         <value>0x220</value>
      </symbol>
      <symbol id="sm-f">
         <name>end</name>
         <value>0x220</value>
      </symbol>
      <symbol id="sm-10">
         <name>___end__</name>
         <value>0x220</value>
      </symbol>
      <symbol id="sm-11">
         <name>___TI_pprof_out_hndl</name>
         <value>0xffffffff</value>
      </symbol>
      <symbol id="sm-12">
         <name>___TI_prof_data_start</name>
         <value>0xffffffff</value>
      </symbol>
      <symbol id="sm-13">
         <name>___TI_prof_data_size</name>
         <value>0xffffffff</value>
      </symbol>
      <symbol id="sm-14">
         <name>$bss</name>
         <value>0x220</value>
      </symbol>
      <symbol id="sm-3f">
         <name>_vector10</name>
         <value>0x140</value>
         <object_component_ref idref="oc-e"/>
      </symbol>
      <symbol id="sm-40">
         <name>_vector12</name>
         <value>0x180</value>
         <object_component_ref idref="oc-e"/>
      </symbol>
      <symbol id="sm-41">
         <name>_vector13</name>
         <value>0x1a0</value>
         <object_component_ref idref="oc-e"/>
      </symbol>
      <symbol id="sm-42">
         <name>_vector14</name>
         <value>0x1c0</value>
         <object_component_ref idref="oc-e"/>
      </symbol>
      <symbol id="sm-43">
         <name>_vector15</name>
         <value>0x1e0</value>
         <object_component_ref idref="oc-e"/>
      </symbol>
      <symbol id="sm-44">
         <name>_vectors</name>
         <value>0x0</value>
         <object_component_ref idref="oc-e"/>
      </symbol>
      <symbol id="sm-45">
         <name>_vector1</name>
         <value>0x20</value>
         <object_component_ref idref="oc-e"/>
      </symbol>
      <symbol id="sm-46">
         <name>_vector3</name>
         <value>0x60</value>
         <object_component_ref idref="oc-e"/>
      </symbol>
      <symbol id="sm-47">
         <name>_vector2</name>
         <value>0x40</value>
         <object_component_ref idref="oc-e"/>
      </symbol>
      <symbol id="sm-48">
         <name>_vector5</name>
         <value>0xa0</value>
         <object_component_ref idref="oc-e"/>
      </symbol>
      <symbol id="sm-49">
         <name>_vector4</name>
         <value>0x80</value>
         <object_component_ref idref="oc-e"/>
      </symbol>
      <symbol id="sm-4a">
         <name>_vector7</name>
         <value>0xe0</value>
         <object_component_ref idref="oc-e"/>
      </symbol>
      <symbol id="sm-4b">
         <name>_vector6</name>
         <value>0xc0</value>
         <object_component_ref idref="oc-e"/>
      </symbol>
      <symbol id="sm-4c">
         <name>_vector9</name>
         <value>0x120</value>
         <object_component_ref idref="oc-e"/>
      </symbol>
      <symbol id="sm-4d">
         <name>_vector8</name>
         <value>0x100</value>
         <object_component_ref idref="oc-e"/>
      </symbol>
      <symbol id="sm-97">
         <name>_comm_poll</name>
         <value>0x30c</value>
         <object_component_ref idref="oc-5c"/>
      </symbol>
      <symbol id="sm-98">
         <name>_output_left_sample</name>
         <value>0x584</value>
         <object_component_ref idref="oc-5c"/>
      </symbol>
      <symbol id="sm-99">
         <name>_comm_intr</name>
         <value>0x340</value>
         <object_component_ref idref="oc-5c"/>
      </symbol>
      <symbol id="sm-9a">
         <name>_input_left_sample</name>
         <value>0x848</value>
         <object_component_ref idref="oc-5c"/>
      </symbol>
      <symbol id="sm-9b">
         <name>_output_sample</name>
         <value>0x46c</value>
         <object_component_ref idref="oc-5c"/>
      </symbol>
      <symbol id="sm-9c">
         <name>_c6713_dsk_init</name>
         <value>0x220</value>
         <object_component_ref idref="oc-5c"/>
      </symbol>
      <symbol id="sm-9d">
         <name>_config</name>
         <value>0x3614</value>
         <object_component_ref idref="oc-14"/>
      </symbol>
      <symbol id="sm-9e">
         <name>_input_right_sample</name>
         <value>0x910</value>
         <object_component_ref idref="oc-5c"/>
      </symbol>
      <symbol id="sm-9f">
         <name>_AIC_data</name>
         <value>0x35e8</value>
         <object_component_ref idref="oc-14"/>
      </symbol>
      <symbol id="sm-a0">
         <name>_hAIC23_handle</name>
         <value>0x363c</value>
         <object_component_ref idref="oc-14"/>
      </symbol>
      <symbol id="sm-a1">
         <name>_AIC23CfgData</name>
         <value>0x35f4</value>
         <object_component_ref idref="oc-14"/>
      </symbol>
      <symbol id="sm-a2">
         <name>_input_sample</name>
         <value>0x744</value>
         <object_component_ref idref="oc-5c"/>
      </symbol>
      <symbol id="sm-a3">
         <name>_output_right_sample</name>
         <value>0x664</value>
         <object_component_ref idref="oc-5c"/>
      </symbol>
      <symbol id="sm-be">
         <name>_main</name>
         <value>0x2180</value>
         <object_component_ref idref="oc-63"/>
      </symbol>
      <symbol id="sm-bf">
         <name>_delayed</name>
         <value>0x34ec</value>
         <object_component_ref idref="oc-1a"/>
      </symbol>
      <symbol id="sm-c0">
         <name>_inputsource</name>
         <value>0x2544</value>
         <object_component_ref idref="oc-1a"/>
      </symbol>
      <symbol id="sm-c1">
         <name>_c_int11</name>
         <value>0x13a0</value>
         <object_component_ref idref="oc-1b"/>
      </symbol>
      <symbol id="sm-c2">
         <name>_fs</name>
         <value>0x2540</value>
         <object_component_ref idref="oc-1a"/>
      </symbol>
      <symbol id="sm-c3">
         <name>_output</name>
         <value>0x34ea</value>
         <object_component_ref idref="oc-1a"/>
      </symbol>
      <symbol id="sm-c4">
         <name>_buffer</name>
         <value>0x2548</value>
         <object_component_ref idref="oc-1a"/>
      </symbol>
      <symbol id="sm-c5">
         <name>_i</name>
         <value>0x34f0</value>
         <object_component_ref idref="oc-1a"/>
      </symbol>
      <symbol id="sm-c6">
         <name>_input</name>
         <value>0x34e8</value>
         <object_component_ref idref="oc-1a"/>
      </symbol>
      <symbol id="sm-d2">
         <name>_c_int00</name>
         <value>0x22a0</value>
         <object_component_ref idref="oc-c"/>
      </symbol>
      <symbol id="sm-d3">
         <name>__stack</name>
         <value>0x36d8</value>
         <object_component_ref idref="oc-20"/>
      </symbol>
      <symbol id="sm-e3">
         <name>C$$EXIT</name>
         <value>0x2500</value>
         <object_component_ref idref="oc-64"/>
      </symbol>
      <symbol id="sm-e4">
         <name>_exit</name>
         <value>0x1de0</value>
         <object_component_ref idref="oc-5b"/>
      </symbol>
      <symbol id="sm-e5">
         <name>___TI_enable_exit_profile_output</name>
         <value>0x36c8</value>
         <object_component_ref idref="oc-25"/>
      </symbol>
      <symbol id="sm-e6">
         <name>_abort</name>
         <value>0x2500</value>
         <object_component_ref idref="oc-64"/>
      </symbol>
      <symbol id="sm-e7">
         <name>__cleanup_ptr</name>
         <value>0x36c0</value>
         <object_component_ref idref="oc-25"/>
      </symbol>
      <symbol id="sm-e8">
         <name>__dtors_ptr</name>
         <value>0x36c4</value>
         <object_component_ref idref="oc-25"/>
      </symbol>
      <symbol id="sm-f2">
         <name>__args_main</name>
         <value>0x23a0</value>
         <object_component_ref idref="oc-5a"/>
      </symbol>
      <symbol id="sm-f3">
         <name>__TI_args_main</name>
         <value>0x1</value>
      </symbol>
      <symbol id="sm-fd">
         <name>__auto_init</name>
         <value>0x1b20</value>
         <object_component_ref idref="oc-59"/>
      </symbol>
      <symbol id="sm-107">
         <name>___TI_cpp_init</name>
         <value>0x2220</value>
         <object_component_ref idref="oc-62"/>
      </symbol>
      <symbol id="sm-111">
         <name>_copy_in</name>
         <value>0x1ec0</value>
         <object_component_ref idref="oc-60"/>
      </symbol>
      <symbol id="sm-11b">
         <name>_memcpy</name>
         <value>0x1160</value>
         <object_component_ref idref="oc-61"/>
      </symbol>
      <symbol id="sm-133">
         <name>__IRQ_eventTable</name>
         <value>0x351c</value>
         <object_component_ref idref="oc-39"/>
      </symbol>
      <symbol id="sm-134">
         <name>_IRQ_nmiEnable</name>
         <value>0x2440</value>
         <object_component_ref idref="oc-6b"/>
      </symbol>
      <symbol id="sm-135">
         <name>_IRQ_reset</name>
         <value>0x2360</value>
         <object_component_ref idref="oc-69"/>
      </symbol>
      <symbol id="sm-136">
         <name>__IRQ_intTable</name>
         <value>0x35a0</value>
         <object_component_ref idref="oc-39"/>
      </symbol>
      <symbol id="sm-137">
         <name>_IRQ_globalEnable</name>
         <value>0x2420</value>
         <object_component_ref idref="oc-6a"/>
      </symbol>
      <symbol id="sm-138">
         <name>_IRQ_globalDisable</name>
         <value>0x2400</value>
         <object_component_ref idref="oc-66"/>
      </symbol>
      <symbol id="sm-139">
         <name>_IRQ_map</name>
         <value>0x15c0</value>
         <object_component_ref idref="oc-68"/>
      </symbol>
      <symbol id="sm-13a">
         <name>_IRQ_enable</name>
         <value>0x2320</value>
         <object_component_ref idref="oc-6c"/>
      </symbol>
      <symbol id="sm-13b">
         <name>__IRQ_dispatchTable</name>
         <value>0x35e0</value>
         <object_component_ref idref="oc-39"/>
      </symbol>
      <symbol id="sm-13c">
         <name>__IRQ_hookFetchPacket</name>
         <value>0x2520</value>
         <object_component_ref idref="oc-37"/>
      </symbol>
      <symbol id="sm-156">
         <name>_MCBSP_reset</name>
         <value>0x1760</value>
         <object_component_ref idref="oc-71"/>
      </symbol>
      <symbol id="sm-157">
         <name>_MCBSP_read</name>
         <value>0x2480</value>
         <object_component_ref idref="oc-70"/>
      </symbol>
      <symbol id="sm-158">
         <name>_MCBSP_getXmtEventId</name>
         <value>0x2460</value>
         <object_component_ref idref="oc-67"/>
      </symbol>
      <symbol id="sm-159">
         <name>_MCBSP_open</name>
         <value>0x1c20</value>
         <object_component_ref idref="oc-5e"/>
      </symbol>
      <symbol id="sm-15a">
         <name>__MCBSP_hDev0</name>
         <value>0x3670</value>
         <object_component_ref idref="oc-3c"/>
      </symbol>
      <symbol id="sm-15b">
         <name>__MCBSP_hDev1</name>
         <value>0x3674</value>
         <object_component_ref idref="oc-3c"/>
      </symbol>
      <symbol id="sm-15c">
         <name>_MCBSP_start</name>
         <value>0x1a20</value>
         <object_component_ref idref="oc-5f"/>
      </symbol>
      <symbol id="sm-15d">
         <name>_MCBSP_rrdy</name>
         <value>0x24a0</value>
         <object_component_ref idref="oc-6f"/>
      </symbol>
      <symbol id="sm-15e">
         <name>_MCBSP_config</name>
         <value>0x2040</value>
         <object_component_ref idref="oc-65"/>
      </symbol>
      <symbol id="sm-15f">
         <name>_MCBSP_xrdy</name>
         <value>0x24e0</value>
         <object_component_ref idref="oc-6d"/>
      </symbol>
      <symbol id="sm-160">
         <name>_MCBSP_write</name>
         <value>0x24c0</value>
         <object_component_ref idref="oc-6e"/>
      </symbol>
      <symbol id="sm-16e">
         <name>_DSK6713_init</name>
         <value>0xa2c</value>
         <object_component_ref idref="oc-3e"/>
      </symbol>
      <symbol id="sm-16f">
         <name>_DSK6713_version</name>
         <value>0x36d4</value>
         <object_component_ref idref="oc-3f"/>
      </symbol>
      <symbol id="sm-170">
         <name>_DSK6713_rget</name>
         <value>0xd48</value>
         <object_component_ref idref="oc-3e"/>
      </symbol>
      <symbol id="sm-171">
         <name>_DSK6713_wait</name>
         <value>0xd70</value>
         <object_component_ref idref="oc-3e"/>
      </symbol>
      <symbol id="sm-172">
         <name>_DSK6713_rset</name>
         <value>0xd5c</value>
         <object_component_ref idref="oc-3e"/>
      </symbol>
      <symbol id="sm-173">
         <name>_DSK6713_waitusec</name>
         <value>0xdc8</value>
         <object_component_ref idref="oc-3e"/>
      </symbol>
      <symbol id="sm-174">
         <name>_DSK6713_getVersion</name>
         <value>0xdf4</value>
         <object_component_ref idref="oc-3e"/>
      </symbol>
      <symbol id="sm-182">
         <name>_DSK6713_AIC23_codeccontrolhandle</name>
         <value>0x36cc</value>
         <object_component_ref idref="oc-45"/>
      </symbol>
      <symbol id="sm-183">
         <name>_DSK6713_AIC23_codecdatahandle</name>
         <value>0x36d0</value>
         <object_component_ref idref="oc-45"/>
      </symbol>
      <symbol id="sm-184">
         <name>_DSK6713_AIC23_openCodec</name>
         <value>0xe60</value>
         <object_component_ref idref="oc-44"/>
      </symbol>
      <symbol id="sm-192">
         <name>_DSK6713_AIC23_config</name>
         <value>0x19a0</value>
         <object_component_ref idref="oc-4a"/>
      </symbol>
      <symbol id="sm-193">
         <name>_DSK6713_AIC23_rget</name>
         <value>0x1978</value>
         <object_component_ref idref="oc-4a"/>
      </symbol>
      <symbol id="sm-194">
         <name>_DSK6713_AIC23_rset</name>
         <value>0x18e0</value>
         <object_component_ref idref="oc-4a"/>
      </symbol>
      <symbol id="sm-1a2">
         <name>_DSK6713_AIC23_setFreq</name>
         <value>0x1f80</value>
         <object_component_ref idref="oc-50"/>
      </symbol>
      <symbol id="sm-1aa">
         <name>__strasg</name>
         <value>0x1d00</value>
         <object_component_ref idref="oc-5d"/>
      </symbol>
   </symbol_table>
</link_info>
