******************************************************************************
               TMS320C6x Linker PC v7.4.14                     
******************************************************************************
>> Linked Thu May 24 14:33:48 2018

OUTPUT FILE NAME:   <echo.out>
ENTRY POINT SYMBOL: "_c_int00"  address: 000022a0


MEMORY CONFIGURATION

         name            origin    length      used     unused   attr    fill
----------------------  --------  ---------  --------  --------  ----  --------
  VECS                  00000000   00000220  00000200  00000020  RWIX
  IRAM                  00000220   0002fde0  00003fa2  0002be3e  RWIX
  SDRAM                 80000000   01000000  00000000  01000000  RWIX
  FLASH                 90000000   00080000  00000000  00080000  RWIX


SECTION ALLOCATION MAP

 output                                  attributes/
section   page    origin      length       input sections
--------  ----  ----------  ----------   ----------------
$BRID      0    00000000    000000f4     COPY SECTION
                  00000000    00000078     csl6713.lib : csl_irq.obj ($BRID)
                  00000078    0000007c                 : csl_mcbsp.obj ($BRID)

.vectors   0    00000000    00000200     
                  00000000    00000200     Vectors_11.obj (.vectors)

.bss       0    00000220    00000000     UNINITIALIZED

.text      0    00000220    00002320     
                  00000220    000007c0     c6713dskinit.obj (.text)
                  000009e0    00000480     dsk6713bsl.lib : dsk6713.obj (.text)
                  00000e60    00000300                    : dsk6713_aic23_opencodec.obj (.text)
                  00001160    00000240     rts6700.lib : memcpy62.obj (.text:_memcpy)
                  000013a0    00000220     echo.obj (.text:retain)
                  000015c0    000001a0     csl6713.lib : csl_irq.obj (.text:_IRQ_map)
                  00001760    00000180                 : csl_mcbsp.obj (.text:_MCBSP_reset)
                  000018e0    00000140     dsk6713bsl.lib : dsk6713_aic23_registers.obj (.text)
                  00001a20    00000100     csl6713.lib : csl_mcbsp.obj (.text:_MCBSP_start)
                  00001b20    00000100     rts6700.lib : autoinit.obj (.text:__auto_init)
                  00001c20    000000e0     csl6713.lib : csl_mcbsp.obj (.text:_MCBSP_open)
                  00001d00    000000e0     rts6700.lib : strasg.obj (.text:__strasg)
                  00001de0    000000e0                 : exit.obj (.text:_exit)
                  00001ec0    000000c0                 : cpy_tbl.obj (.text:_copy_in)
                  00001f80    000000c0     dsk6713bsl.lib : dsk6713_aic23_setfreq.obj (.text)
                  00002040    000000a0     csl6713.lib : csl_mcbsp.obj (.text:_MCBSP_config)
                  000020e0    000000a0                 : csl_irq.obj (.text:_setMux)
                  00002180    000000a0     echo.obj (.text)
                  00002220    00000080     rts6700.lib : cpp_init.obj (.text:___TI_cpp_init)
                  000022a0    00000080                 : boot.obj (.text:_c_int00)
                  00002320    00000040     csl6713.lib : csl_irq.obj (.text:_IRQ_enable)
                  00002360    00000040                 : csl_irq.obj (.text:_IRQ_reset)
                  000023a0    00000040     rts6700.lib : args_main.obj (.text:__args_main)
                  000023e0    00000020     Vectors_11.obj (.text)
                  00002400    00000020     csl6713.lib : csl_irq.obj (.text:_IRQ_globalDisable)
                  00002420    00000020                 : csl_irq.obj (.text:_IRQ_globalEnable)
                  00002440    00000020                 : csl_irq.obj (.text:_IRQ_nmiEnable)
                  00002460    00000020                 : csl_mcbsp.obj (.text:_MCBSP_getXmtEventId)
                  00002480    00000020                 : csl_mcbsp.obj (.text:_MCBSP_read)
                  000024a0    00000020                 : csl_mcbsp.obj (.text:_MCBSP_rrdy)
                  000024c0    00000020                 : csl_mcbsp.obj (.text:_MCBSP_write)
                  000024e0    00000020                 : csl_mcbsp.obj (.text:_MCBSP_xrdy)
                  00002500    00000020     rts6700.lib : exit.obj (.text:_abort)
                  00002520    00000020     csl6713.lib : csl_irq.obj (.text)

.far       0    00002540    00001196     UNINITIALIZED
                  00002540    00000fb4     echo.obj (.far)
                  000034f4    000000f4     csl6713.lib : csl_irq.obj (.far)
                  000035e8    00000058     c6713dskinit.obj (.far)
                  00003640    00000038     csl6713.lib : csl_mcbsp.obj (.far)
                  00003678    00000028     dsk6713bsl.lib : dsk6713_aic23_registers.obj (.far)
                  000036a0    00000020                    : dsk6713_aic23_setfreq.obj (.far)
                  000036c0    0000000c     rts6700.lib : exit.obj (.far)
                  000036cc    00000008     dsk6713bsl.lib : dsk6713_aic23_opencodec.obj (.far)
                  000036d4    00000002                    : dsk6713.obj (.far)

.stack     0    000036d8    00000800     UNINITIALIZED
                  000036d8    00000008     rts6700.lib : boot.obj (.stack)
                  000036e0    000007f8     --HOLE--

.cinit     0    00003ed8    0000028c     
                  00003ed8    0000012c     csl6713.lib : csl_irq.obj (.cinit)
                  00004004    00000004     --HOLE-- [fill = 0]
                  00004008    00000058     c6713dskinit.obj (.cinit)
                  00004060    00000054     csl6713.lib : csl_mcbsp.obj (.cinit)
                  000040b4    00000004     --HOLE-- [fill = 0]
                  000040b8    00000030     dsk6713bsl.lib : dsk6713_aic23_registers.obj (.cinit)
                  000040e8    0000002c     rts6700.lib : exit.obj (.cinit)
                  00004114    00000004     --HOLE-- [fill = 0]
                  00004118    00000028     dsk6713bsl.lib : dsk6713_aic23_setfreq.obj (.cinit)
                  00004140    0000001a     echo.obj (.cinit)
                  0000415a    00000006     --HOLE-- [fill = 0]
                  00004160    00000004     (.pad.cinit) [fill = 0]

.const     0    00004164    00000060     
                  00004164    00000040     dsk6713bsl.lib : dsk6713_aic23_opencodec.obj (.const)
                  000041a4    00000020                    : dsk6713.obj (.const)


GLOBAL SYMBOLS: SORTED ALPHABETICALLY BY Name 

address    name
--------   ----
00000220   $bss
00000220   .bss
00000220   .text
00002500   C$$EXIT
000035f4   _AIC23CfgData
000035e8   _AIC_data
000036cc   _DSK6713_AIC23_codeccontrolhandle
000036d0   _DSK6713_AIC23_codecdatahandle
000019a0   _DSK6713_AIC23_config
00000e60   _DSK6713_AIC23_openCodec
00001978   _DSK6713_AIC23_rget
000018e0   _DSK6713_AIC23_rset
00001f80   _DSK6713_AIC23_setFreq
00000df4   _DSK6713_getVersion
00000a2c   _DSK6713_init
00000d48   _DSK6713_rget
00000d5c   _DSK6713_rset
000036d4   _DSK6713_version
00000d70   _DSK6713_wait
00000dc8   _DSK6713_waitusec
00002320   _IRQ_enable
00002400   _IRQ_globalDisable
00002420   _IRQ_globalEnable
000015c0   _IRQ_map
00002440   _IRQ_nmiEnable
00002360   _IRQ_reset
00002040   _MCBSP_config
00002460   _MCBSP_getXmtEventId
00001c20   _MCBSP_open
00002480   _MCBSP_read
00001760   _MCBSP_reset
000024a0   _MCBSP_rrdy
00001a20   _MCBSP_start
000024c0   _MCBSP_write
000024e0   _MCBSP_xrdy
000035e0   __IRQ_dispatchTable
0000351c   __IRQ_eventTable
00002520   __IRQ_hookFetchPacket
000035a0   __IRQ_intTable
00003670   __MCBSP_hDev0
00003674   __MCBSP_hDev1
00003ed8   __STACK_END
00000800   __STACK_SIZE
00000001   __TI_args_main
00002220   ___TI_cpp_init
000036c8   ___TI_enable_exit_profile_output
ffffffff   ___TI_pprof_out_hndl
ffffffff   ___TI_prof_data_size
ffffffff   ___TI_prof_data_start
ffffffff   ___binit__
00000220   ___bss__
ffffffff   ___c_args__
00003ed8   ___cinit__
00000220   ___end__
00002540   ___etext__
ffffffff   ___pinit__
00000220   ___text__
000023a0   __args_main
00001b20   __auto_init
000036c0   __cleanup_ptr
000036c4   __dtors_ptr
000036d8   __stack
00001d00   __strasg
00002500   _abort
00002548   _buffer
00000220   _c6713_dsk_init
000022a0   _c_int00
000013a0   _c_int11
00000340   _comm_intr
0000030c   _comm_poll
00003614   _config
00001ec0   _copy_in
000034ec   _delayed
00001de0   _exit
00002540   _fs
0000363c   _hAIC23_handle
000034f0   _i
000034e8   _input
00000848   _input_left_sample
00000910   _input_right_sample
00000744   _input_sample
00002544   _inputsource
00002180   _main
00001160   _memcpy
000034ea   _output
00000584   _output_left_sample
00000664   _output_right_sample
0000046c   _output_sample
00000020   _vector1
00000140   _vector10
00000180   _vector12
000001a0   _vector13
000001c0   _vector14
000001e0   _vector15
00000040   _vector2
00000060   _vector3
00000080   _vector4
000000a0   _vector5
000000c0   _vector6
000000e0   _vector7
00000100   _vector8
00000120   _vector9
00000000   _vectors
ffffffff   binit
00003ed8   cinit
00000220   end
00002540   etext
ffffffff   pinit


GLOBAL SYMBOLS: SORTED BY Symbol Address 

address    name
--------   ----
00000000   _vectors
00000001   __TI_args_main
00000020   _vector1
00000040   _vector2
00000060   _vector3
00000080   _vector4
000000a0   _vector5
000000c0   _vector6
000000e0   _vector7
00000100   _vector8
00000120   _vector9
00000140   _vector10
00000180   _vector12
000001a0   _vector13
000001c0   _vector14
000001e0   _vector15
00000220   $bss
00000220   .bss
00000220   .text
00000220   ___bss__
00000220   ___end__
00000220   ___text__
00000220   _c6713_dsk_init
00000220   end
0000030c   _comm_poll
00000340   _comm_intr
0000046c   _output_sample
00000584   _output_left_sample
00000664   _output_right_sample
00000744   _input_sample
00000800   __STACK_SIZE
00000848   _input_left_sample
00000910   _input_right_sample
00000a2c   _DSK6713_init
00000d48   _DSK6713_rget
00000d5c   _DSK6713_rset
00000d70   _DSK6713_wait
00000dc8   _DSK6713_waitusec
00000df4   _DSK6713_getVersion
00000e60   _DSK6713_AIC23_openCodec
00001160   _memcpy
000013a0   _c_int11
000015c0   _IRQ_map
00001760   _MCBSP_reset
000018e0   _DSK6713_AIC23_rset
00001978   _DSK6713_AIC23_rget
000019a0   _DSK6713_AIC23_config
00001a20   _MCBSP_start
00001b20   __auto_init
00001c20   _MCBSP_open
00001d00   __strasg
00001de0   _exit
00001ec0   _copy_in
00001f80   _DSK6713_AIC23_setFreq
00002040   _MCBSP_config
00002180   _main
00002220   ___TI_cpp_init
000022a0   _c_int00
00002320   _IRQ_enable
00002360   _IRQ_reset
000023a0   __args_main
00002400   _IRQ_globalDisable
00002420   _IRQ_globalEnable
00002440   _IRQ_nmiEnable
00002460   _MCBSP_getXmtEventId
00002480   _MCBSP_read
000024a0   _MCBSP_rrdy
000024c0   _MCBSP_write
000024e0   _MCBSP_xrdy
00002500   C$$EXIT
00002500   _abort
00002520   __IRQ_hookFetchPacket
00002540   ___etext__
00002540   _fs
00002540   etext
00002544   _inputsource
00002548   _buffer
000034e8   _input
000034ea   _output
000034ec   _delayed
000034f0   _i
0000351c   __IRQ_eventTable
000035a0   __IRQ_intTable
000035e0   __IRQ_dispatchTable
000035e8   _AIC_data
000035f4   _AIC23CfgData
00003614   _config
0000363c   _hAIC23_handle
00003670   __MCBSP_hDev0
00003674   __MCBSP_hDev1
000036c0   __cleanup_ptr
000036c4   __dtors_ptr
000036c8   ___TI_enable_exit_profile_output
000036cc   _DSK6713_AIC23_codeccontrolhandle
000036d0   _DSK6713_AIC23_codecdatahandle
000036d4   _DSK6713_version
000036d8   __stack
00003ed8   __STACK_END
00003ed8   ___cinit__
00003ed8   cinit
ffffffff   ___TI_pprof_out_hndl
ffffffff   ___TI_prof_data_size
ffffffff   ___TI_prof_data_start
ffffffff   ___binit__
ffffffff   ___c_args__
ffffffff   ___pinit__
ffffffff   binit
ffffffff   pinit

[108 symbols]
