******************************************************************************
               TMS320C6x Linker PC v7.4.14                     
******************************************************************************
>> Linked Thu May 24 14:33:05 2018

OUTPUT FILE NAME:   <dip_BSL.out>
ENTRY POINT SYMBOL: "_c_int00"  address: 00000f80


MEMORY CONFIGURATION

         name            origin    length      used     unused   attr    fill
----------------------  --------  ---------  --------  --------  ----  --------
  VECS                  00000000   00000220  00000020  00000200  RWIX
  IRAM                  00000220   0002fde0  00001724  0002e6bc  RWIX
  SDRAM                 80000000   01000000  00000000  01000000  RWIX
  FLASH                 90000000   00080000  00000000  00080000  RWIX


SECTION ALLOCATION MAP

 output                                  attributes/
section   page    origin      length       input sections
--------  ----  ----------  ----------   ----------------
vectors    0    00000000    00000020     
                  00000000    00000020     vectors.obj (vectors)

.bss       0    00000220    00000000     UNINITIALIZED

.text      0    00000220    00000ec0     
                  00000220    00000480     dsk6713bsl.lib : dsk6713.obj (.text)
                  000006a0    00000240     rts6700.lib : memcpy62.obj (.text:_memcpy)
                  000008e0    000001e0     dsk6713bsl.lib : dsk6713_led.obj (.text)
                  00000ac0    00000100     rts6700.lib : autoinit.obj (.text:__auto_init)
                  00000bc0    000000e0                 : strasg.obj (.text:__strasg)
                  00000ca0    000000e0                 : exit.obj (.text:_exit)
                  00000d80    000000c0                 : cpy_tbl.obj (.text:_copy_in)
                  00000e40    000000c0     main.obj (.text)
                  00000f00    00000080     rts6700.lib : cpp_init.obj (.text:___TI_cpp_init)
                  00000f80    00000080                 : boot.obj (.text:_c_int00)
                  00001000    00000080     dsk6713bsl.lib : dsk6713_dip.obj (.text)
                  00001080    00000040     rts6700.lib : args_main.obj (.text:__args_main)
                  000010c0    00000020                 : exit.obj (.text:_abort)

.stack     0    000010e0    00000800     UNINITIALIZED
                  000010e0    00000008     rts6700.lib : boot.obj (.stack)
                  000010e8    000007f8     --HOLE--

.cinit     0    000018e0    00000034     
                  000018e0    0000002c     rts6700.lib : exit.obj (.cinit)
                  0000190c    00000004     --HOLE-- [fill = 0]
                  00001910    00000004     (.pad.cinit) [fill = 0]

.const     0    00001914    00000020     
                  00001914    00000020     dsk6713bsl.lib : dsk6713.obj (.const)

.far       0    00001934    00000010     UNINITIALIZED
                  00001934    0000000c     rts6700.lib : exit.obj (.far)
                  00001940    00000002     dsk6713bsl.lib : dsk6713.obj (.far)
                  00001942    00000002                    : dsk6713_led.obj (.far)


GLOBAL SYMBOLS: SORTED ALPHABETICALLY BY Name 

address    name
--------   ----
00000220   $bss
00000220   .bss
00000220   .text
000010c0   C$$EXIT
00001008   _DSK6713_DIP_get
00001000   _DSK6713_DIP_init
000008e0   _DSK6713_LED_init
00000920   _DSK6713_LED_off
00000990   _DSK6713_LED_on
00000a00   _DSK6713_LED_toggle
00000634   _DSK6713_getVersion
0000026c   _DSK6713_init
00000588   _DSK6713_rget
0000059c   _DSK6713_rset
00001940   _DSK6713_version
000005b0   _DSK6713_wait
00000608   _DSK6713_waitusec
000018e0   __STACK_END
00000800   __STACK_SIZE
00000001   __TI_args_main
00000f00   ___TI_cpp_init
0000193c   ___TI_enable_exit_profile_output
ffffffff   ___TI_pprof_out_hndl
ffffffff   ___TI_prof_data_size
ffffffff   ___TI_prof_data_start
ffffffff   ___binit__
00000220   ___bss__
ffffffff   ___c_args__
000018e0   ___cinit__
00000220   ___end__
000010e0   ___etext__
ffffffff   ___pinit__
00000220   ___text__
00001080   __args_main
00000ac0   __auto_init
00001934   __cleanup_ptr
00001938   __dtors_ptr
000010e0   __stack
00000bc0   __strasg
000010c0   _abort
00000f80   _c_int00
00000d80   _copy_in
00000ca0   _exit
00000e40   _main
000006a0   _memcpy
ffffffff   binit
000018e0   cinit
00000220   end
000010e0   etext
ffffffff   pinit


GLOBAL SYMBOLS: SORTED BY Symbol Address 

address    name
--------   ----
00000001   __TI_args_main
00000220   $bss
00000220   .bss
00000220   .text
00000220   ___bss__
00000220   ___end__
00000220   ___text__
00000220   end
0000026c   _DSK6713_init
00000588   _DSK6713_rget
0000059c   _DSK6713_rset
000005b0   _DSK6713_wait
00000608   _DSK6713_waitusec
00000634   _DSK6713_getVersion
000006a0   _memcpy
00000800   __STACK_SIZE
000008e0   _DSK6713_LED_init
00000920   _DSK6713_LED_off
00000990   _DSK6713_LED_on
00000a00   _DSK6713_LED_toggle
00000ac0   __auto_init
00000bc0   __strasg
00000ca0   _exit
00000d80   _copy_in
00000e40   _main
00000f00   ___TI_cpp_init
00000f80   _c_int00
00001000   _DSK6713_DIP_init
00001008   _DSK6713_DIP_get
00001080   __args_main
000010c0   C$$EXIT
000010c0   _abort
000010e0   ___etext__
000010e0   __stack
000010e0   etext
000018e0   __STACK_END
000018e0   ___cinit__
000018e0   cinit
00001934   __cleanup_ptr
00001938   __dtors_ptr
0000193c   ___TI_enable_exit_profile_output
00001940   _DSK6713_version
ffffffff   ___TI_pprof_out_hndl
ffffffff   ___TI_prof_data_size
ffffffff   ___TI_prof_data_start
ffffffff   ___binit__
ffffffff   ___c_args__
ffffffff   ___pinit__
ffffffff   binit
ffffffff   pinit

[50 symbols]
