******************************************************************************
               TMS320C6x Linker PC v7.4.14                     
******************************************************************************
>> Linked Thu May 24 14:35:49 2018

OUTPUT FILE NAME:   <Scrambler.out>
ENTRY POINT SYMBOL: "_c_int00"  address: 00002400


MEMORY CONFIGURATION

         name            origin    length      used     unused   attr    fill
----------------------  --------  ---------  --------  --------  ----  --------
  VECS                  00000000   00000220  00000200  00000020  RWIX
  IRAM                  00000220   0002fde0  000037a2  0002c63e  RWIX
  SDRAM                 80000000   01000000  00000000  01000000  RWIX
  FLASH                 90000000   00080000  00000000  00080000  RWIX


SECTION ALLOCATION MAP

 output                                  attributes/
section   page    origin      length       input sections
--------  ----  ----------  ----------   ----------------
$BRID      0    00000000    000000f4     COPY SECTION
                  00000000    00000078     csl6713.lib : csl_irq.obj ($BRID)
                  00000078    0000007c                 : csl_mcbsp.obj ($BRID)

.vectors   0    00000000    00000200     
                  00000000    00000200     Vectors_11.obj (.vectors)

.bss       0    00000220    00000000     UNINITIALIZED

.text      0    00000220    00002480     
                  00000220    000007c0     c6713dskinit.obj (.text)
                  000009e0    00000480     dsk6713bsl.lib : dsk6713.obj (.text)
                  00000e60    00000300                    : dsk6713_aic23_opencodec.obj (.text)
                  00001160    000002a0     Scrambler.obj (.text)
                  00001400    00000240     rts6700.lib : memcpy62.obj (.text:_memcpy)
                  00001640    000001a0     csl6713.lib : csl_irq.obj (.text:_IRQ_map)
                  000017e0    00000180                 : csl_mcbsp.obj (.text:_MCBSP_reset)
                  00001960    00000180     Scrambler.obj (.text:retain)
                  00001ae0    00000140     dsk6713bsl.lib : dsk6713_aic23_registers.obj (.text)
                  00001c20    00000100     csl6713.lib : csl_mcbsp.obj (.text:_MCBSP_start)
                  00001d20    00000100     rts6700.lib : autoinit.obj (.text:__auto_init)
                  00001e20    000000e0     csl6713.lib : csl_mcbsp.obj (.text:_MCBSP_open)
                  00001f00    000000e0     rts6700.lib : strasg.obj (.text:__strasg)
                  00001fe0    000000e0                 : exit.obj (.text:_exit)
                  000020c0    000000c0                 : cpy_tbl.obj (.text:_copy_in)
                  00002180    000000c0     dsk6713bsl.lib : dsk6713_aic23_setfreq.obj (.text)
                  00002240    000000a0     csl6713.lib : csl_mcbsp.obj (.text:_MCBSP_config)
                  000022e0    000000a0                 : csl_irq.obj (.text:_setMux)
                  00002380    00000080     rts6700.lib : cpp_init.obj (.text:___TI_cpp_init)
                  00002400    00000080                 : boot.obj (.text:_c_int00)
                  00002480    00000040     csl6713.lib : csl_irq.obj (.text:_IRQ_enable)
                  000024c0    00000040                 : csl_irq.obj (.text:_IRQ_reset)
                  00002500    00000040     rts6700.lib : args_main.obj (.text:__args_main)
                  00002540    00000020     Vectors_11.obj (.text)
                  00002560    00000020     csl6713.lib : csl_irq.obj (.text:_IRQ_globalDisable)
                  00002580    00000020                 : csl_irq.obj (.text:_IRQ_globalEnable)
                  000025a0    00000020                 : csl_irq.obj (.text:_IRQ_nmiEnable)
                  000025c0    00000020                 : csl_mcbsp.obj (.text:_MCBSP_getXmtEventId)
                  000025e0    00000020                 : csl_mcbsp.obj (.text:_MCBSP_read)
                  00002600    00000020                 : csl_mcbsp.obj (.text:_MCBSP_rrdy)
                  00002620    00000020                 : csl_mcbsp.obj (.text:_MCBSP_write)
                  00002640    00000020                 : csl_mcbsp.obj (.text:_MCBSP_xrdy)
                  00002660    00000020     rts6700.lib : exit.obj (.text:_abort)
                  00002680    00000020     csl6713.lib : csl_irq.obj (.text)

.stack     0    000026a0    00000800     UNINITIALIZED
                  000026a0    00000008     rts6700.lib : boot.obj (.stack)
                  000026a8    000007f8     --HOLE--

.far       0    00002ea0    000005de     UNINITIALIZED
                  00002ea0    000003fc     Scrambler.obj (.far)
                  0000329c    000000f4     csl6713.lib : csl_irq.obj (.far)
                  00003390    00000058     c6713dskinit.obj (.far)
                  000033e8    00000038     csl6713.lib : csl_mcbsp.obj (.far)
                  00003420    00000028     dsk6713bsl.lib : dsk6713_aic23_registers.obj (.far)
                  00003448    00000020                    : dsk6713_aic23_setfreq.obj (.far)
                  00003468    0000000c     rts6700.lib : exit.obj (.far)
                  00003474    00000008     dsk6713bsl.lib : dsk6713_aic23_opencodec.obj (.far)
                  0000347c    00000002                    : dsk6713.obj (.far)

.cinit     0    00003480    000004e4     
                  00003480    00000272     Scrambler.obj (.cinit)
                  000036f2    00000006     --HOLE-- [fill = 0]
                  000036f8    0000012c     csl6713.lib : csl_irq.obj (.cinit)
                  00003824    00000004     --HOLE-- [fill = 0]
                  00003828    00000058     c6713dskinit.obj (.cinit)
                  00003880    00000054     csl6713.lib : csl_mcbsp.obj (.cinit)
                  000038d4    00000004     --HOLE-- [fill = 0]
                  000038d8    00000030     dsk6713bsl.lib : dsk6713_aic23_registers.obj (.cinit)
                  00003908    0000002c     rts6700.lib : exit.obj (.cinit)
                  00003934    00000004     --HOLE-- [fill = 0]
                  00003938    00000028     dsk6713bsl.lib : dsk6713_aic23_setfreq.obj (.cinit)
                  00003960    00000004     --HOLE-- [fill = 0]

.const     0    00003964    00000060     
                  00003964    00000040     dsk6713bsl.lib : dsk6713_aic23_opencodec.obj (.const)
                  000039a4    00000020                    : dsk6713.obj (.const)


GLOBAL SYMBOLS: SORTED ALPHABETICALLY BY Name 

address    name
--------   ----
00000220   $bss
00000220   .bss
00000220   .text
00002660   C$$EXIT
0000339c   _AIC23CfgData
00003390   _AIC_data
00003474   _DSK6713_AIC23_codeccontrolhandle
00003478   _DSK6713_AIC23_codecdatahandle
00001ba0   _DSK6713_AIC23_config
00000e60   _DSK6713_AIC23_openCodec
00001b78   _DSK6713_AIC23_rget
00001ae0   _DSK6713_AIC23_rset
00002180   _DSK6713_AIC23_setFreq
00000df4   _DSK6713_getVersion
00000a2c   _DSK6713_init
00000d48   _DSK6713_rget
00000d5c   _DSK6713_rset
0000347c   _DSK6713_version
00000d70   _DSK6713_wait
00000dc8   _DSK6713_waitusec
00002480   _IRQ_enable
00002560   _IRQ_globalDisable
00002580   _IRQ_globalEnable
00001640   _IRQ_map
000025a0   _IRQ_nmiEnable
000024c0   _IRQ_reset
00002240   _MCBSP_config
000025c0   _MCBSP_getXmtEventId
00001e20   _MCBSP_open
000025e0   _MCBSP_read
000017e0   _MCBSP_reset
00002600   _MCBSP_rrdy
00001c20   _MCBSP_start
00002620   _MCBSP_write
00002640   _MCBSP_xrdy
00003388   __IRQ_dispatchTable
000032c4   __IRQ_eventTable
00002680   __IRQ_hookFetchPacket
00003348   __IRQ_intTable
00003418   __MCBSP_hDev0
0000341c   __MCBSP_hDev1
00002ea0   __STACK_END
00000800   __STACK_SIZE
00000001   __TI_args_main
00002380   ___TI_cpp_init
00003470   ___TI_enable_exit_profile_output
ffffffff   ___TI_pprof_out_hndl
ffffffff   ___TI_prof_data_size
ffffffff   ___TI_prof_data_start
ffffffff   ___binit__
00000220   ___bss__
ffffffff   ___c_args__
00003480   ___cinit__
00000220   ___end__
000026a0   ___etext__
ffffffff   ___pinit__
00000220   ___text__
00002500   __args_main
00001d20   __auto_init
00003468   __cleanup_ptr
0000346c   __dtors_ptr
000026a0   __stack
00001f00   __strasg
00002660   _abort
00000220   _c6713_dsk_init
00002400   _c_int00
00001960   _c_int11
00000340   _comm_intr
0000030c   _comm_poll
000033bc   _config
000020c0   _copy_in
00001fe0   _exit
00001268   _filter
000011f4   _filtmodfilt
00003298   _flag
00002ea0   _fs
00002fe8   _h
000033e4   _hAIC23_handle
00003294   _input
00000848   _input_left_sample
00000910   _input_right_sample
00000744   _input_sample
00002ea4   _inputsource
00001160   _main
00001400   _memcpy
00003296   _output
00000584   _output_left_sample
00000664   _output_right_sample
0000046c   _output_sample
00002ea8   _sine160
0000137c   _sinemod
00000020   _vector1
00000140   _vector10
00000180   _vector12
000001a0   _vector13
000001c0   _vector14
000001e0   _vector15
00000040   _vector2
00000060   _vector3
00000080   _vector4
000000a0   _vector5
000000c0   _vector6
000000e0   _vector7
00000100   _vector8
00000120   _vector9
00000000   _vectors
ffffffff   binit
00003480   cinit
00000220   end
000026a0   etext
ffffffff   pinit


GLOBAL SYMBOLS: SORTED BY Symbol Address 

address    name
--------   ----
00000000   _vectors
00000001   __TI_args_main
00000020   _vector1
00000040   _vector2
00000060   _vector3
00000080   _vector4
000000a0   _vector5
000000c0   _vector6
000000e0   _vector7
00000100   _vector8
00000120   _vector9
00000140   _vector10
00000180   _vector12
000001a0   _vector13
000001c0   _vector14
000001e0   _vector15
00000220   $bss
00000220   .bss
00000220   .text
00000220   ___bss__
00000220   ___end__
00000220   ___text__
00000220   _c6713_dsk_init
00000220   end
0000030c   _comm_poll
00000340   _comm_intr
0000046c   _output_sample
00000584   _output_left_sample
00000664   _output_right_sample
00000744   _input_sample
00000800   __STACK_SIZE
00000848   _input_left_sample
00000910   _input_right_sample
00000a2c   _DSK6713_init
00000d48   _DSK6713_rget
00000d5c   _DSK6713_rset
00000d70   _DSK6713_wait
00000dc8   _DSK6713_waitusec
00000df4   _DSK6713_getVersion
00000e60   _DSK6713_AIC23_openCodec
00001160   _main
000011f4   _filtmodfilt
00001268   _filter
0000137c   _sinemod
00001400   _memcpy
00001640   _IRQ_map
000017e0   _MCBSP_reset
00001960   _c_int11
00001ae0   _DSK6713_AIC23_rset
00001b78   _DSK6713_AIC23_rget
00001ba0   _DSK6713_AIC23_config
00001c20   _MCBSP_start
00001d20   __auto_init
00001e20   _MCBSP_open
00001f00   __strasg
00001fe0   _exit
000020c0   _copy_in
00002180   _DSK6713_AIC23_setFreq
00002240   _MCBSP_config
00002380   ___TI_cpp_init
00002400   _c_int00
00002480   _IRQ_enable
000024c0   _IRQ_reset
00002500   __args_main
00002560   _IRQ_globalDisable
00002580   _IRQ_globalEnable
000025a0   _IRQ_nmiEnable
000025c0   _MCBSP_getXmtEventId
000025e0   _MCBSP_read
00002600   _MCBSP_rrdy
00002620   _MCBSP_write
00002640   _MCBSP_xrdy
00002660   C$$EXIT
00002660   _abort
00002680   __IRQ_hookFetchPacket
000026a0   ___etext__
000026a0   __stack
000026a0   etext
00002ea0   __STACK_END
00002ea0   _fs
00002ea4   _inputsource
00002ea8   _sine160
00002fe8   _h
00003294   _input
00003296   _output
00003298   _flag
000032c4   __IRQ_eventTable
00003348   __IRQ_intTable
00003388   __IRQ_dispatchTable
00003390   _AIC_data
0000339c   _AIC23CfgData
000033bc   _config
000033e4   _hAIC23_handle
00003418   __MCBSP_hDev0
0000341c   __MCBSP_hDev1
00003468   __cleanup_ptr
0000346c   __dtors_ptr
00003470   ___TI_enable_exit_profile_output
00003474   _DSK6713_AIC23_codeccontrolhandle
00003478   _DSK6713_AIC23_codecdatahandle
0000347c   _DSK6713_version
00003480   ___cinit__
00003480   cinit
ffffffff   ___TI_pprof_out_hndl
ffffffff   ___TI_prof_data_size
ffffffff   ___TI_prof_data_start
ffffffff   ___binit__
ffffffff   ___c_args__
ffffffff   ___pinit__
ffffffff   binit
ffffffff   pinit

[111 symbols]
