<?xml version="1.0"?>
<link_info>
   <banner>TMS320C6x Linker PC v7.4.14</banner>
   <copyright>Copyright (c) 1996-2015 Texas Instruments Incorporated</copyright>
   <link_time>0x5b065d45</link_time>
   <output_file>Scrambler.out</output_file>
   <entry_point>
      <name>_c_int00</name>
      <address>0x2400</address>
   </entry_point>
   <input_file_list>
      <input_file id="fl-2">
         <path>.\</path>
         <kind>object</kind>
         <file>Scrambler.obj</file>
         <name>Scrambler.obj</name>
      </input_file>
      <input_file id="fl-3">
         <path>.\</path>
         <kind>object</kind>
         <file>Vectors_11.obj</file>
         <name>Vectors_11.obj</name>
      </input_file>
      <input_file id="fl-4">
         <path>.\</path>
         <kind>object</kind>
         <file>c6713dskinit.obj</file>
         <name>c6713dskinit.obj</name>
      </input_file>
      <input_file id="fl-81">
         <path>C:\ti\ccsv6\tools\compiler\c6000_7.4.14\lib\</path>
         <kind>archive</kind>
         <file>rts6700.lib</file>
         <name>boot.obj</name>
      </input_file>
      <input_file id="fl-82">
         <path>C:\ti\ccsv6\tools\compiler\c6000_7.4.14\lib\</path>
         <kind>archive</kind>
         <file>rts6700.lib</file>
         <name>exit.obj</name>
      </input_file>
      <input_file id="fl-83">
         <path>C:\ti\ccsv6\tools\compiler\c6000_7.4.14\lib\</path>
         <kind>archive</kind>
         <file>rts6700.lib</file>
         <name>args_main.obj</name>
      </input_file>
      <input_file id="fl-84">
         <path>C:\ti\ccsv6\tools\compiler\c6000_7.4.14\lib\</path>
         <kind>archive</kind>
         <file>rts6700.lib</file>
         <name>autoinit.obj</name>
      </input_file>
      <input_file id="fl-85">
         <path>C:\ti\ccsv6\tools\compiler\c6000_7.4.14\lib\</path>
         <kind>archive</kind>
         <file>rts6700.lib</file>
         <name>cpp_init.obj</name>
      </input_file>
      <input_file id="fl-86">
         <path>C:\ti\ccsv6\tools\compiler\c6000_7.4.14\lib\</path>
         <kind>archive</kind>
         <file>rts6700.lib</file>
         <name>cpy_tbl.obj</name>
      </input_file>
      <input_file id="fl-87">
         <path>C:\ti\ccsv6\tools\compiler\c6000_7.4.14\lib\</path>
         <kind>archive</kind>
         <file>rts6700.lib</file>
         <name>memcpy62.obj</name>
      </input_file>
      <input_file id="fl-88">
         <path>C:\ti\C6713DSK_CCS6\dsk6713libs\CSL\lib\</path>
         <kind>archive</kind>
         <file>csl6713.lib</file>
         <name>csl_irq.obj</name>
      </input_file>
      <input_file id="fl-89">
         <path>C:\ti\C6713DSK_CCS6\dsk6713libs\CSL\lib\</path>
         <kind>archive</kind>
         <file>csl6713.lib</file>
         <name>csl_mcbsp.obj</name>
      </input_file>
      <input_file id="fl-8a">
         <path>C:\ti\C6713DSK_CCS6\dsk6713libs\BSL\lib\</path>
         <kind>archive</kind>
         <file>dsk6713bsl.lib</file>
         <name>dsk6713.obj</name>
      </input_file>
      <input_file id="fl-8b">
         <path>C:\ti\C6713DSK_CCS6\dsk6713libs\BSL\lib\</path>
         <kind>archive</kind>
         <file>dsk6713bsl.lib</file>
         <name>dsk6713_aic23_opencodec.obj</name>
      </input_file>
      <input_file id="fl-8c">
         <path>C:\ti\C6713DSK_CCS6\dsk6713libs\BSL\lib\</path>
         <kind>archive</kind>
         <file>dsk6713bsl.lib</file>
         <name>dsk6713_aic23_registers.obj</name>
      </input_file>
      <input_file id="fl-8d">
         <path>C:\ti\C6713DSK_CCS6\dsk6713libs\BSL\lib\</path>
         <kind>archive</kind>
         <file>dsk6713bsl.lib</file>
         <name>dsk6713_aic23_setfreq.obj</name>
      </input_file>
      <input_file id="fl-8e">
         <path>C:\ti\ccsv6\tools\compiler\c6000_7.4.14\lib\</path>
         <kind>archive</kind>
         <file>rts6700.lib</file>
         <name>strasg.obj</name>
      </input_file>
   </input_file_list>
   <object_component_list>
      <object_component id="oc-15">
         <name>.vectors</name>
         <load_address>0x0</load_address>
         <run_address>0x0</run_address>
         <size>0x200</size>
         <input_file_ref idref="fl-3"/>
      </object_component>
      <object_component id="oc-5c">
         <name>.text</name>
         <load_address>0x220</load_address>
         <run_address>0x220</run_address>
         <size>0x7c0</size>
         <input_file_ref idref="fl-4"/>
      </object_component>
      <object_component id="oc-3e">
         <name>.text</name>
         <load_address>0x9e0</load_address>
         <run_address>0x9e0</run_address>
         <size>0x480</size>
         <input_file_ref idref="fl-8a"/>
      </object_component>
      <object_component id="oc-44">
         <name>.text</name>
         <load_address>0xe60</load_address>
         <run_address>0xe60</run_address>
         <size>0x300</size>
         <input_file_ref idref="fl-8b"/>
      </object_component>
      <object_component id="oc-5d">
         <name>.text</name>
         <load_address>0x1160</load_address>
         <run_address>0x1160</run_address>
         <size>0x2a0</size>
         <input_file_ref idref="fl-2"/>
      </object_component>
      <object_component id="oc-62">
         <name>.text:_memcpy</name>
         <load_address>0x1400</load_address>
         <run_address>0x1400</run_address>
         <size>0x240</size>
         <input_file_ref idref="fl-87"/>
      </object_component>
      <object_component id="oc-68">
         <name>.text:_IRQ_map</name>
         <load_address>0x1640</load_address>
         <run_address>0x1640</run_address>
         <size>0x1a0</size>
         <input_file_ref idref="fl-88"/>
      </object_component>
      <object_component id="oc-71">
         <name>.text:_MCBSP_reset</name>
         <load_address>0x17e0</load_address>
         <run_address>0x17e0</run_address>
         <size>0x180</size>
         <input_file_ref idref="fl-89"/>
      </object_component>
      <object_component id="oc-10">
         <name>.text:retain</name>
         <load_address>0x1960</load_address>
         <run_address>0x1960</run_address>
         <size>0x180</size>
         <input_file_ref idref="fl-2"/>
      </object_component>
      <object_component id="oc-4a">
         <name>.text</name>
         <load_address>0x1ae0</load_address>
         <run_address>0x1ae0</run_address>
         <size>0x140</size>
         <input_file_ref idref="fl-8c"/>
      </object_component>
      <object_component id="oc-60">
         <name>.text:_MCBSP_start</name>
         <load_address>0x1c20</load_address>
         <run_address>0x1c20</run_address>
         <size>0x100</size>
         <input_file_ref idref="fl-89"/>
      </object_component>
      <object_component id="oc-59">
         <name>.text:__auto_init</name>
         <load_address>0x1d20</load_address>
         <run_address>0x1d20</run_address>
         <size>0x100</size>
         <input_file_ref idref="fl-84"/>
      </object_component>
      <object_component id="oc-5f">
         <name>.text:_MCBSP_open</name>
         <load_address>0x1e20</load_address>
         <run_address>0x1e20</run_address>
         <size>0xe0</size>
         <input_file_ref idref="fl-89"/>
      </object_component>
      <object_component id="oc-5e">
         <name>.text:__strasg</name>
         <load_address>0x1f00</load_address>
         <run_address>0x1f00</run_address>
         <size>0xe0</size>
         <input_file_ref idref="fl-8e"/>
      </object_component>
      <object_component id="oc-5b">
         <name>.text:_exit</name>
         <load_address>0x1fe0</load_address>
         <run_address>0x1fe0</run_address>
         <size>0xe0</size>
         <input_file_ref idref="fl-82"/>
      </object_component>
      <object_component id="oc-61">
         <name>.text:_copy_in</name>
         <load_address>0x20c0</load_address>
         <run_address>0x20c0</run_address>
         <size>0xc0</size>
         <input_file_ref idref="fl-86"/>
      </object_component>
      <object_component id="oc-50">
         <name>.text</name>
         <load_address>0x2180</load_address>
         <run_address>0x2180</run_address>
         <size>0xc0</size>
         <input_file_ref idref="fl-8d"/>
      </object_component>
      <object_component id="oc-65">
         <name>.text:_MCBSP_config</name>
         <load_address>0x2240</load_address>
         <run_address>0x2240</run_address>
         <size>0xa0</size>
         <input_file_ref idref="fl-89"/>
      </object_component>
      <object_component id="oc-72">
         <name>.text:_setMux</name>
         <load_address>0x22e0</load_address>
         <run_address>0x22e0</run_address>
         <size>0xa0</size>
         <input_file_ref idref="fl-88"/>
      </object_component>
      <object_component id="oc-63">
         <name>.text:___TI_cpp_init</name>
         <load_address>0x2380</load_address>
         <run_address>0x2380</run_address>
         <size>0x80</size>
         <input_file_ref idref="fl-85"/>
      </object_component>
      <object_component id="oc-c">
         <name>.text:_c_int00</name>
         <load_address>0x2400</load_address>
         <run_address>0x2400</run_address>
         <size>0x80</size>
         <input_file_ref idref="fl-81"/>
      </object_component>
      <object_component id="oc-6c">
         <name>.text:_IRQ_enable</name>
         <load_address>0x2480</load_address>
         <run_address>0x2480</run_address>
         <size>0x40</size>
         <input_file_ref idref="fl-88"/>
      </object_component>
      <object_component id="oc-69">
         <name>.text:_IRQ_reset</name>
         <load_address>0x24c0</load_address>
         <run_address>0x24c0</run_address>
         <size>0x40</size>
         <input_file_ref idref="fl-88"/>
      </object_component>
      <object_component id="oc-5a">
         <name>.text:__args_main</name>
         <load_address>0x2500</load_address>
         <run_address>0x2500</run_address>
         <size>0x40</size>
         <input_file_ref idref="fl-83"/>
      </object_component>
      <object_component id="oc-14">
         <name>.text</name>
         <load_address>0x2540</load_address>
         <run_address>0x2540</run_address>
         <size>0x20</size>
         <input_file_ref idref="fl-3"/>
      </object_component>
      <object_component id="oc-66">
         <name>.text:_IRQ_globalDisable</name>
         <load_address>0x2560</load_address>
         <run_address>0x2560</run_address>
         <size>0x20</size>
         <input_file_ref idref="fl-88"/>
      </object_component>
      <object_component id="oc-6a">
         <name>.text:_IRQ_globalEnable</name>
         <load_address>0x2580</load_address>
         <run_address>0x2580</run_address>
         <size>0x20</size>
         <input_file_ref idref="fl-88"/>
      </object_component>
      <object_component id="oc-6b">
         <name>.text:_IRQ_nmiEnable</name>
         <load_address>0x25a0</load_address>
         <run_address>0x25a0</run_address>
         <size>0x20</size>
         <input_file_ref idref="fl-88"/>
      </object_component>
      <object_component id="oc-67">
         <name>.text:_MCBSP_getXmtEventId</name>
         <load_address>0x25c0</load_address>
         <run_address>0x25c0</run_address>
         <size>0x20</size>
         <input_file_ref idref="fl-89"/>
      </object_component>
      <object_component id="oc-70">
         <name>.text:_MCBSP_read</name>
         <load_address>0x25e0</load_address>
         <run_address>0x25e0</run_address>
         <size>0x20</size>
         <input_file_ref idref="fl-89"/>
      </object_component>
      <object_component id="oc-6f">
         <name>.text:_MCBSP_rrdy</name>
         <load_address>0x2600</load_address>
         <run_address>0x2600</run_address>
         <size>0x20</size>
         <input_file_ref idref="fl-89"/>
      </object_component>
      <object_component id="oc-6e">
         <name>.text:_MCBSP_write</name>
         <load_address>0x2620</load_address>
         <run_address>0x2620</run_address>
         <size>0x20</size>
         <input_file_ref idref="fl-89"/>
      </object_component>
      <object_component id="oc-6d">
         <name>.text:_MCBSP_xrdy</name>
         <load_address>0x2640</load_address>
         <run_address>0x2640</run_address>
         <size>0x20</size>
         <input_file_ref idref="fl-89"/>
      </object_component>
      <object_component id="oc-64">
         <name>.text:_abort</name>
         <load_address>0x2660</load_address>
         <run_address>0x2660</run_address>
         <size>0x20</size>
         <input_file_ref idref="fl-82"/>
      </object_component>
      <object_component id="oc-37">
         <name>.text</name>
         <load_address>0x2680</load_address>
         <run_address>0x2680</run_address>
         <size>0x20</size>
         <input_file_ref idref="fl-88"/>
      </object_component>
      <object_component id="oc-e">
         <name>.cinit</name>
         <load_address>0x3480</load_address>
         <run_address>0x3480</run_address>
         <size>0x272</size>
         <input_file_ref idref="fl-2"/>
      </object_component>
      <object_component id="oc-38">
         <name>.cinit</name>
         <load_address>0x36f8</load_address>
         <run_address>0x36f8</run_address>
         <size>0x12c</size>
         <input_file_ref idref="fl-88"/>
      </object_component>
      <object_component id="oc-1a">
         <name>.cinit</name>
         <load_address>0x3828</load_address>
         <run_address>0x3828</run_address>
         <size>0x58</size>
         <input_file_ref idref="fl-4"/>
      </object_component>
      <object_component id="oc-3b">
         <name>.cinit</name>
         <load_address>0x3880</load_address>
         <run_address>0x3880</run_address>
         <size>0x54</size>
         <input_file_ref idref="fl-89"/>
      </object_component>
      <object_component id="oc-4b">
         <name>.cinit</name>
         <load_address>0x38d8</load_address>
         <run_address>0x38d8</run_address>
         <size>0x30</size>
         <input_file_ref idref="fl-8c"/>
      </object_component>
      <object_component id="oc-24">
         <name>.cinit</name>
         <load_address>0x3908</load_address>
         <run_address>0x3908</run_address>
         <size>0x2c</size>
         <input_file_ref idref="fl-82"/>
      </object_component>
      <object_component id="oc-51">
         <name>.cinit</name>
         <load_address>0x3938</load_address>
         <run_address>0x3938</run_address>
         <size>0x28</size>
         <input_file_ref idref="fl-8d"/>
      </object_component>
      <object_component id="oc-20">
         <name>.stack</name>
         <uninitialized>true</uninitialized>
         <run_address>0x26a0</run_address>
         <size>0x8</size>
         <input_file_ref idref="fl-81"/>
      </object_component>
      <object_component id="oc-88">
         <name>.stack</name>
         <uninitialized>true</uninitialized>
         <run_address>0x26a0</run_address>
         <size>0x0</size>
      </object_component>
      <object_component id="oc-46">
         <name>.const</name>
         <load_address>0x3964</load_address>
         <run_address>0x3964</run_address>
         <size>0x40</size>
         <input_file_ref idref="fl-8b"/>
      </object_component>
      <object_component id="oc-40">
         <name>.const</name>
         <load_address>0x39a4</load_address>
         <run_address>0x39a4</run_address>
         <size>0x20</size>
         <input_file_ref idref="fl-8a"/>
      </object_component>
      <object_component id="oc-f">
         <name>.far</name>
         <uninitialized>true</uninitialized>
         <run_address>0x2ea0</run_address>
         <size>0x3fc</size>
         <input_file_ref idref="fl-2"/>
      </object_component>
      <object_component id="oc-1b">
         <name>.far</name>
         <uninitialized>true</uninitialized>
         <run_address>0x3390</run_address>
         <size>0x58</size>
         <input_file_ref idref="fl-4"/>
      </object_component>
      <object_component id="oc-25">
         <name>.far</name>
         <uninitialized>true</uninitialized>
         <run_address>0x3468</run_address>
         <size>0xc</size>
         <input_file_ref idref="fl-82"/>
      </object_component>
      <object_component id="oc-39">
         <name>.far</name>
         <uninitialized>true</uninitialized>
         <run_address>0x329c</run_address>
         <size>0xf4</size>
         <input_file_ref idref="fl-88"/>
      </object_component>
      <object_component id="oc-3c">
         <name>.far</name>
         <uninitialized>true</uninitialized>
         <run_address>0x33e8</run_address>
         <size>0x38</size>
         <input_file_ref idref="fl-89"/>
      </object_component>
      <object_component id="oc-3f">
         <name>.far</name>
         <uninitialized>true</uninitialized>
         <run_address>0x347c</run_address>
         <size>0x2</size>
         <input_file_ref idref="fl-8a"/>
      </object_component>
      <object_component id="oc-45">
         <name>.far</name>
         <uninitialized>true</uninitialized>
         <run_address>0x3474</run_address>
         <size>0x8</size>
         <input_file_ref idref="fl-8b"/>
      </object_component>
      <object_component id="oc-4c">
         <name>.far</name>
         <uninitialized>true</uninitialized>
         <run_address>0x3420</run_address>
         <size>0x28</size>
         <input_file_ref idref="fl-8c"/>
      </object_component>
      <object_component id="oc-52">
         <name>.far</name>
         <uninitialized>true</uninitialized>
         <run_address>0x3448</run_address>
         <size>0x20</size>
         <input_file_ref idref="fl-8d"/>
      </object_component>
      <object_component id="oc-d">
         <name>.debug_info</name>
         <load_address>0x0</load_address>
         <run_address>0x0</run_address>
         <size>0xb1a</size>
         <input_file_ref idref="fl-2"/>
      </object_component>
      <object_component id="oc-16">
         <name>.debug_info</name>
         <load_address>0xb1a</load_address>
         <run_address>0xb1a</run_address>
         <size>0xe6</size>
         <input_file_ref idref="fl-3"/>
      </object_component>
      <object_component id="oc-19">
         <name>.debug_info</name>
         <load_address>0xc00</load_address>
         <run_address>0xc00</run_address>
         <size>0x1528</size>
         <input_file_ref idref="fl-4"/>
      </object_component>
      <object_component id="oc-1f">
         <name>.debug_info</name>
         <load_address>0x2128</load_address>
         <run_address>0x2128</run_address>
         <size>0x710</size>
         <input_file_ref idref="fl-81"/>
      </object_component>
      <object_component id="oc-23">
         <name>.debug_info</name>
         <load_address>0x2838</load_address>
         <run_address>0x2838</run_address>
         <size>0x806</size>
         <input_file_ref idref="fl-82"/>
      </object_component>
      <object_component id="oc-28">
         <name>.debug_info</name>
         <load_address>0x303e</load_address>
         <run_address>0x303e</run_address>
         <size>0x6e6</size>
         <input_file_ref idref="fl-83"/>
      </object_component>
      <object_component id="oc-2b">
         <name>.debug_info</name>
         <load_address>0x3724</load_address>
         <run_address>0x3724</run_address>
         <size>0x878</size>
         <input_file_ref idref="fl-84"/>
      </object_component>
      <object_component id="oc-2e">
         <name>.debug_info</name>
         <load_address>0x3f9c</load_address>
         <run_address>0x3f9c</run_address>
         <size>0x6f0</size>
         <input_file_ref idref="fl-85"/>
      </object_component>
      <object_component id="oc-31">
         <name>.debug_info</name>
         <load_address>0x468c</load_address>
         <run_address>0x468c</run_address>
         <size>0x7e6</size>
         <input_file_ref idref="fl-86"/>
      </object_component>
      <object_component id="oc-34">
         <name>.debug_info</name>
         <load_address>0x4e72</load_address>
         <run_address>0x4e72</run_address>
         <size>0x79b</size>
         <input_file_ref idref="fl-87"/>
      </object_component>
      <object_component id="oc-42">
         <name>.debug_info</name>
         <load_address>0x560d</load_address>
         <run_address>0x560d</run_address>
         <size>0x8a7</size>
         <input_file_ref idref="fl-8a"/>
      </object_component>
      <object_component id="oc-48">
         <name>.debug_info</name>
         <load_address>0x5eb4</load_address>
         <run_address>0x5eb4</run_address>
         <size>0x89f</size>
         <input_file_ref idref="fl-8b"/>
      </object_component>
      <object_component id="oc-4e">
         <name>.debug_info</name>
         <load_address>0x6753</load_address>
         <run_address>0x6753</run_address>
         <size>0x929</size>
         <input_file_ref idref="fl-8c"/>
      </object_component>
      <object_component id="oc-54">
         <name>.debug_info</name>
         <load_address>0x707c</load_address>
         <run_address>0x707c</run_address>
         <size>0x5b3</size>
         <input_file_ref idref="fl-8d"/>
      </object_component>
      <object_component id="oc-56">
         <name>.debug_info</name>
         <load_address>0x762f</load_address>
         <run_address>0x762f</run_address>
         <size>0xdb</size>
         <input_file_ref idref="fl-8e"/>
      </object_component>
      <object_component id="oc-89">
         <name>.debug_info</name>
         <load_address>0x770a</load_address>
         <run_address>0x770a</run_address>
         <size>0x6e</size>
      </object_component>
      <object_component id="oc-11">
         <name>.debug_frame</name>
         <load_address>0x0</load_address>
         <run_address>0x0</run_address>
         <size>0x32b</size>
         <input_file_ref idref="fl-2"/>
      </object_component>
      <object_component id="oc-1c">
         <name>.debug_frame</name>
         <load_address>0x32b</load_address>
         <run_address>0x32b</run_address>
         <size>0x34f</size>
         <input_file_ref idref="fl-4"/>
      </object_component>
      <object_component id="oc-12">
         <name>.debug_line</name>
         <load_address>0x0</load_address>
         <run_address>0x0</run_address>
         <size>0xe4</size>
         <input_file_ref idref="fl-2"/>
      </object_component>
      <object_component id="oc-17">
         <name>.debug_line</name>
         <load_address>0xe4</load_address>
         <run_address>0xe4</run_address>
         <size>0xcb</size>
         <input_file_ref idref="fl-3"/>
      </object_component>
      <object_component id="oc-1d">
         <name>.debug_line</name>
         <load_address>0x1af</load_address>
         <run_address>0x1af</run_address>
         <size>0x15a</size>
         <input_file_ref idref="fl-4"/>
      </object_component>
      <object_component id="oc-21">
         <name>.debug_line</name>
         <load_address>0x309</load_address>
         <run_address>0x309</run_address>
         <size>0x3d</size>
         <input_file_ref idref="fl-81"/>
      </object_component>
      <object_component id="oc-26">
         <name>.debug_line</name>
         <load_address>0x346</load_address>
         <run_address>0x346</run_address>
         <size>0x4f</size>
         <input_file_ref idref="fl-82"/>
      </object_component>
      <object_component id="oc-29">
         <name>.debug_line</name>
         <load_address>0x395</load_address>
         <run_address>0x395</run_address>
         <size>0x41</size>
         <input_file_ref idref="fl-83"/>
      </object_component>
      <object_component id="oc-2c">
         <name>.debug_line</name>
         <load_address>0x3d6</load_address>
         <run_address>0x3d6</run_address>
         <size>0x47</size>
         <input_file_ref idref="fl-84"/>
      </object_component>
      <object_component id="oc-2f">
         <name>.debug_line</name>
         <load_address>0x41d</load_address>
         <run_address>0x41d</run_address>
         <size>0x45</size>
         <input_file_ref idref="fl-85"/>
      </object_component>
      <object_component id="oc-32">
         <name>.debug_line</name>
         <load_address>0x462</load_address>
         <run_address>0x462</run_address>
         <size>0x44</size>
         <input_file_ref idref="fl-86"/>
      </object_component>
      <object_component id="oc-35">
         <name>.debug_line</name>
         <load_address>0x4a6</load_address>
         <run_address>0x4a6</run_address>
         <size>0x4e</size>
         <input_file_ref idref="fl-87"/>
      </object_component>
      <object_component id="oc-43">
         <name>.debug_line</name>
         <load_address>0x4f4</load_address>
         <run_address>0x4f4</run_address>
         <size>0xb2</size>
         <input_file_ref idref="fl-8a"/>
      </object_component>
      <object_component id="oc-49">
         <name>.debug_line</name>
         <load_address>0x5a6</load_address>
         <run_address>0x5a6</run_address>
         <size>0x4f</size>
         <input_file_ref idref="fl-8b"/>
      </object_component>
      <object_component id="oc-4f">
         <name>.debug_line</name>
         <load_address>0x5f5</load_address>
         <run_address>0x5f5</run_address>
         <size>0x7e</size>
         <input_file_ref idref="fl-8c"/>
      </object_component>
      <object_component id="oc-55">
         <name>.debug_line</name>
         <load_address>0x673</load_address>
         <run_address>0x673</run_address>
         <size>0x52</size>
         <input_file_ref idref="fl-8d"/>
      </object_component>
      <object_component id="oc-57">
         <name>.debug_line</name>
         <load_address>0x6c5</load_address>
         <run_address>0x6c5</run_address>
         <size>0x48</size>
         <input_file_ref idref="fl-8e"/>
      </object_component>
      <object_component id="oc-13">
         <name>.debug_abbrev</name>
         <load_address>0x0</load_address>
         <run_address>0x0</run_address>
         <size>0x150</size>
         <input_file_ref idref="fl-2"/>
      </object_component>
      <object_component id="oc-18">
         <name>.debug_abbrev</name>
         <load_address>0x150</load_address>
         <run_address>0x150</run_address>
         <size>0x21</size>
         <input_file_ref idref="fl-3"/>
      </object_component>
      <object_component id="oc-1e">
         <name>.debug_abbrev</name>
         <load_address>0x171</load_address>
         <run_address>0x171</run_address>
         <size>0x18e</size>
         <input_file_ref idref="fl-4"/>
      </object_component>
      <object_component id="oc-22">
         <name>.debug_abbrev</name>
         <load_address>0x2ff</load_address>
         <run_address>0x2ff</run_address>
         <size>0xfe</size>
         <input_file_ref idref="fl-81"/>
      </object_component>
      <object_component id="oc-27">
         <name>.debug_abbrev</name>
         <load_address>0x3fd</load_address>
         <run_address>0x3fd</run_address>
         <size>0x119</size>
         <input_file_ref idref="fl-82"/>
      </object_component>
      <object_component id="oc-2a">
         <name>.debug_abbrev</name>
         <load_address>0x516</load_address>
         <run_address>0x516</run_address>
         <size>0xe1</size>
         <input_file_ref idref="fl-83"/>
      </object_component>
      <object_component id="oc-2d">
         <name>.debug_abbrev</name>
         <load_address>0x5f7</load_address>
         <run_address>0x5f7</run_address>
         <size>0x13f</size>
         <input_file_ref idref="fl-84"/>
      </object_component>
      <object_component id="oc-30">
         <name>.debug_abbrev</name>
         <load_address>0x736</load_address>
         <run_address>0x736</run_address>
         <size>0xdd</size>
         <input_file_ref idref="fl-85"/>
      </object_component>
      <object_component id="oc-33">
         <name>.debug_abbrev</name>
         <load_address>0x813</load_address>
         <run_address>0x813</run_address>
         <size>0x10c</size>
         <input_file_ref idref="fl-86"/>
      </object_component>
      <object_component id="oc-36">
         <name>.debug_abbrev</name>
         <load_address>0x91f</load_address>
         <run_address>0x91f</run_address>
         <size>0xd5</size>
         <input_file_ref idref="fl-87"/>
      </object_component>
      <object_component id="oc-41">
         <name>.debug_abbrev</name>
         <load_address>0x9f4</load_address>
         <run_address>0x9f4</run_address>
         <size>0x196</size>
         <input_file_ref idref="fl-8a"/>
      </object_component>
      <object_component id="oc-47">
         <name>.debug_abbrev</name>
         <load_address>0xb8a</load_address>
         <run_address>0xb8a</run_address>
         <size>0x126</size>
         <input_file_ref idref="fl-8b"/>
      </object_component>
      <object_component id="oc-4d">
         <name>.debug_abbrev</name>
         <load_address>0xcb0</load_address>
         <run_address>0xcb0</run_address>
         <size>0x14e</size>
         <input_file_ref idref="fl-8c"/>
      </object_component>
      <object_component id="oc-53">
         <name>.debug_abbrev</name>
         <load_address>0xdfe</load_address>
         <run_address>0xdfe</run_address>
         <size>0xf1</size>
         <input_file_ref idref="fl-8d"/>
      </object_component>
      <object_component id="oc-58">
         <name>.debug_abbrev</name>
         <load_address>0xeef</load_address>
         <run_address>0xeef</run_address>
         <size>0x3b</size>
         <input_file_ref idref="fl-8e"/>
      </object_component>
      <object_component id="oc-8a">
         <name>.debug_abbrev</name>
         <load_address>0xf2a</load_address>
         <run_address>0xf2a</run_address>
         <size>0xd</size>
      </object_component>
      <object_component id="oc-3a">
         <name>$BRID</name>
         <load_address>0x0</load_address>
         <run_address>0x0</run_address>
         <size>0x78</size>
         <input_file_ref idref="fl-88"/>
      </object_component>
      <object_component id="oc-3d">
         <name>$BRID</name>
         <load_address>0x78</load_address>
         <run_address>0x78</run_address>
         <size>0x7c</size>
         <input_file_ref idref="fl-89"/>
      </object_component>
   </object_component_list>
   <logical_group_list>
      <logical_group id="lg-2">
         <name>.vectors</name>
         <load_address>0x0</load_address>
         <run_address>0x0</run_address>
         <size>0x200</size>
         <contents>
            <object_component_ref idref="oc-15"/>
         </contents>
      </logical_group>
      <logical_group id="lg-3">
         <name>.text</name>
         <load_address>0x220</load_address>
         <run_address>0x220</run_address>
         <size>0x2480</size>
         <contents>
            <object_component_ref idref="oc-5c"/>
            <object_component_ref idref="oc-3e"/>
            <object_component_ref idref="oc-44"/>
            <object_component_ref idref="oc-5d"/>
            <object_component_ref idref="oc-62"/>
            <object_component_ref idref="oc-68"/>
            <object_component_ref idref="oc-71"/>
            <object_component_ref idref="oc-10"/>
            <object_component_ref idref="oc-4a"/>
            <object_component_ref idref="oc-60"/>
            <object_component_ref idref="oc-59"/>
            <object_component_ref idref="oc-5f"/>
            <object_component_ref idref="oc-5e"/>
            <object_component_ref idref="oc-5b"/>
            <object_component_ref idref="oc-61"/>
            <object_component_ref idref="oc-50"/>
            <object_component_ref idref="oc-65"/>
            <object_component_ref idref="oc-72"/>
            <object_component_ref idref="oc-63"/>
            <object_component_ref idref="oc-c"/>
            <object_component_ref idref="oc-6c"/>
            <object_component_ref idref="oc-69"/>
            <object_component_ref idref="oc-5a"/>
            <object_component_ref idref="oc-14"/>
            <object_component_ref idref="oc-66"/>
            <object_component_ref idref="oc-6a"/>
            <object_component_ref idref="oc-6b"/>
            <object_component_ref idref="oc-67"/>
            <object_component_ref idref="oc-70"/>
            <object_component_ref idref="oc-6f"/>
            <object_component_ref idref="oc-6e"/>
            <object_component_ref idref="oc-6d"/>
            <object_component_ref idref="oc-64"/>
            <object_component_ref idref="oc-37"/>
         </contents>
      </logical_group>
      <logical_group id="lg-4">
         <name>.bss</name>
         <run_address>0x220</run_address>
         <size>0x0</size>
         <contents>
         </contents>
      </logical_group>
      <logical_group id="lg-5">
         <name>.cinit</name>
         <load_address>0x3480</load_address>
         <run_address>0x3480</run_address>
         <size>0x4e4</size>
         <contents>
            <object_component_ref idref="oc-e"/>
            <object_component_ref idref="oc-38"/>
            <object_component_ref idref="oc-1a"/>
            <object_component_ref idref="oc-3b"/>
            <object_component_ref idref="oc-4b"/>
            <object_component_ref idref="oc-24"/>
            <object_component_ref idref="oc-51"/>
         </contents>
      </logical_group>
      <logical_group id="lg-6">
         <name>.stack</name>
         <run_address>0x26a0</run_address>
         <size>0x800</size>
         <contents>
            <object_component_ref idref="oc-20"/>
            <object_component_ref idref="oc-88"/>
         </contents>
      </logical_group>
      <logical_group id="lg-7">
         <name>.sysmem</name>
         <run_address>0x0</run_address>
         <size>0x0</size>
         <contents>
         </contents>
      </logical_group>
      <logical_group id="lg-8">
         <name>.const</name>
         <load_address>0x3964</load_address>
         <run_address>0x3964</run_address>
         <size>0x60</size>
         <contents>
            <object_component_ref idref="oc-46"/>
            <object_component_ref idref="oc-40"/>
         </contents>
      </logical_group>
      <logical_group id="lg-9">
         <name>.switch</name>
         <run_address>0x0</run_address>
         <size>0x0</size>
         <contents>
         </contents>
      </logical_group>
      <logical_group id="lg-a">
         <name>.far</name>
         <run_address>0x2ea0</run_address>
         <size>0x5de</size>
         <contents>
            <object_component_ref idref="oc-f"/>
            <object_component_ref idref="oc-1b"/>
            <object_component_ref idref="oc-25"/>
            <object_component_ref idref="oc-39"/>
            <object_component_ref idref="oc-3c"/>
            <object_component_ref idref="oc-3f"/>
            <object_component_ref idref="oc-45"/>
            <object_component_ref idref="oc-4c"/>
            <object_component_ref idref="oc-52"/>
         </contents>
      </logical_group>
      <logical_group id="lg-b">
         <name>.cio</name>
         <run_address>0x0</run_address>
         <size>0x0</size>
         <contents>
         </contents>
      </logical_group>
      <logical_group id="lg-7d">
         <name>.debug_info</name>
         <load_address>0x0</load_address>
         <run_address>0x0</run_address>
         <size>0x7778</size>
         <contents>
            <object_component_ref idref="oc-d"/>
            <object_component_ref idref="oc-16"/>
            <object_component_ref idref="oc-19"/>
            <object_component_ref idref="oc-1f"/>
            <object_component_ref idref="oc-23"/>
            <object_component_ref idref="oc-28"/>
            <object_component_ref idref="oc-2b"/>
            <object_component_ref idref="oc-2e"/>
            <object_component_ref idref="oc-31"/>
            <object_component_ref idref="oc-34"/>
            <object_component_ref idref="oc-42"/>
            <object_component_ref idref="oc-48"/>
            <object_component_ref idref="oc-4e"/>
            <object_component_ref idref="oc-54"/>
            <object_component_ref idref="oc-56"/>
            <object_component_ref idref="oc-89"/>
         </contents>
      </logical_group>
      <logical_group id="lg-7f">
         <name>.debug_frame</name>
         <load_address>0x0</load_address>
         <run_address>0x0</run_address>
         <size>0x67a</size>
         <contents>
            <object_component_ref idref="oc-11"/>
            <object_component_ref idref="oc-1c"/>
         </contents>
      </logical_group>
      <logical_group id="lg-81">
         <name>.debug_line</name>
         <load_address>0x0</load_address>
         <run_address>0x0</run_address>
         <size>0x70d</size>
         <contents>
            <object_component_ref idref="oc-12"/>
            <object_component_ref idref="oc-17"/>
            <object_component_ref idref="oc-1d"/>
            <object_component_ref idref="oc-21"/>
            <object_component_ref idref="oc-26"/>
            <object_component_ref idref="oc-29"/>
            <object_component_ref idref="oc-2c"/>
            <object_component_ref idref="oc-2f"/>
            <object_component_ref idref="oc-32"/>
            <object_component_ref idref="oc-35"/>
            <object_component_ref idref="oc-43"/>
            <object_component_ref idref="oc-49"/>
            <object_component_ref idref="oc-4f"/>
            <object_component_ref idref="oc-55"/>
            <object_component_ref idref="oc-57"/>
         </contents>
      </logical_group>
      <logical_group id="lg-83">
         <name>.debug_abbrev</name>
         <load_address>0x0</load_address>
         <run_address>0x0</run_address>
         <size>0xf37</size>
         <contents>
            <object_component_ref idref="oc-13"/>
            <object_component_ref idref="oc-18"/>
            <object_component_ref idref="oc-1e"/>
            <object_component_ref idref="oc-22"/>
            <object_component_ref idref="oc-27"/>
            <object_component_ref idref="oc-2a"/>
            <object_component_ref idref="oc-2d"/>
            <object_component_ref idref="oc-30"/>
            <object_component_ref idref="oc-33"/>
            <object_component_ref idref="oc-36"/>
            <object_component_ref idref="oc-41"/>
            <object_component_ref idref="oc-47"/>
            <object_component_ref idref="oc-4d"/>
            <object_component_ref idref="oc-53"/>
            <object_component_ref idref="oc-58"/>
            <object_component_ref idref="oc-8a"/>
         </contents>
      </logical_group>
      <logical_group id="lg-85">
         <name>$BRID</name>
         <load_address>0x0</load_address>
         <run_address>0x0</run_address>
         <size>0xf4</size>
         <contents>
            <object_component_ref idref="oc-3a"/>
            <object_component_ref idref="oc-3d"/>
         </contents>
      </logical_group>
   </logical_group_list>
   <placement_map>
      <memory_area>
         <name>VECS</name>
         <page_id>0x0</page_id>
         <origin>0x0</origin>
         <length>0x220</length>
         <used_space>0x200</used_space>
         <unused_space>0x20</unused_space>
         <attributes>RWIX</attributes>
         <usage_details>
            <allocated_space>
               <start_address>0x0</start_address>
               <size>0x200</size>
               <logical_group_ref idref="lg-2"/>
            </allocated_space>
            <available_space>
               <start_address>0x200</start_address>
               <size>0x20</size>
            </available_space>
         </usage_details>
      </memory_area>
      <memory_area>
         <name>IRAM</name>
         <page_id>0x0</page_id>
         <origin>0x220</origin>
         <length>0x2fde0</length>
         <used_space>0x37a2</used_space>
         <unused_space>0x2c63e</unused_space>
         <attributes>RWIX</attributes>
         <usage_details>
            <allocated_space>
               <start_address>0x220</start_address>
               <size>0x0</size>
               <logical_group_ref idref="lg-4"/>
            </allocated_space>
            <allocated_space>
               <start_address>0x220</start_address>
               <size>0x2480</size>
               <logical_group_ref idref="lg-3"/>
            </allocated_space>
            <allocated_space>
               <start_address>0x26a0</start_address>
               <size>0x800</size>
               <logical_group_ref idref="lg-6"/>
            </allocated_space>
            <allocated_space>
               <start_address>0x2ea0</start_address>
               <size>0x5de</size>
               <logical_group_ref idref="lg-a"/>
            </allocated_space>
            <available_space>
               <start_address>0x347e</start_address>
               <size>0x2</size>
            </available_space>
            <allocated_space>
               <start_address>0x3480</start_address>
               <size>0x4e4</size>
               <logical_group_ref idref="lg-5"/>
            </allocated_space>
            <allocated_space>
               <start_address>0x3964</start_address>
               <size>0x60</size>
               <logical_group_ref idref="lg-8"/>
            </allocated_space>
            <available_space>
               <start_address>0x39c4</start_address>
               <size>0x2c63c</size>
            </available_space>
         </usage_details>
      </memory_area>
      <memory_area>
         <name>SDRAM</name>
         <page_id>0x0</page_id>
         <origin>0x80000000</origin>
         <length>0x1000000</length>
         <used_space>0x0</used_space>
         <unused_space>0x1000000</unused_space>
         <attributes>RWIX</attributes>
         <usage_details>
         </usage_details>
      </memory_area>
      <memory_area>
         <name>FLASH</name>
         <page_id>0x0</page_id>
         <origin>0x90000000</origin>
         <length>0x80000</length>
         <used_space>0x0</used_space>
         <unused_space>0x80000</unused_space>
         <attributes>RWIX</attributes>
         <usage_details>
         </usage_details>
      </memory_area>
   </placement_map>
   <symbol_table>
      <symbol id="sm-0">
         <name>cinit</name>
         <value>0x3480</value>
      </symbol>
      <symbol id="sm-1">
         <name>___cinit__</name>
         <value>0x3480</value>
      </symbol>
      <symbol id="sm-2">
         <name>pinit</name>
         <value>0xffffffff</value>
      </symbol>
      <symbol id="sm-3">
         <name>___pinit__</name>
         <value>0xffffffff</value>
      </symbol>
      <symbol id="sm-4">
         <name>binit</name>
         <value>0xffffffff</value>
      </symbol>
      <symbol id="sm-5">
         <name>___binit__</name>
         <value>0xffffffff</value>
      </symbol>
      <symbol id="sm-6">
         <name>__STACK_SIZE</name>
         <value>0x800</value>
      </symbol>
      <symbol id="sm-7">
         <name>__STACK_END</name>
         <value>0x2ea0</value>
      </symbol>
      <symbol id="sm-8">
         <name>___c_args__</name>
         <value>0xffffffff</value>
      </symbol>
      <symbol id="sm-9">
         <name>.text</name>
         <value>0x220</value>
      </symbol>
      <symbol id="sm-a">
         <name>___text__</name>
         <value>0x220</value>
      </symbol>
      <symbol id="sm-b">
         <name>etext</name>
         <value>0x26a0</value>
      </symbol>
      <symbol id="sm-c">
         <name>___etext__</name>
         <value>0x26a0</value>
      </symbol>
      <symbol id="sm-d">
         <name>.bss</name>
         <value>0x220</value>
      </symbol>
      <symbol id="sm-e">
         <name>___bss__</name>
         <value>0x220</value>
      </symbol>
      <symbol id="sm-f">
         <name>end</name>
         <value>0x220</value>
      </symbol>
      <symbol id="sm-10">
         <name>___end__</name>
         <value>0x220</value>
      </symbol>
      <symbol id="sm-11">
         <name>___TI_pprof_out_hndl</name>
         <value>0xffffffff</value>
      </symbol>
      <symbol id="sm-12">
         <name>___TI_prof_data_start</name>
         <value>0xffffffff</value>
      </symbol>
      <symbol id="sm-13">
         <name>___TI_prof_data_size</name>
         <value>0xffffffff</value>
      </symbol>
      <symbol id="sm-14">
         <name>$bss</name>
         <value>0x220</value>
      </symbol>
      <symbol id="sm-59">
         <name>_main</name>
         <value>0x1160</value>
         <object_component_ref idref="oc-5d"/>
      </symbol>
      <symbol id="sm-5a">
         <name>_sine160</name>
         <value>0x2ea8</value>
         <object_component_ref idref="oc-f"/>
      </symbol>
      <symbol id="sm-5b">
         <name>_filter</name>
         <value>0x1268</value>
         <object_component_ref idref="oc-5d"/>
      </symbol>
      <symbol id="sm-5c">
         <name>_inputsource</name>
         <value>0x2ea4</value>
         <object_component_ref idref="oc-f"/>
      </symbol>
      <symbol id="sm-5d">
         <name>_c_int11</name>
         <value>0x1960</value>
         <object_component_ref idref="oc-10"/>
      </symbol>
      <symbol id="sm-5e">
         <name>_flag</name>
         <value>0x3298</value>
         <object_component_ref idref="oc-f"/>
      </symbol>
      <symbol id="sm-5f">
         <name>_fs</name>
         <value>0x2ea0</value>
         <object_component_ref idref="oc-f"/>
      </symbol>
      <symbol id="sm-60">
         <name>_output</name>
         <value>0x3296</value>
         <object_component_ref idref="oc-f"/>
      </symbol>
      <symbol id="sm-61">
         <name>_sinemod</name>
         <value>0x137c</value>
         <object_component_ref idref="oc-5d"/>
      </symbol>
      <symbol id="sm-62">
         <name>_h</name>
         <value>0x2fe8</value>
         <object_component_ref idref="oc-f"/>
      </symbol>
      <symbol id="sm-63">
         <name>_filtmodfilt</name>
         <value>0x11f4</value>
         <object_component_ref idref="oc-5d"/>
      </symbol>
      <symbol id="sm-64">
         <name>_input</name>
         <value>0x3294</value>
         <object_component_ref idref="oc-f"/>
      </symbol>
      <symbol id="sm-71">
         <name>_vector10</name>
         <value>0x140</value>
         <object_component_ref idref="oc-15"/>
      </symbol>
      <symbol id="sm-72">
         <name>_vector12</name>
         <value>0x180</value>
         <object_component_ref idref="oc-15"/>
      </symbol>
      <symbol id="sm-73">
         <name>_vector13</name>
         <value>0x1a0</value>
         <object_component_ref idref="oc-15"/>
      </symbol>
      <symbol id="sm-74">
         <name>_vector14</name>
         <value>0x1c0</value>
         <object_component_ref idref="oc-15"/>
      </symbol>
      <symbol id="sm-75">
         <name>_vector15</name>
         <value>0x1e0</value>
         <object_component_ref idref="oc-15"/>
      </symbol>
      <symbol id="sm-76">
         <name>_vectors</name>
         <value>0x0</value>
         <object_component_ref idref="oc-15"/>
      </symbol>
      <symbol id="sm-77">
         <name>_vector1</name>
         <value>0x20</value>
         <object_component_ref idref="oc-15"/>
      </symbol>
      <symbol id="sm-78">
         <name>_vector3</name>
         <value>0x60</value>
         <object_component_ref idref="oc-15"/>
      </symbol>
      <symbol id="sm-79">
         <name>_vector2</name>
         <value>0x40</value>
         <object_component_ref idref="oc-15"/>
      </symbol>
      <symbol id="sm-7a">
         <name>_vector5</name>
         <value>0xa0</value>
         <object_component_ref idref="oc-15"/>
      </symbol>
      <symbol id="sm-7b">
         <name>_vector4</name>
         <value>0x80</value>
         <object_component_ref idref="oc-15"/>
      </symbol>
      <symbol id="sm-7c">
         <name>_vector7</name>
         <value>0xe0</value>
         <object_component_ref idref="oc-15"/>
      </symbol>
      <symbol id="sm-7d">
         <name>_vector6</name>
         <value>0xc0</value>
         <object_component_ref idref="oc-15"/>
      </symbol>
      <symbol id="sm-7e">
         <name>_vector9</name>
         <value>0x120</value>
         <object_component_ref idref="oc-15"/>
      </symbol>
      <symbol id="sm-7f">
         <name>_vector8</name>
         <value>0x100</value>
         <object_component_ref idref="oc-15"/>
      </symbol>
      <symbol id="sm-c9">
         <name>_comm_poll</name>
         <value>0x30c</value>
         <object_component_ref idref="oc-5c"/>
      </symbol>
      <symbol id="sm-ca">
         <name>_output_left_sample</name>
         <value>0x584</value>
         <object_component_ref idref="oc-5c"/>
      </symbol>
      <symbol id="sm-cb">
         <name>_comm_intr</name>
         <value>0x340</value>
         <object_component_ref idref="oc-5c"/>
      </symbol>
      <symbol id="sm-cc">
         <name>_input_left_sample</name>
         <value>0x848</value>
         <object_component_ref idref="oc-5c"/>
      </symbol>
      <symbol id="sm-cd">
         <name>_output_sample</name>
         <value>0x46c</value>
         <object_component_ref idref="oc-5c"/>
      </symbol>
      <symbol id="sm-ce">
         <name>_c6713_dsk_init</name>
         <value>0x220</value>
         <object_component_ref idref="oc-5c"/>
      </symbol>
      <symbol id="sm-cf">
         <name>_config</name>
         <value>0x33bc</value>
         <object_component_ref idref="oc-1b"/>
      </symbol>
      <symbol id="sm-d0">
         <name>_input_right_sample</name>
         <value>0x910</value>
         <object_component_ref idref="oc-5c"/>
      </symbol>
      <symbol id="sm-d1">
         <name>_AIC_data</name>
         <value>0x3390</value>
         <object_component_ref idref="oc-1b"/>
      </symbol>
      <symbol id="sm-d2">
         <name>_hAIC23_handle</name>
         <value>0x33e4</value>
         <object_component_ref idref="oc-1b"/>
      </symbol>
      <symbol id="sm-d3">
         <name>_AIC23CfgData</name>
         <value>0x339c</value>
         <object_component_ref idref="oc-1b"/>
      </symbol>
      <symbol id="sm-d4">
         <name>_input_sample</name>
         <value>0x744</value>
         <object_component_ref idref="oc-5c"/>
      </symbol>
      <symbol id="sm-d5">
         <name>_output_right_sample</name>
         <value>0x664</value>
         <object_component_ref idref="oc-5c"/>
      </symbol>
      <symbol id="sm-e1">
         <name>_c_int00</name>
         <value>0x2400</value>
         <object_component_ref idref="oc-c"/>
      </symbol>
      <symbol id="sm-e2">
         <name>__stack</name>
         <value>0x26a0</value>
         <object_component_ref idref="oc-20"/>
      </symbol>
      <symbol id="sm-f2">
         <name>C$$EXIT</name>
         <value>0x2660</value>
         <object_component_ref idref="oc-64"/>
      </symbol>
      <symbol id="sm-f3">
         <name>_exit</name>
         <value>0x1fe0</value>
         <object_component_ref idref="oc-5b"/>
      </symbol>
      <symbol id="sm-f4">
         <name>___TI_enable_exit_profile_output</name>
         <value>0x3470</value>
         <object_component_ref idref="oc-25"/>
      </symbol>
      <symbol id="sm-f5">
         <name>_abort</name>
         <value>0x2660</value>
         <object_component_ref idref="oc-64"/>
      </symbol>
      <symbol id="sm-f6">
         <name>__cleanup_ptr</name>
         <value>0x3468</value>
         <object_component_ref idref="oc-25"/>
      </symbol>
      <symbol id="sm-f7">
         <name>__dtors_ptr</name>
         <value>0x346c</value>
         <object_component_ref idref="oc-25"/>
      </symbol>
      <symbol id="sm-101">
         <name>__args_main</name>
         <value>0x2500</value>
         <object_component_ref idref="oc-5a"/>
      </symbol>
      <symbol id="sm-102">
         <name>__TI_args_main</name>
         <value>0x1</value>
      </symbol>
      <symbol id="sm-10c">
         <name>__auto_init</name>
         <value>0x1d20</value>
         <object_component_ref idref="oc-59"/>
      </symbol>
      <symbol id="sm-116">
         <name>___TI_cpp_init</name>
         <value>0x2380</value>
         <object_component_ref idref="oc-63"/>
      </symbol>
      <symbol id="sm-120">
         <name>_copy_in</name>
         <value>0x20c0</value>
         <object_component_ref idref="oc-61"/>
      </symbol>
      <symbol id="sm-12a">
         <name>_memcpy</name>
         <value>0x1400</value>
         <object_component_ref idref="oc-62"/>
      </symbol>
      <symbol id="sm-142">
         <name>__IRQ_eventTable</name>
         <value>0x32c4</value>
         <object_component_ref idref="oc-39"/>
      </symbol>
      <symbol id="sm-143">
         <name>_IRQ_nmiEnable</name>
         <value>0x25a0</value>
         <object_component_ref idref="oc-6b"/>
      </symbol>
      <symbol id="sm-144">
         <name>_IRQ_reset</name>
         <value>0x24c0</value>
         <object_component_ref idref="oc-69"/>
      </symbol>
      <symbol id="sm-145">
         <name>__IRQ_intTable</name>
         <value>0x3348</value>
         <object_component_ref idref="oc-39"/>
      </symbol>
      <symbol id="sm-146">
         <name>_IRQ_globalEnable</name>
         <value>0x2580</value>
         <object_component_ref idref="oc-6a"/>
      </symbol>
      <symbol id="sm-147">
         <name>_IRQ_globalDisable</name>
         <value>0x2560</value>
         <object_component_ref idref="oc-66"/>
      </symbol>
      <symbol id="sm-148">
         <name>_IRQ_map</name>
         <value>0x1640</value>
         <object_component_ref idref="oc-68"/>
      </symbol>
      <symbol id="sm-149">
         <name>_IRQ_enable</name>
         <value>0x2480</value>
         <object_component_ref idref="oc-6c"/>
      </symbol>
      <symbol id="sm-14a">
         <name>__IRQ_dispatchTable</name>
         <value>0x3388</value>
         <object_component_ref idref="oc-39"/>
      </symbol>
      <symbol id="sm-14b">
         <name>__IRQ_hookFetchPacket</name>
         <value>0x2680</value>
         <object_component_ref idref="oc-37"/>
      </symbol>
      <symbol id="sm-165">
         <name>_MCBSP_reset</name>
         <value>0x17e0</value>
         <object_component_ref idref="oc-71"/>
      </symbol>
      <symbol id="sm-166">
         <name>_MCBSP_read</name>
         <value>0x25e0</value>
         <object_component_ref idref="oc-70"/>
      </symbol>
      <symbol id="sm-167">
         <name>_MCBSP_getXmtEventId</name>
         <value>0x25c0</value>
         <object_component_ref idref="oc-67"/>
      </symbol>
      <symbol id="sm-168">
         <name>_MCBSP_open</name>
         <value>0x1e20</value>
         <object_component_ref idref="oc-5f"/>
      </symbol>
      <symbol id="sm-169">
         <name>__MCBSP_hDev0</name>
         <value>0x3418</value>
         <object_component_ref idref="oc-3c"/>
      </symbol>
      <symbol id="sm-16a">
         <name>__MCBSP_hDev1</name>
         <value>0x341c</value>
         <object_component_ref idref="oc-3c"/>
      </symbol>
      <symbol id="sm-16b">
         <name>_MCBSP_start</name>
         <value>0x1c20</value>
         <object_component_ref idref="oc-60"/>
      </symbol>
      <symbol id="sm-16c">
         <name>_MCBSP_rrdy</name>
         <value>0x2600</value>
         <object_component_ref idref="oc-6f"/>
      </symbol>
      <symbol id="sm-16d">
         <name>_MCBSP_config</name>
         <value>0x2240</value>
         <object_component_ref idref="oc-65"/>
      </symbol>
      <symbol id="sm-16e">
         <name>_MCBSP_xrdy</name>
         <value>0x2640</value>
         <object_component_ref idref="oc-6d"/>
      </symbol>
      <symbol id="sm-16f">
         <name>_MCBSP_write</name>
         <value>0x2620</value>
         <object_component_ref idref="oc-6e"/>
      </symbol>
      <symbol id="sm-17d">
         <name>_DSK6713_init</name>
         <value>0xa2c</value>
         <object_component_ref idref="oc-3e"/>
      </symbol>
      <symbol id="sm-17e">
         <name>_DSK6713_version</name>
         <value>0x347c</value>
         <object_component_ref idref="oc-3f"/>
      </symbol>
      <symbol id="sm-17f">
         <name>_DSK6713_rget</name>
         <value>0xd48</value>
         <object_component_ref idref="oc-3e"/>
      </symbol>
      <symbol id="sm-180">
         <name>_DSK6713_wait</name>
         <value>0xd70</value>
         <object_component_ref idref="oc-3e"/>
      </symbol>
      <symbol id="sm-181">
         <name>_DSK6713_rset</name>
         <value>0xd5c</value>
         <object_component_ref idref="oc-3e"/>
      </symbol>
      <symbol id="sm-182">
         <name>_DSK6713_waitusec</name>
         <value>0xdc8</value>
         <object_component_ref idref="oc-3e"/>
      </symbol>
      <symbol id="sm-183">
         <name>_DSK6713_getVersion</name>
         <value>0xdf4</value>
         <object_component_ref idref="oc-3e"/>
      </symbol>
      <symbol id="sm-191">
         <name>_DSK6713_AIC23_codeccontrolhandle</name>
         <value>0x3474</value>
         <object_component_ref idref="oc-45"/>
      </symbol>
      <symbol id="sm-192">
         <name>_DSK6713_AIC23_codecdatahandle</name>
         <value>0x3478</value>
         <object_component_ref idref="oc-45"/>
      </symbol>
      <symbol id="sm-193">
         <name>_DSK6713_AIC23_openCodec</name>
         <value>0xe60</value>
         <object_component_ref idref="oc-44"/>
      </symbol>
      <symbol id="sm-1a1">
         <name>_DSK6713_AIC23_config</name>
         <value>0x1ba0</value>
         <object_component_ref idref="oc-4a"/>
      </symbol>
      <symbol id="sm-1a2">
         <name>_DSK6713_AIC23_rget</name>
         <value>0x1b78</value>
         <object_component_ref idref="oc-4a"/>
      </symbol>
      <symbol id="sm-1a3">
         <name>_DSK6713_AIC23_rset</name>
         <value>0x1ae0</value>
         <object_component_ref idref="oc-4a"/>
      </symbol>
      <symbol id="sm-1b1">
         <name>_DSK6713_AIC23_setFreq</name>
         <value>0x2180</value>
         <object_component_ref idref="oc-50"/>
      </symbol>
      <symbol id="sm-1b9">
         <name>__strasg</name>
         <value>0x1f00</value>
         <object_component_ref idref="oc-5e"/>
      </symbol>
   </symbol_table>
</link_info>
