******************************************************************************
               TMS320C6x Linker PC v7.4.14                     
******************************************************************************
>> Linked Thu May 24 14:34:00 2018

OUTPUT FILE NAME:   <FIR3LP.out>
ENTRY POINT SYMBOL: "_c_int00"  address: 000022c0


MEMORY CONFIGURATION

         name            origin    length      used     unused   attr    fill
----------------------  --------  ---------  --------  --------  ----  --------
  VECS                  00000000   00000220  00000200  00000020  RWIX
  IRAM                  00000220   0002fde0  00003408  0002c9d8  RWIX
  SDRAM                 80000000   01000000  00000000  01000000  RWIX
  FLASH                 90000000   00080000  00000000  00080000  RWIX


SECTION ALLOCATION MAP

 output                                  attributes/
section   page    origin      length       input sections
--------  ----  ----------  ----------   ----------------
$BRID      0    00000000    000000f4     COPY SECTION
                  00000000    00000078     csl6713.lib : csl_irq.obj ($BRID)
                  00000078    0000007c                 : csl_mcbsp.obj ($BRID)

.vectors   0    00000000    00000200     
                  00000000    00000200     Vectors_11.obj (.vectors)

.bss       0    00000220    00000000     UNINITIALIZED

.text      0    00000220    00002340     
                  00000220    000007c0     c6713dskinit.obj (.text)
                  000009e0    00000480     dsk6713bsl.lib : dsk6713.obj (.text)
                  00000e60    00000300                    : dsk6713_aic23_opencodec.obj (.text)
                  00001160    00000240     rts6700.lib : memcpy62.obj (.text:_memcpy)
                  000013a0    00000240     FIR3LP.obj (.text:retain)
                  000015e0    000001a0     csl6713.lib : csl_irq.obj (.text:_IRQ_map)
                  00001780    00000180                 : csl_mcbsp.obj (.text:_MCBSP_reset)
                  00001900    00000140     dsk6713bsl.lib : dsk6713_aic23_registers.obj (.text)
                  00001a40    00000100     csl6713.lib : csl_mcbsp.obj (.text:_MCBSP_start)
                  00001b40    00000100     rts6700.lib : autoinit.obj (.text:__auto_init)
                  00001c40    000000e0     csl6713.lib : csl_mcbsp.obj (.text:_MCBSP_open)
                  00001d20    000000e0     rts6700.lib : strasg.obj (.text:__strasg)
                  00001e00    000000e0                 : exit.obj (.text:_exit)
                  00001ee0    000000c0                 : cpy_tbl.obj (.text:_copy_in)
                  00001fa0    000000c0     dsk6713bsl.lib : dsk6713_aic23_setfreq.obj (.text)
                  00002060    000000a0     FIR3LP.obj (.text)
                  00002100    000000a0     csl6713.lib : csl_mcbsp.obj (.text:_MCBSP_config)
                  000021a0    000000a0                 : csl_irq.obj (.text:_setMux)
                  00002240    00000080     rts6700.lib : cpp_init.obj (.text:___TI_cpp_init)
                  000022c0    00000080                 : boot.obj (.text:_c_int00)
                  00002340    00000040     csl6713.lib : csl_irq.obj (.text:_IRQ_enable)
                  00002380    00000040                 : csl_irq.obj (.text:_IRQ_reset)
                  000023c0    00000040     rts6700.lib : args_main.obj (.text:__args_main)
                  00002400    00000020     Vectors_11.obj (.text)
                  00002420    00000020     csl6713.lib : csl_irq.obj (.text:_IRQ_globalDisable)
                  00002440    00000020                 : csl_irq.obj (.text:_IRQ_globalEnable)
                  00002460    00000020                 : csl_irq.obj (.text:_IRQ_nmiEnable)
                  00002480    00000020                 : csl_mcbsp.obj (.text:_MCBSP_getXmtEventId)
                  000024a0    00000020                 : csl_mcbsp.obj (.text:_MCBSP_read)
                  000024c0    00000020                 : csl_mcbsp.obj (.text:_MCBSP_rrdy)
                  000024e0    00000020                 : csl_mcbsp.obj (.text:_MCBSP_write)
                  00002500    00000020                 : csl_mcbsp.obj (.text:_MCBSP_xrdy)
                  00002520    00000020     rts6700.lib : exit.obj (.text:_abort)
                  00002540    00000020     csl6713.lib : csl_irq.obj (.text)

.stack     0    00002560    00000800     UNINITIALIZED
                  00002560    00000008     rts6700.lib : boot.obj (.stack)
                  00002568    000007f8     --HOLE--

.far       0    00002d60    0000051c     UNINITIALIZED
                  00002d60    0000033a     FIR3LP.obj (.far)
                  0000309a    00000002     dsk6713bsl.lib : dsk6713.obj (.far)
                  0000309c    000000f4     csl6713.lib : csl_irq.obj (.far)
                  00003190    00000058     c6713dskinit.obj (.far)
                  000031e8    00000038     csl6713.lib : csl_mcbsp.obj (.far)
                  00003220    00000028     dsk6713bsl.lib : dsk6713_aic23_registers.obj (.far)
                  00003248    00000020                    : dsk6713_aic23_setfreq.obj (.far)
                  00003268    0000000c     rts6700.lib : exit.obj (.far)
                  00003274    00000008     dsk6713bsl.lib : dsk6713_aic23_opencodec.obj (.far)

.cinit     0    00003280    0000034c     
                  00003280    0000012c     csl6713.lib : csl_irq.obj (.cinit)
                  000033ac    00000004     --HOLE-- [fill = 0]
                  000033b0    000000dc     FIR3LP.obj (.cinit)
                  0000348c    00000004     --HOLE-- [fill = 0]
                  00003490    00000058     c6713dskinit.obj (.cinit)
                  000034e8    00000054     csl6713.lib : csl_mcbsp.obj (.cinit)
                  0000353c    00000004     --HOLE-- [fill = 0]
                  00003540    00000030     dsk6713bsl.lib : dsk6713_aic23_registers.obj (.cinit)
                  00003570    0000002c     rts6700.lib : exit.obj (.cinit)
                  0000359c    00000004     --HOLE-- [fill = 0]
                  000035a0    00000028     dsk6713bsl.lib : dsk6713_aic23_setfreq.obj (.cinit)
                  000035c8    00000004     --HOLE-- [fill = 0]

.const     0    000035cc    00000060     
                  000035cc    00000040     dsk6713bsl.lib : dsk6713_aic23_opencodec.obj (.const)
                  0000360c    00000020                    : dsk6713.obj (.const)


GLOBAL SYMBOLS: SORTED ALPHABETICALLY BY Name 

address    name
--------   ----
00000220   $bss
00000220   .bss
00000220   .text
00002520   C$$EXIT
0000319c   _AIC23CfgData
00003190   _AIC_data
00003274   _DSK6713_AIC23_codeccontrolhandle
00003278   _DSK6713_AIC23_codecdatahandle
000019c0   _DSK6713_AIC23_config
00000e60   _DSK6713_AIC23_openCodec
00001998   _DSK6713_AIC23_rget
00001900   _DSK6713_AIC23_rset
00001fa0   _DSK6713_AIC23_setFreq
00000df4   _DSK6713_getVersion
00000a2c   _DSK6713_init
00000d48   _DSK6713_rget
00000d5c   _DSK6713_rset
0000309a   _DSK6713_version
00000d70   _DSK6713_wait
00000dc8   _DSK6713_waitusec
00002340   _IRQ_enable
00002420   _IRQ_globalDisable
00002440   _IRQ_globalEnable
000015e0   _IRQ_map
00002460   _IRQ_nmiEnable
00002380   _IRQ_reset
00002100   _MCBSP_config
00002480   _MCBSP_getXmtEventId
00001c40   _MCBSP_open
000024a0   _MCBSP_read
00001780   _MCBSP_reset
000024c0   _MCBSP_rrdy
00001a40   _MCBSP_start
000024e0   _MCBSP_write
00002500   _MCBSP_xrdy
00003188   __IRQ_dispatchTable
000030c4   __IRQ_eventTable
00002540   __IRQ_hookFetchPacket
00003148   __IRQ_intTable
00003218   __MCBSP_hDev0
0000321c   __MCBSP_hDev1
00002d60   __STACK_END
00000800   __STACK_SIZE
00000001   __TI_args_main
00002240   ___TI_cpp_init
00003270   ___TI_enable_exit_profile_output
ffffffff   ___TI_pprof_out_hndl
ffffffff   ___TI_prof_data_size
ffffffff   ___TI_prof_data_start
ffffffff   ___binit__
00000220   ___bss__
ffffffff   ___c_args__
00003280   ___cinit__
00000220   ___end__
00002560   ___etext__
ffffffff   ___pinit__
00000220   ___text__
000023c0   __args_main
00001b40   __auto_init
00003268   __cleanup_ptr
0000326c   __dtors_ptr
00002560   __stack
00001d20   __strasg
00002520   _abort
00000220   _c6713_dsk_init
000022c0   _c_int00
000013a0   _c_int11
00000340   _comm_intr
0000030c   _comm_poll
000031bc   _config
00001ee0   _copy_in
00002e10   _dly
00001e00   _exit
00002e04   _fs
00002eb4   _h
000031e4   _hAIC23_handle
00002d60   _hlp600
00000848   _input_left_sample
00000910   _input_right_sample
00000744   _input_sample
00002e08   _inputsource
00002060   _main
00001160   _memcpy
00000584   _output_left_sample
00000664   _output_right_sample
0000046c   _output_sample
00000020   _vector1
00000140   _vector10
00000180   _vector12
000001a0   _vector13
000001c0   _vector14
000001e0   _vector15
00000040   _vector2
00000060   _vector3
00000080   _vector4
000000a0   _vector5
000000c0   _vector6
000000e0   _vector7
00000100   _vector8
00000120   _vector9
00000000   _vectors
00002e0c   _yn
ffffffff   binit
00003280   cinit
00000220   end
00002560   etext
ffffffff   pinit


GLOBAL SYMBOLS: SORTED BY Symbol Address 

address    name
--------   ----
00000000   _vectors
00000001   __TI_args_main
00000020   _vector1
00000040   _vector2
00000060   _vector3
00000080   _vector4
000000a0   _vector5
000000c0   _vector6
000000e0   _vector7
00000100   _vector8
00000120   _vector9
00000140   _vector10
00000180   _vector12
000001a0   _vector13
000001c0   _vector14
000001e0   _vector15
00000220   $bss
00000220   .bss
00000220   .text
00000220   ___bss__
00000220   ___end__
00000220   ___text__
00000220   _c6713_dsk_init
00000220   end
0000030c   _comm_poll
00000340   _comm_intr
0000046c   _output_sample
00000584   _output_left_sample
00000664   _output_right_sample
00000744   _input_sample
00000800   __STACK_SIZE
00000848   _input_left_sample
00000910   _input_right_sample
00000a2c   _DSK6713_init
00000d48   _DSK6713_rget
00000d5c   _DSK6713_rset
00000d70   _DSK6713_wait
00000dc8   _DSK6713_waitusec
00000df4   _DSK6713_getVersion
00000e60   _DSK6713_AIC23_openCodec
00001160   _memcpy
000013a0   _c_int11
000015e0   _IRQ_map
00001780   _MCBSP_reset
00001900   _DSK6713_AIC23_rset
00001998   _DSK6713_AIC23_rget
000019c0   _DSK6713_AIC23_config
00001a40   _MCBSP_start
00001b40   __auto_init
00001c40   _MCBSP_open
00001d20   __strasg
00001e00   _exit
00001ee0   _copy_in
00001fa0   _DSK6713_AIC23_setFreq
00002060   _main
00002100   _MCBSP_config
00002240   ___TI_cpp_init
000022c0   _c_int00
00002340   _IRQ_enable
00002380   _IRQ_reset
000023c0   __args_main
00002420   _IRQ_globalDisable
00002440   _IRQ_globalEnable
00002460   _IRQ_nmiEnable
00002480   _MCBSP_getXmtEventId
000024a0   _MCBSP_read
000024c0   _MCBSP_rrdy
000024e0   _MCBSP_write
00002500   _MCBSP_xrdy
00002520   C$$EXIT
00002520   _abort
00002540   __IRQ_hookFetchPacket
00002560   ___etext__
00002560   __stack
00002560   etext
00002d60   __STACK_END
00002d60   _hlp600
00002e04   _fs
00002e08   _inputsource
00002e0c   _yn
00002e10   _dly
00002eb4   _h
0000309a   _DSK6713_version
000030c4   __IRQ_eventTable
00003148   __IRQ_intTable
00003188   __IRQ_dispatchTable
00003190   _AIC_data
0000319c   _AIC23CfgData
000031bc   _config
000031e4   _hAIC23_handle
00003218   __MCBSP_hDev0
0000321c   __MCBSP_hDev1
00003268   __cleanup_ptr
0000326c   __dtors_ptr
00003270   ___TI_enable_exit_profile_output
00003274   _DSK6713_AIC23_codeccontrolhandle
00003278   _DSK6713_AIC23_codecdatahandle
00003280   ___cinit__
00003280   cinit
ffffffff   ___TI_pprof_out_hndl
ffffffff   ___TI_prof_data_size
ffffffff   ___TI_prof_data_start
ffffffff   ___binit__
ffffffff   ___c_args__
ffffffff   ___pinit__
ffffffff   binit
ffffffff   pinit

[107 symbols]
