******************************************************************************
               TMS320C6x Linker PC v7.4.14                     
******************************************************************************
>> Linked Thu May 24 14:35:54 2018

OUTPUT FILE NAME:   <sine_table.out>
ENTRY POINT SYMBOL: "_c_int00"  address: 00003040


MEMORY CONFIGURATION

         name            origin    length      used     unused   attr    fill
----------------------  --------  ---------  --------  --------  ----  --------
  VECS                  00000000   00000220  00000200  00000020  RWIX
  IRAM                  00000220   0002fde0  00003ed8  0002bf08  RWIX
  SDRAM                 80000000   01000000  00000000  01000000  RWIX
  FLASH                 90000000   00080000  00000000  00080000  RWIX


SECTION ALLOCATION MAP

 output                                  attributes/
section   page    origin      length       input sections
--------  ----  ----------  ----------   ----------------
$BRID      0    00000000    000000f4     COPY SECTION
                  00000000    00000078     csl6713.lib : csl_irq.obj ($BRID)
                  00000078    0000007c                 : csl_mcbsp.obj ($BRID)

.vectors   0    00000000    00000200     
                  00000000    00000200     Vectors_11.obj (.vectors)

.bss       0    00000220    00000000     UNINITIALIZED

.text      0    00000220    00003160     
                  00000220    000007c0     c6713dskinit.obj (.text)
                  000009e0    00000720     rts6700.lib : divd.obj (.text:__divd)
                  00001100    00000480     dsk6713bsl.lib : dsk6713.obj (.text)
                  00001580    00000300                    : dsk6713_aic23_opencodec.obj (.text)
                  00001880    000002e0     rts6700.lib : sin.obj (.text:_sin)
                  00001b60    00000240                 : memcpy62.obj (.text:_memcpy)
                  00001da0    000001a0     csl6713.lib : csl_irq.obj (.text:_IRQ_map)
                  00001f40    00000180                 : csl_mcbsp.obj (.text:_MCBSP_reset)
                  000020c0    00000180     sine_table.obj (.text:retain)
                  00002240    00000140     rts6700.lib : frcmpyd_div.obj (.text:__frcmpyd_div)
                  00002380    00000140     dsk6713bsl.lib : dsk6713_aic23_registers.obj (.text)
                  000024c0    00000140     sine_table.obj (.text)
                  00002600    00000100     csl6713.lib : csl_mcbsp.obj (.text:_MCBSP_start)
                  00002700    00000100     rts6700.lib : autoinit.obj (.text:__auto_init)
                  00002800    000000e0     csl6713.lib : csl_mcbsp.obj (.text:_MCBSP_open)
                  000028e0    000000e0     rts6700.lib : round.obj (.text:__nround)
                  000029c0    000000e0                 : strasg.obj (.text:__strasg)
                  00002aa0    000000e0                 : exit.obj (.text:_exit)
                  00002b80    000000e0                 : modf.obj (.text:_modf)
                  00002c60    000000c0                 : cpy_tbl.obj (.text:_copy_in)
                  00002d20    000000c0     dsk6713bsl.lib : dsk6713_aic23_setfreq.obj (.text)
                  00002de0    000000a0     csl6713.lib : csl_mcbsp.obj (.text:_MCBSP_config)
                  00002e80    000000a0     rts6700.lib : mpyll.obj (.text:__mpyll)
                  00002f20    000000a0     csl6713.lib : csl_irq.obj (.text:_setMux)
                  00002fc0    00000080     rts6700.lib : cpp_init.obj (.text:___TI_cpp_init)
                  00003040    00000080                 : boot.obj (.text:_c_int00)
                  000030c0    00000060                 : llshift.obj (.text:__llshru)
                  00003120    00000040     csl6713.lib : csl_irq.obj (.text:_IRQ_enable)
                  00003160    00000040                 : csl_irq.obj (.text:_IRQ_reset)
                  000031a0    00000040     rts6700.lib : args_main.obj (.text:__args_main)
                  000031e0    00000040                 : trunc.obj (.text:__trunc)
                  00003220    00000020     Vectors_11.obj (.text)
                  00003240    00000020     csl6713.lib : csl_irq.obj (.text:_IRQ_globalDisable)
                  00003260    00000020                 : csl_irq.obj (.text:_IRQ_globalEnable)
                  00003280    00000020                 : csl_irq.obj (.text:_IRQ_nmiEnable)
                  000032a0    00000020                 : csl_mcbsp.obj (.text:_MCBSP_getXmtEventId)
                  000032c0    00000020                 : csl_mcbsp.obj (.text:_MCBSP_read)
                  000032e0    00000020                 : csl_mcbsp.obj (.text:_MCBSP_rrdy)
                  00003300    00000020                 : csl_mcbsp.obj (.text:_MCBSP_write)
                  00003320    00000020                 : csl_mcbsp.obj (.text:_MCBSP_xrdy)
                  00003340    00000020     rts6700.lib : exit.obj (.text:_abort)
                  00003360    00000020     csl6713.lib : csl_irq.obj (.text)

.stack     0    00003380    00000800     UNINITIALIZED
                  00003380    00000008     rts6700.lib : boot.obj (.stack)
                  00003388    000007f8     --HOLE--

.cinit     0    00003b80    000002d4     
                  00003b80    0000012c     csl6713.lib : csl_irq.obj (.cinit)
                  00003cac    00000004     --HOLE-- [fill = 0]
                  00003cb0    00000058     c6713dskinit.obj (.cinit)
                  00003d08    00000054     csl6713.lib : csl_mcbsp.obj (.cinit)
                  00003d5c    00000004     --HOLE-- [fill = 0]
                  00003d60    00000048     rts6700.lib : sin.obj (.cinit)
                  00003da8    00000030     dsk6713bsl.lib : dsk6713_aic23_registers.obj (.cinit)
                  00003dd8    0000002c     rts6700.lib : exit.obj (.cinit)
                  00003e04    00000004     --HOLE-- [fill = 0]
                  00003e08    00000028     dsk6713bsl.lib : dsk6713_aic23_setfreq.obj (.cinit)
                  00003e30    0000001a     sine_table.obj (.cinit)
                  00003e4a    00000006     --HOLE-- [fill = 0]
                  00003e50    00000004     (.pad.cinit) [fill = 0]

.far       0    00003e58    00000244     UNINITIALIZED
                  00003e58    000000f4     csl6713.lib : csl_irq.obj (.far)
                  00003f4c    00000058     c6713dskinit.obj (.far)
                  00003fa4    00000002     dsk6713bsl.lib : dsk6713.obj (.far)
                  00003fa6    00000002     --HOLE--
                  00003fa8    00000040     rts6700.lib : sin.obj (.far)
                  00003fe8    00000038     csl6713.lib : csl_mcbsp.obj (.far)
                  00004020    00000028     dsk6713bsl.lib : dsk6713_aic23_registers.obj (.far)
                  00004048    00000020                    : dsk6713_aic23_setfreq.obj (.far)
                  00004068    00000020     sine_table.obj (.far)
                  00004088    0000000c     rts6700.lib : exit.obj (.far)
                  00004094    00000008     dsk6713bsl.lib : dsk6713_aic23_opencodec.obj (.far)

.const     0    0000409c    00000060     
                  0000409c    00000040     dsk6713bsl.lib : dsk6713_aic23_opencodec.obj (.const)
                  000040dc    00000020                    : dsk6713.obj (.const)


GLOBAL SYMBOLS: SORTED ALPHABETICALLY BY Name 

address    name
--------   ----
00000220   $bss
00000220   .bss
00000220   .text
00003340   C$$EXIT
00003f58   _AIC23CfgData
00003f4c   _AIC_data
00004094   _DSK6713_AIC23_codeccontrolhandle
00004098   _DSK6713_AIC23_codecdatahandle
00002440   _DSK6713_AIC23_config
00001580   _DSK6713_AIC23_openCodec
00002418   _DSK6713_AIC23_rget
00002380   _DSK6713_AIC23_rset
00002d20   _DSK6713_AIC23_setFreq
00001514   _DSK6713_getVersion
0000114c   _DSK6713_init
00001468   _DSK6713_rget
0000147c   _DSK6713_rset
00003fa4   _DSK6713_version
00001490   _DSK6713_wait
000014e8   _DSK6713_waitusec
00003120   _IRQ_enable
00003240   _IRQ_globalDisable
00003260   _IRQ_globalEnable
00001da0   _IRQ_map
00003280   _IRQ_nmiEnable
00003160   _IRQ_reset
00002de0   _MCBSP_config
000032a0   _MCBSP_getXmtEventId
00002800   _MCBSP_open
000032c0   _MCBSP_read
00001f40   _MCBSP_reset
000032e0   _MCBSP_rrdy
00002600   _MCBSP_start
00003300   _MCBSP_write
00003320   _MCBSP_xrdy
00003f44   __IRQ_dispatchTable
00003e80   __IRQ_eventTable
00003360   __IRQ_hookFetchPacket
00003f04   __IRQ_intTable
00004018   __MCBSP_hDev0
0000401c   __MCBSP_hDev1
00003b80   __STACK_END
00000800   __STACK_SIZE
00000001   __TI_args_main
00002fc0   ___TI_cpp_init
00004090   ___TI_enable_exit_profile_output
ffffffff   ___TI_pprof_out_hndl
ffffffff   ___TI_prof_data_size
ffffffff   ___TI_prof_data_start
ffffffff   ___binit__
00000220   ___bss__
ffffffff   ___c_args__
00003b80   ___cinit__
00000220   ___end__
00003380   ___etext__
ffffffff   ___pinit__
00000220   ___text__
000031a0   __args_main
00002700   __auto_init
00004088   __cleanup_ptr
000009e0   __divd
0000408c   __dtors_ptr
00002240   __frcmpyd_div
000030c0   __llshru
00002e80   __mpyll
000028e0   __nround
00003380   __stack
000029c0   __strasg
000031e0   __trunc
00003340   _abort
00000220   _c6713_dsk_init
00003040   _c_int00
000020c0   _c_int11
00000340   _comm_intr
0000030c   _comm_poll
00003f78   _config
00002c60   _copy_in
00002aa0   _exit
00004068   _fs
00003fa0   _hAIC23_handle
00004084   _i
00000848   _input_left_sample
00000910   _input_right_sample
00000744   _input_sample
0000406c   _inputsource
000024c0   _main
00001b60   _memcpy
00002b80   _modf
00000584   _output_left_sample
00000664   _output_right_sample
0000046c   _output_sample
00001880   _sin
00004070   _sine_table
00000020   _vector1
00000140   _vector10
00000180   _vector12
000001a0   _vector13
000001c0   _vector14
000001e0   _vector15
00000040   _vector2
00000060   _vector3
00000080   _vector4
000000a0   _vector5
000000c0   _vector6
000000e0   _vector7
00000100   _vector8
00000120   _vector9
00000000   _vectors
ffffffff   binit
00003b80   cinit
00000220   end
00003380   etext
ffffffff   pinit


GLOBAL SYMBOLS: SORTED BY Symbol Address 

address    name
--------   ----
00000000   _vectors
00000001   __TI_args_main
00000020   _vector1
00000040   _vector2
00000060   _vector3
00000080   _vector4
000000a0   _vector5
000000c0   _vector6
000000e0   _vector7
00000100   _vector8
00000120   _vector9
00000140   _vector10
00000180   _vector12
000001a0   _vector13
000001c0   _vector14
000001e0   _vector15
00000220   $bss
00000220   .bss
00000220   .text
00000220   ___bss__
00000220   ___end__
00000220   ___text__
00000220   _c6713_dsk_init
00000220   end
0000030c   _comm_poll
00000340   _comm_intr
0000046c   _output_sample
00000584   _output_left_sample
00000664   _output_right_sample
00000744   _input_sample
00000800   __STACK_SIZE
00000848   _input_left_sample
00000910   _input_right_sample
000009e0   __divd
0000114c   _DSK6713_init
00001468   _DSK6713_rget
0000147c   _DSK6713_rset
00001490   _DSK6713_wait
000014e8   _DSK6713_waitusec
00001514   _DSK6713_getVersion
00001580   _DSK6713_AIC23_openCodec
00001880   _sin
00001b60   _memcpy
00001da0   _IRQ_map
00001f40   _MCBSP_reset
000020c0   _c_int11
00002240   __frcmpyd_div
00002380   _DSK6713_AIC23_rset
00002418   _DSK6713_AIC23_rget
00002440   _DSK6713_AIC23_config
000024c0   _main
00002600   _MCBSP_start
00002700   __auto_init
00002800   _MCBSP_open
000028e0   __nround
000029c0   __strasg
00002aa0   _exit
00002b80   _modf
00002c60   _copy_in
00002d20   _DSK6713_AIC23_setFreq
00002de0   _MCBSP_config
00002e80   __mpyll
00002fc0   ___TI_cpp_init
00003040   _c_int00
000030c0   __llshru
00003120   _IRQ_enable
00003160   _IRQ_reset
000031a0   __args_main
000031e0   __trunc
00003240   _IRQ_globalDisable
00003260   _IRQ_globalEnable
00003280   _IRQ_nmiEnable
000032a0   _MCBSP_getXmtEventId
000032c0   _MCBSP_read
000032e0   _MCBSP_rrdy
00003300   _MCBSP_write
00003320   _MCBSP_xrdy
00003340   C$$EXIT
00003340   _abort
00003360   __IRQ_hookFetchPacket
00003380   ___etext__
00003380   __stack
00003380   etext
00003b80   __STACK_END
00003b80   ___cinit__
00003b80   cinit
00003e80   __IRQ_eventTable
00003f04   __IRQ_intTable
00003f44   __IRQ_dispatchTable
00003f4c   _AIC_data
00003f58   _AIC23CfgData
00003f78   _config
00003fa0   _hAIC23_handle
00003fa4   _DSK6713_version
00004018   __MCBSP_hDev0
0000401c   __MCBSP_hDev1
00004068   _fs
0000406c   _inputsource
00004070   _sine_table
00004084   _i
00004088   __cleanup_ptr
0000408c   __dtors_ptr
00004090   ___TI_enable_exit_profile_output
00004094   _DSK6713_AIC23_codeccontrolhandle
00004098   _DSK6713_AIC23_codecdatahandle
ffffffff   ___TI_pprof_out_hndl
ffffffff   ___TI_prof_data_size
ffffffff   ___TI_prof_data_start
ffffffff   ___binit__
ffffffff   ___c_args__
ffffffff   ___pinit__
ffffffff   binit
ffffffff   pinit

[113 symbols]
