<?xml version="1.0"?>
<link_info>
   <banner>TMS320C6x Linker PC v7.4.14</banner>
   <copyright>Copyright (c) 1996-2015 Texas Instruments Incorporated</copyright>
   <link_time>0x5b065d32</link_time>
   <output_file>LED_IO.out</output_file>
   <entry_point>
      <name>_c_int00</name>
      <address>0x2de0</address>
   </entry_point>
   <input_file_list>
      <input_file id="fl-2">
         <path>.\</path>
         <kind>object</kind>
         <file>main.obj</file>
         <name>main.obj</name>
      </input_file>
      <input_file id="fl-3">
         <path>.\</path>
         <kind>object</kind>
         <file>vectors.obj</file>
         <name>vectors.obj</name>
      </input_file>
      <input_file id="fl-80">
         <path>C:\ti\ccsv6\tools\compiler\c6000_7.4.14\lib\</path>
         <kind>archive</kind>
         <file>rts6700.lib</file>
         <name>boot.obj</name>
      </input_file>
      <input_file id="fl-81">
         <path>C:\ti\ccsv6\tools\compiler\c6000_7.4.14\lib\</path>
         <kind>archive</kind>
         <file>rts6700.lib</file>
         <name>exit.obj</name>
      </input_file>
      <input_file id="fl-82">
         <path>C:\ti\ccsv6\tools\compiler\c6000_7.4.14\lib\</path>
         <kind>archive</kind>
         <file>rts6700.lib</file>
         <name>fputs.obj</name>
      </input_file>
      <input_file id="fl-83">
         <path>C:\ti\ccsv6\tools\compiler\c6000_7.4.14\lib\</path>
         <kind>archive</kind>
         <file>rts6700.lib</file>
         <name>lowlev.obj</name>
      </input_file>
      <input_file id="fl-84">
         <path>C:\ti\ccsv6\tools\compiler\c6000_7.4.14\lib\</path>
         <kind>archive</kind>
         <file>rts6700.lib</file>
         <name>memcpy62.obj</name>
      </input_file>
      <input_file id="fl-85">
         <path>C:\ti\ccsv6\tools\compiler\c6000_7.4.14\lib\</path>
         <kind>archive</kind>
         <file>rts6700.lib</file>
         <name>trgdrv.obj</name>
      </input_file>
      <input_file id="fl-86">
         <path>C:\ti\ccsv6\tools\compiler\c6000_7.4.14\lib\</path>
         <kind>archive</kind>
         <file>rts6700.lib</file>
         <name>trgmsg.obj</name>
      </input_file>
      <input_file id="fl-87">
         <path>C:\ti\ccsv6\tools\compiler\c6000_7.4.14\lib\</path>
         <kind>archive</kind>
         <file>rts6700.lib</file>
         <name>_io_perm.obj</name>
      </input_file>
      <input_file id="fl-88">
         <path>C:\ti\ccsv6\tools\compiler\c6000_7.4.14\lib\</path>
         <kind>archive</kind>
         <file>rts6700.lib</file>
         <name>_lock.obj</name>
      </input_file>
      <input_file id="fl-89">
         <path>C:\ti\ccsv6\tools\compiler\c6000_7.4.14\lib\</path>
         <kind>archive</kind>
         <file>rts6700.lib</file>
         <name>args_main.obj</name>
      </input_file>
      <input_file id="fl-8a">
         <path>C:\ti\ccsv6\tools\compiler\c6000_7.4.14\lib\</path>
         <kind>archive</kind>
         <file>rts6700.lib</file>
         <name>autoinit.obj</name>
      </input_file>
      <input_file id="fl-8b">
         <path>C:\ti\ccsv6\tools\compiler\c6000_7.4.14\lib\</path>
         <kind>archive</kind>
         <file>rts6700.lib</file>
         <name>cpp_init.obj</name>
      </input_file>
      <input_file id="fl-8c">
         <path>C:\ti\ccsv6\tools\compiler\c6000_7.4.14\lib\</path>
         <kind>archive</kind>
         <file>rts6700.lib</file>
         <name>cpy_tbl.obj</name>
      </input_file>
      <input_file id="fl-8d">
         <path>C:\ti\ccsv6\tools\compiler\c6000_7.4.14\lib\</path>
         <kind>archive</kind>
         <file>rts6700.lib</file>
         <name>defs.obj</name>
      </input_file>
      <input_file id="fl-8e">
         <path>C:\ti\ccsv6\tools\compiler\c6000_7.4.14\lib\</path>
         <kind>archive</kind>
         <file>rts6700.lib</file>
         <name>fflush.obj</name>
      </input_file>
      <input_file id="fl-8f">
         <path>C:\ti\ccsv6\tools\compiler\c6000_7.4.14\lib\</path>
         <kind>archive</kind>
         <file>rts6700.lib</file>
         <name>fseek.obj</name>
      </input_file>
      <input_file id="fl-90">
         <path>C:\ti\ccsv6\tools\compiler\c6000_7.4.14\lib\</path>
         <kind>archive</kind>
         <file>rts6700.lib</file>
         <name>setvbuf.obj</name>
      </input_file>
      <input_file id="fl-91">
         <path>C:\ti\ccsv6\tools\compiler\c6000_7.4.14\lib\</path>
         <kind>archive</kind>
         <file>rts6700.lib</file>
         <name>fopen.obj</name>
      </input_file>
      <input_file id="fl-92">
         <path>C:\ti\ccsv6\tools\compiler\c6000_7.4.14\lib\</path>
         <kind>archive</kind>
         <file>rts6700.lib</file>
         <name>memory.obj</name>
      </input_file>
      <input_file id="fl-93">
         <path>C:\ti\ccsv6\tools\compiler\c6000_7.4.14\lib\</path>
         <kind>archive</kind>
         <file>rts6700.lib</file>
         <name>memset.obj</name>
      </input_file>
      <input_file id="fl-94">
         <path>C:\ti\ccsv6\tools\compiler\c6000_7.4.14\lib\</path>
         <kind>archive</kind>
         <file>rts6700.lib</file>
         <name>fclose.obj</name>
      </input_file>
      <input_file id="fl-95">
         <path>C:\ti\ccsv6\tools\compiler\c6000_7.4.14\lib\</path>
         <kind>archive</kind>
         <file>rts6700.lib</file>
         <name>remove.obj</name>
      </input_file>
   </input_file_list>
   <object_component_list>
      <object_component id="oc-7b">
         <name>.text:_fputs</name>
         <load_address>0x220</load_address>
         <run_address>0x220</run_address>
         <size>0x4c0</size>
         <input_file_ref idref="fl-82"/>
      </object_component>
      <object_component id="oc-82">
         <name>.text:_free</name>
         <load_address>0x6e0</load_address>
         <run_address>0x6e0</run_address>
         <size>0x380</size>
         <input_file_ref idref="fl-92"/>
      </object_component>
      <object_component id="oc-80">
         <name>.text:_setvbuf</name>
         <load_address>0xa60</load_address>
         <run_address>0xa60</run_address>
         <size>0x2c0</size>
         <input_file_ref idref="fl-90"/>
      </object_component>
      <object_component id="oc-83">
         <name>.text:_malloc</name>
         <load_address>0xd20</load_address>
         <run_address>0xd20</run_address>
         <size>0x240</size>
         <input_file_ref idref="fl-92"/>
      </object_component>
      <object_component id="oc-74">
         <name>.text:_memcpy</name>
         <load_address>0xf60</load_address>
         <run_address>0xf60</run_address>
         <size>0x240</size>
         <input_file_ref idref="fl-84"/>
      </object_component>
      <object_component id="oc-71">
         <name>.text:_HOSTrename</name>
         <load_address>0x11a0</load_address>
         <run_address>0x11a0</run_address>
         <size>0x220</size>
         <input_file_ref idref="fl-85"/>
      </object_component>
      <object_component id="oc-8b">
         <name>.text:_getdevice</name>
         <load_address>0x13c0</load_address>
         <run_address>0x13c0</run_address>
         <size>0x1e0</size>
         <input_file_ref idref="fl-83"/>
      </object_component>
      <object_component id="oc-7f">
         <name>.text:_fseek</name>
         <load_address>0x15a0</load_address>
         <run_address>0x15a0</run_address>
         <size>0x1c0</size>
         <input_file_ref idref="fl-8f"/>
      </object_component>
      <object_component id="oc-6f">
         <name>.text:_HOSTlseek</name>
         <load_address>0x1760</load_address>
         <run_address>0x1760</run_address>
         <size>0x160</size>
         <input_file_ref idref="fl-85"/>
      </object_component>
      <object_component id="oc-87">
         <name>.text:__closefile</name>
         <load_address>0x18c0</load_address>
         <run_address>0x18c0</run_address>
         <size>0x160</size>
         <input_file_ref idref="fl-94"/>
      </object_component>
      <object_component id="oc-6d">
         <name>.text:_HOSTread</name>
         <load_address>0x1a20</load_address>
         <run_address>0x1a20</run_address>
         <size>0x140</size>
         <input_file_ref idref="fl-85"/>
      </object_component>
      <object_component id="oc-6b">
         <name>.text:_HOSTopen</name>
         <load_address>0x1b60</load_address>
         <run_address>0x1b60</run_address>
         <size>0x120</size>
         <input_file_ref idref="fl-85"/>
      </object_component>
      <object_component id="oc-6e">
         <name>.text:_HOSTwrite</name>
         <load_address>0x1c80</load_address>
         <run_address>0x1c80</run_address>
         <size>0x120</size>
         <input_file_ref idref="fl-85"/>
      </object_component>
      <object_component id="oc-7c">
         <name>.text:__wrt_ok</name>
         <load_address>0x1da0</load_address>
         <run_address>0x1da0</run_address>
         <size>0x120</size>
         <input_file_ref idref="fl-87"/>
      </object_component>
      <object_component id="oc-88">
         <name>.text:_close</name>
         <load_address>0x1ec0</load_address>
         <run_address>0x1ec0</run_address>
         <size>0x120</size>
         <input_file_ref idref="fl-83"/>
      </object_component>
      <object_component id="oc-6c">
         <name>.text:_HOSTclose</name>
         <load_address>0x1fe0</load_address>
         <run_address>0x1fe0</run_address>
         <size>0x100</size>
         <input_file_ref idref="fl-85"/>
      </object_component>
      <object_component id="oc-70">
         <name>.text:_HOSTunlink</name>
         <load_address>0x20e0</load_address>
         <run_address>0x20e0</run_address>
         <size>0x100</size>
         <input_file_ref idref="fl-85"/>
      </object_component>
      <object_component id="oc-68">
         <name>.text:__auto_init</name>
         <load_address>0x21e0</load_address>
         <run_address>0x21e0</run_address>
         <size>0x100</size>
         <input_file_ref idref="fl-8a"/>
      </object_component>
      <object_component id="oc-81">
         <name>.text:_lseek</name>
         <load_address>0x22e0</load_address>
         <run_address>0x22e0</run_address>
         <size>0x100</size>
         <input_file_ref idref="fl-83"/>
      </object_component>
      <object_component id="oc-7e">
         <name>.text:_write</name>
         <load_address>0x23e0</load_address>
         <run_address>0x23e0</run_address>
         <size>0x100</size>
         <input_file_ref idref="fl-83"/>
      </object_component>
      <object_component id="oc-84">
         <name>.text:__cleanup</name>
         <load_address>0x24e0</load_address>
         <run_address>0x24e0</run_address>
         <size>0xe0</size>
         <input_file_ref idref="fl-91"/>
      </object_component>
      <object_component id="oc-7d">
         <name>.text:__doflush</name>
         <load_address>0x25c0</load_address>
         <run_address>0x25c0</run_address>
         <size>0xe0</size>
         <input_file_ref idref="fl-8e"/>
      </object_component>
      <object_component id="oc-6a">
         <name>.text:_exit</name>
         <load_address>0x26a0</load_address>
         <run_address>0x26a0</run_address>
         <size>0xe0</size>
         <input_file_ref idref="fl-81"/>
      </object_component>
      <object_component id="oc-86">
         <name>.text:_minsert</name>
         <load_address>0x2780</load_address>
         <run_address>0x2780</run_address>
         <size>0xe0</size>
         <input_file_ref idref="fl-92"/>
      </object_component>
      <object_component id="oc-85">
         <name>.text:_mremove</name>
         <load_address>0x2860</load_address>
         <run_address>0x2860</run_address>
         <size>0xe0</size>
         <input_file_ref idref="fl-92"/>
      </object_component>
      <object_component id="oc-73">
         <name>.text:_copy_in</name>
         <load_address>0x2940</load_address>
         <run_address>0x2940</run_address>
         <size>0xc0</size>
         <input_file_ref idref="fl-8c"/>
      </object_component>
      <object_component id="oc-8c">
         <name>.text:_finddevice</name>
         <load_address>0x2a00</load_address>
         <run_address>0x2a00</run_address>
         <size>0xc0</size>
         <input_file_ref idref="fl-83"/>
      </object_component>
      <object_component id="oc-76">
         <name>.text</name>
         <load_address>0x2ac0</load_address>
         <run_address>0x2ac0</run_address>
         <size>0xc0</size>
         <input_file_ref idref="fl-2"/>
      </object_component>
      <object_component id="oc-79">
         <name>.text:_readmsg</name>
         <load_address>0x2b80</load_address>
         <run_address>0x2b80</run_address>
         <size>0xa0</size>
         <input_file_ref idref="fl-86"/>
      </object_component>
      <object_component id="oc-8a">
         <name>.text:_unlink</name>
         <load_address>0x2c20</load_address>
         <run_address>0x2c20</run_address>
         <size>0xa0</size>
         <input_file_ref idref="fl-83"/>
      </object_component>
      <object_component id="oc-78">
         <name>.text:_writemsg</name>
         <load_address>0x2cc0</load_address>
         <run_address>0x2cc0</run_address>
         <size>0xa0</size>
         <input_file_ref idref="fl-86"/>
      </object_component>
      <object_component id="oc-75">
         <name>.text:___TI_cpp_init</name>
         <load_address>0x2d60</load_address>
         <run_address>0x2d60</run_address>
         <size>0x80</size>
         <input_file_ref idref="fl-8b"/>
      </object_component>
      <object_component id="oc-c">
         <name>.text:_c_int00</name>
         <load_address>0x2de0</load_address>
         <run_address>0x2de0</run_address>
         <size>0x80</size>
         <input_file_ref idref="fl-80"/>
      </object_component>
      <object_component id="oc-7a">
         <name>.text:_puts</name>
         <load_address>0x2e60</load_address>
         <run_address>0x2e60</run_address>
         <size>0x60</size>
         <input_file_ref idref="fl-82"/>
      </object_component>
      <object_component id="oc-69">
         <name>.text:__args_main</name>
         <load_address>0x2ec0</load_address>
         <run_address>0x2ec0</run_address>
         <size>0x40</size>
         <input_file_ref idref="fl-89"/>
      </object_component>
      <object_component id="oc-72">
         <name>.text:__nop</name>
         <load_address>0x2f00</load_address>
         <run_address>0x2f00</run_address>
         <size>0x20</size>
         <input_file_ref idref="fl-88"/>
      </object_component>
      <object_component id="oc-77">
         <name>.text:_abort</name>
         <load_address>0x2f20</load_address>
         <run_address>0x2f20</run_address>
         <size>0x20</size>
         <input_file_ref idref="fl-81"/>
      </object_component>
      <object_component id="oc-89">
         <name>.text:_remove</name>
         <load_address>0x2f40</load_address>
         <run_address>0x2f40</run_address>
         <size>0x20</size>
         <input_file_ref idref="fl-95"/>
      </object_component>
      <object_component id="oc-48">
         <name>.cinit</name>
         <load_address>0x3bc8</load_address>
         <run_address>0x3bc8</run_address>
         <size>0x5c</size>
         <input_file_ref idref="fl-8d"/>
      </object_component>
      <object_component id="oc-24">
         <name>.cinit</name>
         <load_address>0x3c28</load_address>
         <run_address>0x3c28</run_address>
         <size>0x5c</size>
         <input_file_ref idref="fl-83"/>
      </object_component>
      <object_component id="oc-1b">
         <name>.cinit</name>
         <load_address>0x3c88</load_address>
         <run_address>0x3c88</run_address>
         <size>0x2c</size>
         <input_file_ref idref="fl-81"/>
      </object_component>
      <object_component id="oc-5a">
         <name>.cinit</name>
         <load_address>0x3cb8</load_address>
         <run_address>0x3cb8</run_address>
         <size>0x2c</size>
         <input_file_ref idref="fl-92"/>
      </object_component>
      <object_component id="oc-37">
         <name>.cinit</name>
         <load_address>0x3ce8</load_address>
         <run_address>0x3ce8</run_address>
         <size>0x1c</size>
         <input_file_ref idref="fl-88"/>
      </object_component>
      <object_component id="oc-55">
         <name>.cinit</name>
         <load_address>0x3d08</load_address>
         <run_address>0x3d08</run_address>
         <size>0xc</size>
         <input_file_ref idref="fl-91"/>
      </object_component>
      <object_component id="oc-17">
         <name>.stack</name>
         <uninitialized>true</uninitialized>
         <run_address>0x2f60</run_address>
         <size>0x8</size>
         <input_file_ref idref="fl-80"/>
      </object_component>
      <object_component id="oc-a2">
         <name>.stack</name>
         <uninitialized>true</uninitialized>
         <run_address>0x2f60</run_address>
         <size>0x0</size>
      </object_component>
      <object_component id="oc-5c">
         <name>.sysmem</name>
         <uninitialized>true</uninitialized>
         <run_address>0x80000000</run_address>
         <size>0x8</size>
         <input_file_ref idref="fl-92"/>
      </object_component>
      <object_component id="oc-a3">
         <name>.sysmem</name>
         <uninitialized>true</uninitialized>
         <run_address>0x80000000</run_address>
         <size>0x0</size>
      </object_component>
      <object_component id="oc-e">
         <name>.const:.string</name>
         <load_address>0x3d1c</load_address>
         <run_address>0x3d1c</run_address>
         <size>0x10</size>
         <input_file_ref idref="fl-2"/>
      </object_component>
      <object_component id="oc-20">
         <name>.const:.string</name>
         <load_address>0x3d2c</load_address>
         <run_address>0x3d2c</run_address>
         <size>0x2</size>
         <input_file_ref idref="fl-82"/>
      </object_component>
      <object_component id="oc-1c">
         <name>.far</name>
         <uninitialized>true</uninitialized>
         <run_address>0x3ba0</run_address>
         <size>0xc</size>
         <input_file_ref idref="fl-81"/>
      </object_component>
      <object_component id="oc-25">
         <name>.far</name>
         <uninitialized>true</uninitialized>
         <run_address>0x3a84</run_address>
         <size>0x11c</size>
         <input_file_ref idref="fl-83"/>
      </object_component>
      <object_component id="oc-2c">
         <name>.far</name>
         <uninitialized>true</uninitialized>
         <run_address>0x3bbc</run_address>
         <size>0x8</size>
         <input_file_ref idref="fl-85"/>
      </object_component>
      <object_component id="oc-38">
         <name>.far</name>
         <uninitialized>true</uninitialized>
         <run_address>0x3bac</run_address>
         <size>0x8</size>
         <input_file_ref idref="fl-88"/>
      </object_component>
      <object_component id="oc-49">
         <name>.far</name>
         <uninitialized>true</uninitialized>
         <run_address>0x3760</run_address>
         <size>0x324</size>
         <input_file_ref idref="fl-8d"/>
      </object_component>
      <object_component id="oc-56">
         <name>.far</name>
         <uninitialized>true</uninitialized>
         <run_address>0x3bc4</run_address>
         <size>0x4</size>
         <input_file_ref idref="fl-91"/>
      </object_component>
      <object_component id="oc-5b">
         <name>.far</name>
         <uninitialized>true</uninitialized>
         <run_address>0x3bb4</run_address>
         <size>0x8</size>
         <input_file_ref idref="fl-92"/>
      </object_component>
      <object_component id="oc-30">
         <name>.cio</name>
         <uninitialized>true</uninitialized>
         <run_address>0x80000800</run_address>
         <size>0x120</size>
         <input_file_ref idref="fl-86"/>
      </object_component>
      <object_component id="oc-d">
         <name>.debug_info</name>
         <load_address>0x0</load_address>
         <run_address>0x0</run_address>
         <size>0x7b5</size>
         <input_file_ref idref="fl-2"/>
      </object_component>
      <object_component id="oc-13">
         <name>.debug_info</name>
         <load_address>0x7b5</load_address>
         <run_address>0x7b5</run_address>
         <size>0xb8</size>
         <input_file_ref idref="fl-3"/>
      </object_component>
      <object_component id="oc-16">
         <name>.debug_info</name>
         <load_address>0x86d</load_address>
         <run_address>0x86d</run_address>
         <size>0x710</size>
         <input_file_ref idref="fl-80"/>
      </object_component>
      <object_component id="oc-1a">
         <name>.debug_info</name>
         <load_address>0xf7d</load_address>
         <run_address>0xf7d</run_address>
         <size>0x806</size>
         <input_file_ref idref="fl-81"/>
      </object_component>
      <object_component id="oc-1f">
         <name>.debug_info</name>
         <load_address>0x1783</load_address>
         <run_address>0x1783</run_address>
         <size>0xc1e</size>
         <input_file_ref idref="fl-82"/>
      </object_component>
      <object_component id="oc-23">
         <name>.debug_info</name>
         <load_address>0x23a1</load_address>
         <run_address>0x23a1</run_address>
         <size>0xf8a</size>
         <input_file_ref idref="fl-83"/>
      </object_component>
      <object_component id="oc-28">
         <name>.debug_info</name>
         <load_address>0x332b</load_address>
         <run_address>0x332b</run_address>
         <size>0x79b</size>
         <input_file_ref idref="fl-84"/>
      </object_component>
      <object_component id="oc-2b">
         <name>.debug_info</name>
         <load_address>0x3ac6</load_address>
         <run_address>0x3ac6</run_address>
         <size>0xf31</size>
         <input_file_ref idref="fl-85"/>
      </object_component>
      <object_component id="oc-2f">
         <name>.debug_info</name>
         <load_address>0x49f7</load_address>
         <run_address>0x49f7</run_address>
         <size>0x8de</size>
         <input_file_ref idref="fl-86"/>
      </object_component>
      <object_component id="oc-33">
         <name>.debug_info</name>
         <load_address>0x52d5</load_address>
         <run_address>0x52d5</run_address>
         <size>0x75f</size>
         <input_file_ref idref="fl-87"/>
      </object_component>
      <object_component id="oc-36">
         <name>.debug_info</name>
         <load_address>0x5a34</load_address>
         <run_address>0x5a34</run_address>
         <size>0x651</size>
         <input_file_ref idref="fl-88"/>
      </object_component>
      <object_component id="oc-3b">
         <name>.debug_info</name>
         <load_address>0x6085</load_address>
         <run_address>0x6085</run_address>
         <size>0x6e6</size>
         <input_file_ref idref="fl-89"/>
      </object_component>
      <object_component id="oc-3e">
         <name>.debug_info</name>
         <load_address>0x676b</load_address>
         <run_address>0x676b</run_address>
         <size>0x878</size>
         <input_file_ref idref="fl-8a"/>
      </object_component>
      <object_component id="oc-41">
         <name>.debug_info</name>
         <load_address>0x6fe3</load_address>
         <run_address>0x6fe3</run_address>
         <size>0x6f0</size>
         <input_file_ref idref="fl-8b"/>
      </object_component>
      <object_component id="oc-44">
         <name>.debug_info</name>
         <load_address>0x76d3</load_address>
         <run_address>0x76d3</run_address>
         <size>0x7e6</size>
         <input_file_ref idref="fl-8c"/>
      </object_component>
      <object_component id="oc-47">
         <name>.debug_info</name>
         <load_address>0x7eb9</load_address>
         <run_address>0x7eb9</run_address>
         <size>0x6ec</size>
         <input_file_ref idref="fl-8d"/>
      </object_component>
      <object_component id="oc-4b">
         <name>.debug_info</name>
         <load_address>0x85a5</load_address>
         <run_address>0x85a5</run_address>
         <size>0x786</size>
         <input_file_ref idref="fl-8e"/>
      </object_component>
      <object_component id="oc-4e">
         <name>.debug_info</name>
         <load_address>0x8d2b</load_address>
         <run_address>0x8d2b</run_address>
         <size>0x7be</size>
         <input_file_ref idref="fl-8f"/>
      </object_component>
      <object_component id="oc-51">
         <name>.debug_info</name>
         <load_address>0x94e9</load_address>
         <run_address>0x94e9</run_address>
         <size>0x818</size>
         <input_file_ref idref="fl-90"/>
      </object_component>
      <object_component id="oc-54">
         <name>.debug_info</name>
         <load_address>0x9d01</load_address>
         <run_address>0x9d01</run_address>
         <size>0x88c</size>
         <input_file_ref idref="fl-91"/>
      </object_component>
      <object_component id="oc-59">
         <name>.debug_info</name>
         <load_address>0xa58d</load_address>
         <run_address>0xa58d</run_address>
         <size>0xb54</size>
         <input_file_ref idref="fl-92"/>
      </object_component>
      <object_component id="oc-5f">
         <name>.debug_info</name>
         <load_address>0xb0e1</load_address>
         <run_address>0xb0e1</run_address>
         <size>0x653</size>
         <input_file_ref idref="fl-93"/>
      </object_component>
      <object_component id="oc-62">
         <name>.debug_info</name>
         <load_address>0xb734</load_address>
         <run_address>0xb734</run_address>
         <size>0x80b</size>
         <input_file_ref idref="fl-94"/>
      </object_component>
      <object_component id="oc-65">
         <name>.debug_info</name>
         <load_address>0xbf3f</load_address>
         <run_address>0xbf3f</run_address>
         <size>0x669</size>
         <input_file_ref idref="fl-95"/>
      </object_component>
      <object_component id="oc-a4">
         <name>.debug_info</name>
         <load_address>0xc5a8</load_address>
         <run_address>0xc5a8</run_address>
         <size>0x6e</size>
      </object_component>
      <object_component id="oc-f">
         <name>.debug_frame</name>
         <load_address>0x0</load_address>
         <run_address>0x0</run_address>
         <size>0x274</size>
         <input_file_ref idref="fl-2"/>
      </object_component>
      <object_component id="oc-10">
         <name>.debug_line</name>
         <load_address>0x0</load_address>
         <run_address>0x0</run_address>
         <size>0x6f</size>
         <input_file_ref idref="fl-2"/>
      </object_component>
      <object_component id="oc-14">
         <name>.debug_line</name>
         <load_address>0x6f</load_address>
         <run_address>0x6f</run_address>
         <size>0x41</size>
         <input_file_ref idref="fl-3"/>
      </object_component>
      <object_component id="oc-18">
         <name>.debug_line</name>
         <load_address>0xb0</load_address>
         <run_address>0xb0</run_address>
         <size>0x3d</size>
         <input_file_ref idref="fl-80"/>
      </object_component>
      <object_component id="oc-1d">
         <name>.debug_line</name>
         <load_address>0xed</load_address>
         <run_address>0xed</run_address>
         <size>0x4f</size>
         <input_file_ref idref="fl-81"/>
      </object_component>
      <object_component id="oc-21">
         <name>.debug_line</name>
         <load_address>0x13c</load_address>
         <run_address>0x13c</run_address>
         <size>0xc1</size>
         <input_file_ref idref="fl-82"/>
      </object_component>
      <object_component id="oc-26">
         <name>.debug_line</name>
         <load_address>0x1fd</load_address>
         <run_address>0x1fd</run_address>
         <size>0x111</size>
         <input_file_ref idref="fl-83"/>
      </object_component>
      <object_component id="oc-29">
         <name>.debug_line</name>
         <load_address>0x30e</load_address>
         <run_address>0x30e</run_address>
         <size>0x4e</size>
         <input_file_ref idref="fl-84"/>
      </object_component>
      <object_component id="oc-2d">
         <name>.debug_line</name>
         <load_address>0x35c</load_address>
         <run_address>0x35c</run_address>
         <size>0x13e</size>
         <input_file_ref idref="fl-85"/>
      </object_component>
      <object_component id="oc-31">
         <name>.debug_line</name>
         <load_address>0x49a</load_address>
         <run_address>0x49a</run_address>
         <size>0x64</size>
         <input_file_ref idref="fl-86"/>
      </object_component>
      <object_component id="oc-34">
         <name>.debug_line</name>
         <load_address>0x4fe</load_address>
         <run_address>0x4fe</run_address>
         <size>0x40</size>
         <input_file_ref idref="fl-87"/>
      </object_component>
      <object_component id="oc-39">
         <name>.debug_line</name>
         <load_address>0x53e</load_address>
         <run_address>0x53e</run_address>
         <size>0x36</size>
         <input_file_ref idref="fl-88"/>
      </object_component>
      <object_component id="oc-3c">
         <name>.debug_line</name>
         <load_address>0x574</load_address>
         <run_address>0x574</run_address>
         <size>0x41</size>
         <input_file_ref idref="fl-89"/>
      </object_component>
      <object_component id="oc-3f">
         <name>.debug_line</name>
         <load_address>0x5b5</load_address>
         <run_address>0x5b5</run_address>
         <size>0x47</size>
         <input_file_ref idref="fl-8a"/>
      </object_component>
      <object_component id="oc-42">
         <name>.debug_line</name>
         <load_address>0x5fc</load_address>
         <run_address>0x5fc</run_address>
         <size>0x45</size>
         <input_file_ref idref="fl-8b"/>
      </object_component>
      <object_component id="oc-45">
         <name>.debug_line</name>
         <load_address>0x641</load_address>
         <run_address>0x641</run_address>
         <size>0x44</size>
         <input_file_ref idref="fl-8c"/>
      </object_component>
      <object_component id="oc-4c">
         <name>.debug_line</name>
         <load_address>0x685</load_address>
         <run_address>0x685</run_address>
         <size>0x3e</size>
         <input_file_ref idref="fl-8e"/>
      </object_component>
      <object_component id="oc-4f">
         <name>.debug_line</name>
         <load_address>0x6c3</load_address>
         <run_address>0x6c3</run_address>
         <size>0x3c</size>
         <input_file_ref idref="fl-8f"/>
      </object_component>
      <object_component id="oc-52">
         <name>.debug_line</name>
         <load_address>0x6ff</load_address>
         <run_address>0x6ff</run_address>
         <size>0x40</size>
         <input_file_ref idref="fl-90"/>
      </object_component>
      <object_component id="oc-57">
         <name>.debug_line</name>
         <load_address>0x73f</load_address>
         <run_address>0x73f</run_address>
         <size>0x42</size>
         <input_file_ref idref="fl-91"/>
      </object_component>
      <object_component id="oc-5d">
         <name>.debug_line</name>
         <load_address>0x781</load_address>
         <run_address>0x781</run_address>
         <size>0xa7</size>
         <input_file_ref idref="fl-92"/>
      </object_component>
      <object_component id="oc-60">
         <name>.debug_line</name>
         <load_address>0x828</load_address>
         <run_address>0x828</run_address>
         <size>0x26</size>
         <input_file_ref idref="fl-93"/>
      </object_component>
      <object_component id="oc-63">
         <name>.debug_line</name>
         <load_address>0x84e</load_address>
         <run_address>0x84e</run_address>
         <size>0x3e</size>
         <input_file_ref idref="fl-94"/>
      </object_component>
      <object_component id="oc-66">
         <name>.debug_line</name>
         <load_address>0x88c</load_address>
         <run_address>0x88c</run_address>
         <size>0x39</size>
         <input_file_ref idref="fl-95"/>
      </object_component>
      <object_component id="oc-11">
         <name>.debug_abbrev</name>
         <load_address>0x0</load_address>
         <run_address>0x0</run_address>
         <size>0xd7</size>
         <input_file_ref idref="fl-2"/>
      </object_component>
      <object_component id="oc-15">
         <name>.debug_abbrev</name>
         <load_address>0xd7</load_address>
         <run_address>0xd7</run_address>
         <size>0x21</size>
         <input_file_ref idref="fl-3"/>
      </object_component>
      <object_component id="oc-19">
         <name>.debug_abbrev</name>
         <load_address>0xf8</load_address>
         <run_address>0xf8</run_address>
         <size>0xfe</size>
         <input_file_ref idref="fl-80"/>
      </object_component>
      <object_component id="oc-1e">
         <name>.debug_abbrev</name>
         <load_address>0x1f6</load_address>
         <run_address>0x1f6</run_address>
         <size>0x119</size>
         <input_file_ref idref="fl-81"/>
      </object_component>
      <object_component id="oc-22">
         <name>.debug_abbrev</name>
         <load_address>0x30f</load_address>
         <run_address>0x30f</run_address>
         <size>0x14b</size>
         <input_file_ref idref="fl-82"/>
      </object_component>
      <object_component id="oc-27">
         <name>.debug_abbrev</name>
         <load_address>0x45a</load_address>
         <run_address>0x45a</run_address>
         <size>0x215</size>
         <input_file_ref idref="fl-83"/>
      </object_component>
      <object_component id="oc-2a">
         <name>.debug_abbrev</name>
         <load_address>0x66f</load_address>
         <run_address>0x66f</run_address>
         <size>0xd5</size>
         <input_file_ref idref="fl-84"/>
      </object_component>
      <object_component id="oc-2e">
         <name>.debug_abbrev</name>
         <load_address>0x744</load_address>
         <run_address>0x744</run_address>
         <size>0x180</size>
         <input_file_ref idref="fl-85"/>
      </object_component>
      <object_component id="oc-32">
         <name>.debug_abbrev</name>
         <load_address>0x8c4</load_address>
         <run_address>0x8c4</run_address>
         <size>0xd5</size>
         <input_file_ref idref="fl-86"/>
      </object_component>
      <object_component id="oc-35">
         <name>.debug_abbrev</name>
         <load_address>0x999</load_address>
         <run_address>0x999</run_address>
         <size>0xd1</size>
         <input_file_ref idref="fl-87"/>
      </object_component>
      <object_component id="oc-3a">
         <name>.debug_abbrev</name>
         <load_address>0xa6a</load_address>
         <run_address>0xa6a</run_address>
         <size>0x9f</size>
         <input_file_ref idref="fl-88"/>
      </object_component>
      <object_component id="oc-3d">
         <name>.debug_abbrev</name>
         <load_address>0xb09</load_address>
         <run_address>0xb09</run_address>
         <size>0xe1</size>
         <input_file_ref idref="fl-89"/>
      </object_component>
      <object_component id="oc-40">
         <name>.debug_abbrev</name>
         <load_address>0xbea</load_address>
         <run_address>0xbea</run_address>
         <size>0x13f</size>
         <input_file_ref idref="fl-8a"/>
      </object_component>
      <object_component id="oc-43">
         <name>.debug_abbrev</name>
         <load_address>0xd29</load_address>
         <run_address>0xd29</run_address>
         <size>0xdd</size>
         <input_file_ref idref="fl-8b"/>
      </object_component>
      <object_component id="oc-46">
         <name>.debug_abbrev</name>
         <load_address>0xe06</load_address>
         <run_address>0xe06</run_address>
         <size>0x10c</size>
         <input_file_ref idref="fl-8c"/>
      </object_component>
      <object_component id="oc-4a">
         <name>.debug_abbrev</name>
         <load_address>0xf12</load_address>
         <run_address>0xf12</run_address>
         <size>0x8e</size>
         <input_file_ref idref="fl-8d"/>
      </object_component>
      <object_component id="oc-4d">
         <name>.debug_abbrev</name>
         <load_address>0xfa0</load_address>
         <run_address>0xfa0</run_address>
         <size>0x12d</size>
         <input_file_ref idref="fl-8e"/>
      </object_component>
      <object_component id="oc-50">
         <name>.debug_abbrev</name>
         <load_address>0x10cd</load_address>
         <run_address>0x10cd</run_address>
         <size>0xf7</size>
         <input_file_ref idref="fl-8f"/>
      </object_component>
      <object_component id="oc-53">
         <name>.debug_abbrev</name>
         <load_address>0x11c4</load_address>
         <run_address>0x11c4</run_address>
         <size>0x11a</size>
         <input_file_ref idref="fl-90"/>
      </object_component>
      <object_component id="oc-58">
         <name>.debug_abbrev</name>
         <load_address>0x12de</load_address>
         <run_address>0x12de</run_address>
         <size>0x1cd</size>
         <input_file_ref idref="fl-91"/>
      </object_component>
      <object_component id="oc-5e">
         <name>.debug_abbrev</name>
         <load_address>0x14ab</load_address>
         <run_address>0x14ab</run_address>
         <size>0x1f6</size>
         <input_file_ref idref="fl-92"/>
      </object_component>
      <object_component id="oc-61">
         <name>.debug_abbrev</name>
         <load_address>0x16a1</load_address>
         <run_address>0x16a1</run_address>
         <size>0xd0</size>
         <input_file_ref idref="fl-93"/>
      </object_component>
      <object_component id="oc-64">
         <name>.debug_abbrev</name>
         <load_address>0x1771</load_address>
         <run_address>0x1771</run_address>
         <size>0x130</size>
         <input_file_ref idref="fl-94"/>
      </object_component>
      <object_component id="oc-67">
         <name>.debug_abbrev</name>
         <load_address>0x18a1</load_address>
         <run_address>0x18a1</run_address>
         <size>0xab</size>
         <input_file_ref idref="fl-95"/>
      </object_component>
      <object_component id="oc-a5">
         <name>.debug_abbrev</name>
         <load_address>0x194c</load_address>
         <run_address>0x194c</run_address>
         <size>0xd</size>
      </object_component>
      <object_component id="oc-12">
         <name>vectors</name>
         <load_address>0x0</load_address>
         <run_address>0x0</run_address>
         <size>0x20</size>
         <input_file_ref idref="fl-3"/>
      </object_component>
   </object_component_list>
   <logical_group_list>
      <logical_group id="lg-2">
         <name>.vectors</name>
         <run_address>0x0</run_address>
         <size>0x0</size>
         <contents>
         </contents>
      </logical_group>
      <logical_group id="lg-3">
         <name>.text</name>
         <load_address>0x220</load_address>
         <run_address>0x220</run_address>
         <size>0x2d40</size>
         <contents>
            <object_component_ref idref="oc-7b"/>
            <object_component_ref idref="oc-82"/>
            <object_component_ref idref="oc-80"/>
            <object_component_ref idref="oc-83"/>
            <object_component_ref idref="oc-74"/>
            <object_component_ref idref="oc-71"/>
            <object_component_ref idref="oc-8b"/>
            <object_component_ref idref="oc-7f"/>
            <object_component_ref idref="oc-6f"/>
            <object_component_ref idref="oc-87"/>
            <object_component_ref idref="oc-6d"/>
            <object_component_ref idref="oc-6b"/>
            <object_component_ref idref="oc-6e"/>
            <object_component_ref idref="oc-7c"/>
            <object_component_ref idref="oc-88"/>
            <object_component_ref idref="oc-6c"/>
            <object_component_ref idref="oc-70"/>
            <object_component_ref idref="oc-68"/>
            <object_component_ref idref="oc-81"/>
            <object_component_ref idref="oc-7e"/>
            <object_component_ref idref="oc-84"/>
            <object_component_ref idref="oc-7d"/>
            <object_component_ref idref="oc-6a"/>
            <object_component_ref idref="oc-86"/>
            <object_component_ref idref="oc-85"/>
            <object_component_ref idref="oc-73"/>
            <object_component_ref idref="oc-8c"/>
            <object_component_ref idref="oc-76"/>
            <object_component_ref idref="oc-79"/>
            <object_component_ref idref="oc-8a"/>
            <object_component_ref idref="oc-78"/>
            <object_component_ref idref="oc-75"/>
            <object_component_ref idref="oc-c"/>
            <object_component_ref idref="oc-7a"/>
            <object_component_ref idref="oc-69"/>
            <object_component_ref idref="oc-72"/>
            <object_component_ref idref="oc-77"/>
            <object_component_ref idref="oc-89"/>
         </contents>
      </logical_group>
      <logical_group id="lg-4">
         <name>.bss</name>
         <run_address>0x220</run_address>
         <size>0x0</size>
         <contents>
         </contents>
      </logical_group>
      <logical_group id="lg-5">
         <name>.cinit</name>
         <load_address>0x3bc8</load_address>
         <run_address>0x3bc8</run_address>
         <size>0x154</size>
         <contents>
            <object_component_ref idref="oc-48"/>
            <object_component_ref idref="oc-24"/>
            <object_component_ref idref="oc-1b"/>
            <object_component_ref idref="oc-5a"/>
            <object_component_ref idref="oc-37"/>
            <object_component_ref idref="oc-55"/>
         </contents>
      </logical_group>
      <logical_group id="lg-6">
         <name>.stack</name>
         <run_address>0x2f60</run_address>
         <size>0x800</size>
         <contents>
            <object_component_ref idref="oc-17"/>
            <object_component_ref idref="oc-a2"/>
         </contents>
      </logical_group>
      <logical_group id="lg-7">
         <name>.sysmem</name>
         <run_address>0x80000000</run_address>
         <size>0x800</size>
         <contents>
            <object_component_ref idref="oc-5c"/>
            <object_component_ref idref="oc-a3"/>
         </contents>
      </logical_group>
      <logical_group id="lg-8">
         <name>.const</name>
         <load_address>0x3d1c</load_address>
         <run_address>0x3d1c</run_address>
         <size>0x12</size>
         <contents>
            <object_component_ref idref="oc-e"/>
            <object_component_ref idref="oc-20"/>
         </contents>
      </logical_group>
      <logical_group id="lg-9">
         <name>.switch</name>
         <run_address>0x0</run_address>
         <size>0x0</size>
         <contents>
         </contents>
      </logical_group>
      <logical_group id="lg-a">
         <name>.far</name>
         <run_address>0x3760</run_address>
         <size>0x468</size>
         <contents>
            <object_component_ref idref="oc-1c"/>
            <object_component_ref idref="oc-25"/>
            <object_component_ref idref="oc-2c"/>
            <object_component_ref idref="oc-38"/>
            <object_component_ref idref="oc-49"/>
            <object_component_ref idref="oc-56"/>
            <object_component_ref idref="oc-5b"/>
         </contents>
      </logical_group>
      <logical_group id="lg-b">
         <name>.cio</name>
         <run_address>0x80000800</run_address>
         <size>0x120</size>
         <contents>
            <object_component_ref idref="oc-30"/>
         </contents>
      </logical_group>
      <logical_group id="lg-97">
         <name>.debug_info</name>
         <load_address>0x0</load_address>
         <run_address>0x0</run_address>
         <size>0xc616</size>
         <contents>
            <object_component_ref idref="oc-d"/>
            <object_component_ref idref="oc-13"/>
            <object_component_ref idref="oc-16"/>
            <object_component_ref idref="oc-1a"/>
            <object_component_ref idref="oc-1f"/>
            <object_component_ref idref="oc-23"/>
            <object_component_ref idref="oc-28"/>
            <object_component_ref idref="oc-2b"/>
            <object_component_ref idref="oc-2f"/>
            <object_component_ref idref="oc-33"/>
            <object_component_ref idref="oc-36"/>
            <object_component_ref idref="oc-3b"/>
            <object_component_ref idref="oc-3e"/>
            <object_component_ref idref="oc-41"/>
            <object_component_ref idref="oc-44"/>
            <object_component_ref idref="oc-47"/>
            <object_component_ref idref="oc-4b"/>
            <object_component_ref idref="oc-4e"/>
            <object_component_ref idref="oc-51"/>
            <object_component_ref idref="oc-54"/>
            <object_component_ref idref="oc-59"/>
            <object_component_ref idref="oc-5f"/>
            <object_component_ref idref="oc-62"/>
            <object_component_ref idref="oc-65"/>
            <object_component_ref idref="oc-a4"/>
         </contents>
      </logical_group>
      <logical_group id="lg-99">
         <name>.debug_frame</name>
         <load_address>0x0</load_address>
         <run_address>0x0</run_address>
         <size>0x274</size>
         <contents>
            <object_component_ref idref="oc-f"/>
         </contents>
      </logical_group>
      <logical_group id="lg-9b">
         <name>.debug_line</name>
         <load_address>0x0</load_address>
         <run_address>0x0</run_address>
         <size>0x8c5</size>
         <contents>
            <object_component_ref idref="oc-10"/>
            <object_component_ref idref="oc-14"/>
            <object_component_ref idref="oc-18"/>
            <object_component_ref idref="oc-1d"/>
            <object_component_ref idref="oc-21"/>
            <object_component_ref idref="oc-26"/>
            <object_component_ref idref="oc-29"/>
            <object_component_ref idref="oc-2d"/>
            <object_component_ref idref="oc-31"/>
            <object_component_ref idref="oc-34"/>
            <object_component_ref idref="oc-39"/>
            <object_component_ref idref="oc-3c"/>
            <object_component_ref idref="oc-3f"/>
            <object_component_ref idref="oc-42"/>
            <object_component_ref idref="oc-45"/>
            <object_component_ref idref="oc-4c"/>
            <object_component_ref idref="oc-4f"/>
            <object_component_ref idref="oc-52"/>
            <object_component_ref idref="oc-57"/>
            <object_component_ref idref="oc-5d"/>
            <object_component_ref idref="oc-60"/>
            <object_component_ref idref="oc-63"/>
            <object_component_ref idref="oc-66"/>
         </contents>
      </logical_group>
      <logical_group id="lg-9d">
         <name>.debug_abbrev</name>
         <load_address>0x0</load_address>
         <run_address>0x0</run_address>
         <size>0x1959</size>
         <contents>
            <object_component_ref idref="oc-11"/>
            <object_component_ref idref="oc-15"/>
            <object_component_ref idref="oc-19"/>
            <object_component_ref idref="oc-1e"/>
            <object_component_ref idref="oc-22"/>
            <object_component_ref idref="oc-27"/>
            <object_component_ref idref="oc-2a"/>
            <object_component_ref idref="oc-2e"/>
            <object_component_ref idref="oc-32"/>
            <object_component_ref idref="oc-35"/>
            <object_component_ref idref="oc-3a"/>
            <object_component_ref idref="oc-3d"/>
            <object_component_ref idref="oc-40"/>
            <object_component_ref idref="oc-43"/>
            <object_component_ref idref="oc-46"/>
            <object_component_ref idref="oc-4a"/>
            <object_component_ref idref="oc-4d"/>
            <object_component_ref idref="oc-50"/>
            <object_component_ref idref="oc-53"/>
            <object_component_ref idref="oc-58"/>
            <object_component_ref idref="oc-5e"/>
            <object_component_ref idref="oc-61"/>
            <object_component_ref idref="oc-64"/>
            <object_component_ref idref="oc-67"/>
            <object_component_ref idref="oc-a5"/>
         </contents>
      </logical_group>
      <logical_group id="lg-9f">
         <name>vectors</name>
         <load_address>0x0</load_address>
         <run_address>0x0</run_address>
         <size>0x20</size>
         <contents>
            <object_component_ref idref="oc-12"/>
         </contents>
      </logical_group>
   </logical_group_list>
   <placement_map>
      <memory_area>
         <name>VECS</name>
         <page_id>0x0</page_id>
         <origin>0x0</origin>
         <length>0x220</length>
         <used_space>0x20</used_space>
         <unused_space>0x200</unused_space>
         <attributes>RWIX</attributes>
         <usage_details>
            <allocated_space>
               <start_address>0x0</start_address>
               <size>0x20</size>
               <logical_group_ref idref="lg-9f"/>
            </allocated_space>
            <available_space>
               <start_address>0x20</start_address>
               <size>0x200</size>
            </available_space>
         </usage_details>
      </memory_area>
      <memory_area>
         <name>IRAM</name>
         <page_id>0x0</page_id>
         <origin>0x220</origin>
         <length>0x2fde0</length>
         <used_space>0x3b0e</used_space>
         <unused_space>0x2c2d2</unused_space>
         <attributes>RWIX</attributes>
         <usage_details>
            <allocated_space>
               <start_address>0x220</start_address>
               <size>0x0</size>
               <logical_group_ref idref="lg-4"/>
            </allocated_space>
            <allocated_space>
               <start_address>0x220</start_address>
               <size>0x2d40</size>
               <logical_group_ref idref="lg-3"/>
            </allocated_space>
            <allocated_space>
               <start_address>0x2f60</start_address>
               <size>0x800</size>
               <logical_group_ref idref="lg-6"/>
            </allocated_space>
            <allocated_space>
               <start_address>0x3760</start_address>
               <size>0x468</size>
               <logical_group_ref idref="lg-a"/>
            </allocated_space>
            <allocated_space>
               <start_address>0x3bc8</start_address>
               <size>0x154</size>
               <logical_group_ref idref="lg-5"/>
            </allocated_space>
            <allocated_space>
               <start_address>0x3d1c</start_address>
               <size>0x12</size>
               <logical_group_ref idref="lg-8"/>
            </allocated_space>
            <available_space>
               <start_address>0x3d2e</start_address>
               <size>0x2c2d2</size>
            </available_space>
         </usage_details>
      </memory_area>
      <memory_area>
         <name>SDRAM</name>
         <page_id>0x0</page_id>
         <origin>0x80000000</origin>
         <length>0x1000000</length>
         <used_space>0x920</used_space>
         <unused_space>0xfff6e0</unused_space>
         <attributes>RWIX</attributes>
         <usage_details>
            <allocated_space>
               <start_address>0x80000000</start_address>
               <size>0x800</size>
               <logical_group_ref idref="lg-7"/>
            </allocated_space>
            <allocated_space>
               <start_address>0x80000800</start_address>
               <size>0x120</size>
               <logical_group_ref idref="lg-b"/>
            </allocated_space>
            <available_space>
               <start_address>0x80000920</start_address>
               <size>0xfff6e0</size>
            </available_space>
         </usage_details>
      </memory_area>
      <memory_area>
         <name>FLASH</name>
         <page_id>0x0</page_id>
         <origin>0x90000000</origin>
         <length>0x80000</length>
         <used_space>0x0</used_space>
         <unused_space>0x80000</unused_space>
         <attributes>RWIX</attributes>
         <usage_details>
         </usage_details>
      </memory_area>
   </placement_map>
   <symbol_table>
      <symbol id="sm-0">
         <name>cinit</name>
         <value>0x3bc8</value>
      </symbol>
      <symbol id="sm-1">
         <name>___cinit__</name>
         <value>0x3bc8</value>
      </symbol>
      <symbol id="sm-2">
         <name>pinit</name>
         <value>0xffffffff</value>
      </symbol>
      <symbol id="sm-3">
         <name>___pinit__</name>
         <value>0xffffffff</value>
      </symbol>
      <symbol id="sm-4">
         <name>binit</name>
         <value>0xffffffff</value>
      </symbol>
      <symbol id="sm-5">
         <name>___binit__</name>
         <value>0xffffffff</value>
      </symbol>
      <symbol id="sm-6">
         <name>__STACK_SIZE</name>
         <value>0x800</value>
      </symbol>
      <symbol id="sm-7">
         <name>__STACK_END</name>
         <value>0x3760</value>
      </symbol>
      <symbol id="sm-8">
         <name>__SYSMEM_SIZE</name>
         <value>0x800</value>
      </symbol>
      <symbol id="sm-9">
         <name>___c_args__</name>
         <value>0xffffffff</value>
      </symbol>
      <symbol id="sm-a">
         <name>.text</name>
         <value>0x220</value>
      </symbol>
      <symbol id="sm-b">
         <name>___text__</name>
         <value>0x220</value>
      </symbol>
      <symbol id="sm-c">
         <name>etext</name>
         <value>0x2f60</value>
      </symbol>
      <symbol id="sm-d">
         <name>___etext__</name>
         <value>0x2f60</value>
      </symbol>
      <symbol id="sm-e">
         <name>.bss</name>
         <value>0x220</value>
      </symbol>
      <symbol id="sm-f">
         <name>___bss__</name>
         <value>0x220</value>
      </symbol>
      <symbol id="sm-10">
         <name>end</name>
         <value>0x220</value>
      </symbol>
      <symbol id="sm-11">
         <name>___end__</name>
         <value>0x220</value>
      </symbol>
      <symbol id="sm-12">
         <name>___TI_pprof_out_hndl</name>
         <value>0xffffffff</value>
      </symbol>
      <symbol id="sm-13">
         <name>___TI_prof_data_start</name>
         <value>0xffffffff</value>
      </symbol>
      <symbol id="sm-14">
         <name>___TI_prof_data_size</name>
         <value>0xffffffff</value>
      </symbol>
      <symbol id="sm-15">
         <name>$bss</name>
         <value>0x220</value>
      </symbol>
      <symbol id="sm-4e">
         <name>_main</name>
         <value>0x2ac0</value>
         <object_component_ref idref="oc-76"/>
      </symbol>
      <symbol id="sm-4f">
         <name>_delay</name>
         <value>0x2b48</value>
         <object_component_ref idref="oc-76"/>
      </symbol>
      <symbol id="sm-63">
         <name>_c_int00</name>
         <value>0x2de0</value>
         <object_component_ref idref="oc-c"/>
      </symbol>
      <symbol id="sm-64">
         <name>__stack</name>
         <value>0x2f60</value>
         <object_component_ref idref="oc-17"/>
      </symbol>
      <symbol id="sm-74">
         <name>C$$EXIT</name>
         <value>0x2f20</value>
         <object_component_ref idref="oc-77"/>
      </symbol>
      <symbol id="sm-75">
         <name>_exit</name>
         <value>0x26a0</value>
         <object_component_ref idref="oc-6a"/>
      </symbol>
      <symbol id="sm-76">
         <name>___TI_enable_exit_profile_output</name>
         <value>0x3ba8</value>
         <object_component_ref idref="oc-1c"/>
      </symbol>
      <symbol id="sm-77">
         <name>_abort</name>
         <value>0x2f20</value>
         <object_component_ref idref="oc-77"/>
      </symbol>
      <symbol id="sm-78">
         <name>__cleanup_ptr</name>
         <value>0x3ba0</value>
         <object_component_ref idref="oc-1c"/>
      </symbol>
      <symbol id="sm-79">
         <name>__dtors_ptr</name>
         <value>0x3ba4</value>
         <object_component_ref idref="oc-1c"/>
      </symbol>
      <symbol id="sm-87">
         <name>_puts</name>
         <value>0x2e60</value>
         <object_component_ref idref="oc-7a"/>
      </symbol>
      <symbol id="sm-88">
         <name>_fputs</name>
         <value>0x220</value>
         <object_component_ref idref="oc-7b"/>
      </symbol>
      <symbol id="sm-a0">
         <name>_unlink</name>
         <value>0x2c20</value>
         <object_component_ref idref="oc-8a"/>
      </symbol>
      <symbol id="sm-a1">
         <name>_lseek</name>
         <value>0x22e0</value>
         <object_component_ref idref="oc-81"/>
      </symbol>
      <symbol id="sm-a2">
         <name>_close</name>
         <value>0x1ec0</value>
         <object_component_ref idref="oc-88"/>
      </symbol>
      <symbol id="sm-a3">
         <name>_write</name>
         <value>0x23e0</value>
         <object_component_ref idref="oc-7e"/>
      </symbol>
      <symbol id="sm-ad">
         <name>_memcpy</name>
         <value>0xf60</value>
         <object_component_ref idref="oc-74"/>
      </symbol>
      <symbol id="sm-c5">
         <name>_HOSTopen</name>
         <value>0x1b60</value>
         <object_component_ref idref="oc-6b"/>
      </symbol>
      <symbol id="sm-c6">
         <name>_HOSTread</name>
         <value>0x1a20</value>
         <object_component_ref idref="oc-6d"/>
      </symbol>
      <symbol id="sm-c7">
         <name>_HOSTrename</name>
         <value>0x11a0</value>
         <object_component_ref idref="oc-71"/>
      </symbol>
      <symbol id="sm-c8">
         <name>_HOSTwrite</name>
         <value>0x1c80</value>
         <object_component_ref idref="oc-6e"/>
      </symbol>
      <symbol id="sm-c9">
         <name>_HOSTlseek</name>
         <value>0x1760</value>
         <object_component_ref idref="oc-6f"/>
      </symbol>
      <symbol id="sm-ca">
         <name>_HOSTunlink</name>
         <value>0x20e0</value>
         <object_component_ref idref="oc-70"/>
      </symbol>
      <symbol id="sm-cb">
         <name>_HOSTclose</name>
         <value>0x1fe0</value>
         <object_component_ref idref="oc-6c"/>
      </symbol>
      <symbol id="sm-d9">
         <name>C$$IO$$</name>
         <value>0x2d38</value>
         <object_component_ref idref="oc-78"/>
      </symbol>
      <symbol id="sm-da">
         <name>__CIOBUF_</name>
         <value>0x80000800</value>
         <object_component_ref idref="oc-30"/>
      </symbol>
      <symbol id="sm-db">
         <name>_readmsg</name>
         <value>0x2b80</value>
         <object_component_ref idref="oc-79"/>
      </symbol>
      <symbol id="sm-dc">
         <name>_writemsg</name>
         <value>0x2cc0</value>
         <object_component_ref idref="oc-78"/>
      </symbol>
      <symbol id="sm-e6">
         <name>__wrt_ok</name>
         <value>0x1da0</value>
         <object_component_ref idref="oc-7c"/>
      </symbol>
      <symbol id="sm-f4">
         <name>__unlock</name>
         <value>0x3bb0</value>
         <object_component_ref idref="oc-38"/>
      </symbol>
      <symbol id="sm-f5">
         <name>__lock</name>
         <value>0x3bac</value>
         <object_component_ref idref="oc-38"/>
      </symbol>
      <symbol id="sm-f6">
         <name>__nop</name>
         <value>0x2f00</value>
         <object_component_ref idref="oc-72"/>
      </symbol>
      <symbol id="sm-100">
         <name>__args_main</name>
         <value>0x2ec0</value>
         <object_component_ref idref="oc-69"/>
      </symbol>
      <symbol id="sm-101">
         <name>__TI_args_main</name>
         <value>0x1</value>
      </symbol>
      <symbol id="sm-10b">
         <name>__auto_init</name>
         <value>0x21e0</value>
         <object_component_ref idref="oc-68"/>
      </symbol>
      <symbol id="sm-115">
         <name>___TI_cpp_init</name>
         <value>0x2d60</value>
         <object_component_ref idref="oc-75"/>
      </symbol>
      <symbol id="sm-11f">
         <name>_copy_in</name>
         <value>0x2940</value>
         <object_component_ref idref="oc-73"/>
      </symbol>
      <symbol id="sm-129">
         <name>__tmpnams</name>
         <value>0x3940</value>
         <object_component_ref idref="oc-49"/>
      </symbol>
      <symbol id="sm-12a">
         <name>__ft_end</name>
         <value>0x3a80</value>
         <object_component_ref idref="oc-49"/>
      </symbol>
      <symbol id="sm-12b">
         <name>__ftable</name>
         <value>0x3760</value>
         <object_component_ref idref="oc-49"/>
      </symbol>
      <symbol id="sm-135">
         <name>__doflush</name>
         <value>0x25c0</value>
         <object_component_ref idref="oc-7d"/>
      </symbol>
      <symbol id="sm-13f">
         <name>_fseek</name>
         <value>0x15a0</value>
         <object_component_ref idref="oc-7f"/>
      </symbol>
      <symbol id="sm-149">
         <name>_setvbuf</name>
         <value>0xa60</value>
         <object_component_ref idref="oc-80"/>
      </symbol>
      <symbol id="sm-157">
         <name>__cleanup</name>
         <value>0x24e0</value>
         <object_component_ref idref="oc-84"/>
      </symbol>
      <symbol id="sm-16d">
         <name>__sys_memory</name>
         <value>0x80000000</value>
         <object_component_ref idref="oc-5c"/>
      </symbol>
      <symbol id="sm-16e">
         <name>_free</name>
         <value>0x6e0</value>
         <object_component_ref idref="oc-82"/>
      </symbol>
      <symbol id="sm-16f">
         <name>_malloc</name>
         <value>0xd20</value>
         <object_component_ref idref="oc-83"/>
      </symbol>
      <symbol id="sm-180">
         <name>__closefile</name>
         <value>0x18c0</value>
         <object_component_ref idref="oc-87"/>
      </symbol>
      <symbol id="sm-18a">
         <name>_remove</name>
         <value>0x2f40</value>
         <object_component_ref idref="oc-89"/>
      </symbol>
   </symbol_table>
</link_info>
