******************************************************************************
               TMS320C6x Linker PC v7.4.14                     
******************************************************************************
>> Linked Thu May 24 14:35:30 2018

OUTPUT FILE NAME:   <LED_IO.out>
ENTRY POINT SYMBOL: "_c_int00"  address: 00002de0


MEMORY CONFIGURATION

         name            origin    length      used     unused   attr    fill
----------------------  --------  ---------  --------  --------  ----  --------
  VECS                  00000000   00000220  00000020  00000200  RWIX
  IRAM                  00000220   0002fde0  00003b0e  0002c2d2  RWIX
  SDRAM                 80000000   01000000  00000920  00fff6e0  RWIX
  FLASH                 90000000   00080000  00000000  00080000  RWIX


SECTION ALLOCATION MAP

 output                                  attributes/
section   page    origin      length       input sections
--------  ----  ----------  ----------   ----------------
vectors    0    00000000    00000020     
                  00000000    00000020     vectors.obj (vectors)

.bss       0    00000220    00000000     UNINITIALIZED

.text      0    00000220    00002d40     
                  00000220    000004c0     rts6700.lib : fputs.obj (.text:_fputs)
                  000006e0    00000380                 : memory.obj (.text:_free)
                  00000a60    000002c0                 : setvbuf.obj (.text:_setvbuf)
                  00000d20    00000240                 : memory.obj (.text:_malloc)
                  00000f60    00000240                 : memcpy62.obj (.text:_memcpy)
                  000011a0    00000220                 : trgdrv.obj (.text:_HOSTrename)
                  000013c0    000001e0                 : lowlev.obj (.text:_getdevice)
                  000015a0    000001c0                 : fseek.obj (.text:_fseek)
                  00001760    00000160                 : trgdrv.obj (.text:_HOSTlseek)
                  000018c0    00000160                 : fclose.obj (.text:__closefile)
                  00001a20    00000140                 : trgdrv.obj (.text:_HOSTread)
                  00001b60    00000120                 : trgdrv.obj (.text:_HOSTopen)
                  00001c80    00000120                 : trgdrv.obj (.text:_HOSTwrite)
                  00001da0    00000120                 : _io_perm.obj (.text:__wrt_ok)
                  00001ec0    00000120                 : lowlev.obj (.text:_close)
                  00001fe0    00000100                 : trgdrv.obj (.text:_HOSTclose)
                  000020e0    00000100                 : trgdrv.obj (.text:_HOSTunlink)
                  000021e0    00000100                 : autoinit.obj (.text:__auto_init)
                  000022e0    00000100                 : lowlev.obj (.text:_lseek)
                  000023e0    00000100                 : lowlev.obj (.text:_write)
                  000024e0    000000e0                 : fopen.obj (.text:__cleanup)
                  000025c0    000000e0                 : fflush.obj (.text:__doflush)
                  000026a0    000000e0                 : exit.obj (.text:_exit)
                  00002780    000000e0                 : memory.obj (.text:_minsert)
                  00002860    000000e0                 : memory.obj (.text:_mremove)
                  00002940    000000c0                 : cpy_tbl.obj (.text:_copy_in)
                  00002a00    000000c0                 : lowlev.obj (.text:_finddevice)
                  00002ac0    000000c0     main.obj (.text)
                  00002b80    000000a0     rts6700.lib : trgmsg.obj (.text:_readmsg)
                  00002c20    000000a0                 : lowlev.obj (.text:_unlink)
                  00002cc0    000000a0                 : trgmsg.obj (.text:_writemsg)
                  00002d60    00000080                 : cpp_init.obj (.text:___TI_cpp_init)
                  00002de0    00000080                 : boot.obj (.text:_c_int00)
                  00002e60    00000060                 : fputs.obj (.text:_puts)
                  00002ec0    00000040                 : args_main.obj (.text:__args_main)
                  00002f00    00000020                 : _lock.obj (.text:__nop)
                  00002f20    00000020                 : exit.obj (.text:_abort)
                  00002f40    00000020                 : remove.obj (.text:_remove)

.stack     0    00002f60    00000800     UNINITIALIZED
                  00002f60    00000008     rts6700.lib : boot.obj (.stack)
                  00002f68    000007f8     --HOLE--

.far       0    00003760    00000468     UNINITIALIZED
                  00003760    00000324     rts6700.lib : defs.obj (.far)
                  00003a84    0000011c                 : lowlev.obj (.far)
                  00003ba0    0000000c                 : exit.obj (.far)
                  00003bac    00000008                 : _lock.obj (.far)
                  00003bb4    00000008                 : memory.obj (.far)
                  00003bbc    00000008                 : trgdrv.obj (.far)
                  00003bc4    00000004                 : fopen.obj (.far)

.cinit     0    00003bc8    00000154     
                  00003bc8    0000005c     rts6700.lib : defs.obj (.cinit)
                  00003c24    00000004     --HOLE-- [fill = 0]
                  00003c28    0000005c                 : lowlev.obj (.cinit)
                  00003c84    00000004     --HOLE-- [fill = 0]
                  00003c88    0000002c                 : exit.obj (.cinit)
                  00003cb4    00000004     --HOLE-- [fill = 0]
                  00003cb8    0000002c                 : memory.obj (.cinit)
                  00003ce4    00000004     --HOLE-- [fill = 0]
                  00003ce8    0000001c                 : _lock.obj (.cinit)
                  00003d04    00000004     --HOLE-- [fill = 0]
                  00003d08    0000000c                 : fopen.obj (.cinit)
                  00003d14    00000004     --HOLE-- [fill = 0]
                  00003d18    00000004     (.pad.cinit) [fill = 0]

.const     0    00003d1c    00000012     
                  00003d1c    00000010     main.obj (.const:.string)
                  00003d2c    00000002     rts6700.lib : fputs.obj (.const:.string)

.sysmem    0    80000000    00000800     UNINITIALIZED
                  80000000    00000008     rts6700.lib : memory.obj (.sysmem)
                  80000008    000007f8     --HOLE--

.cio       0    80000800    00000120     UNINITIALIZED
                  80000800    00000120     rts6700.lib : trgmsg.obj (.cio)


GLOBAL SYMBOLS: SORTED ALPHABETICALLY BY Name 

address    name
--------   ----
00000220   $bss
00000220   .bss
00000220   .text
00002f20   C$$EXIT
00002d38   C$$IO$$
00001fe0   _HOSTclose
00001760   _HOSTlseek
00001b60   _HOSTopen
00001a20   _HOSTread
000011a0   _HOSTrename
000020e0   _HOSTunlink
00001c80   _HOSTwrite
80000800   __CIOBUF_
00003760   __STACK_END
00000800   __STACK_SIZE
00000800   __SYSMEM_SIZE
00000001   __TI_args_main
00002d60   ___TI_cpp_init
00003ba8   ___TI_enable_exit_profile_output
ffffffff   ___TI_pprof_out_hndl
ffffffff   ___TI_prof_data_size
ffffffff   ___TI_prof_data_start
ffffffff   ___binit__
00000220   ___bss__
ffffffff   ___c_args__
00003bc8   ___cinit__
00000220   ___end__
00002f60   ___etext__
ffffffff   ___pinit__
00000220   ___text__
00002ec0   __args_main
000021e0   __auto_init
000024e0   __cleanup
00003ba0   __cleanup_ptr
000018c0   __closefile
000025c0   __doflush
00003ba4   __dtors_ptr
00003a80   __ft_end
00003760   __ftable
00003bac   __lock
00002f00   __nop
00002f60   __stack
80000000   __sys_memory
00003940   __tmpnams
00003bb0   __unlock
00001da0   __wrt_ok
00002f20   _abort
00002de0   _c_int00
00001ec0   _close
00002940   _copy_in
00002b48   _delay
000026a0   _exit
00000220   _fputs
000006e0   _free
000015a0   _fseek
000022e0   _lseek
00002ac0   _main
00000d20   _malloc
00000f60   _memcpy
00002e60   _puts
00002b80   _readmsg
00002f40   _remove
00000a60   _setvbuf
00002c20   _unlink
000023e0   _write
00002cc0   _writemsg
ffffffff   binit
00003bc8   cinit
00000220   end
00002f60   etext
ffffffff   pinit


GLOBAL SYMBOLS: SORTED BY Symbol Address 

address    name
--------   ----
00000001   __TI_args_main
00000220   $bss
00000220   .bss
00000220   .text
00000220   ___bss__
00000220   ___end__
00000220   ___text__
00000220   _fputs
00000220   end
000006e0   _free
00000800   __STACK_SIZE
00000800   __SYSMEM_SIZE
00000a60   _setvbuf
00000d20   _malloc
00000f60   _memcpy
000011a0   _HOSTrename
000015a0   _fseek
00001760   _HOSTlseek
000018c0   __closefile
00001a20   _HOSTread
00001b60   _HOSTopen
00001c80   _HOSTwrite
00001da0   __wrt_ok
00001ec0   _close
00001fe0   _HOSTclose
000020e0   _HOSTunlink
000021e0   __auto_init
000022e0   _lseek
000023e0   _write
000024e0   __cleanup
000025c0   __doflush
000026a0   _exit
00002940   _copy_in
00002ac0   _main
00002b48   _delay
00002b80   _readmsg
00002c20   _unlink
00002cc0   _writemsg
00002d38   C$$IO$$
00002d60   ___TI_cpp_init
00002de0   _c_int00
00002e60   _puts
00002ec0   __args_main
00002f00   __nop
00002f20   C$$EXIT
00002f20   _abort
00002f40   _remove
00002f60   ___etext__
00002f60   __stack
00002f60   etext
00003760   __STACK_END
00003760   __ftable
00003940   __tmpnams
00003a80   __ft_end
00003ba0   __cleanup_ptr
00003ba4   __dtors_ptr
00003ba8   ___TI_enable_exit_profile_output
00003bac   __lock
00003bb0   __unlock
00003bc8   ___cinit__
00003bc8   cinit
80000000   __sys_memory
80000800   __CIOBUF_
ffffffff   ___TI_pprof_out_hndl
ffffffff   ___TI_prof_data_size
ffffffff   ___TI_prof_data_start
ffffffff   ___binit__
ffffffff   ___c_args__
ffffffff   ___pinit__
ffffffff   binit
ffffffff   pinit

[71 symbols]
