******************************************************************************
               TMS320C6x Linker PC v7.4.14                     
******************************************************************************
>> Linked Thu May 24 14:35:43 2018

OUTPUT FILE NAME:   <loop_intr.out>
ENTRY POINT SYMBOL: "_c_int00"  address: 00002160


MEMORY CONFIGURATION

         name            origin    length      used     unused   attr    fill
----------------------  --------  ---------  --------  --------  ----  --------
  VECS                  00000000   00000220  00000200  00000020  RWIX
  IRAM                  00000220   0002fde0  00003140  0002cca0  RWIX
  SDRAM                 80000000   01000000  00000000  01000000  RWIX
  FLASH                 90000000   00080000  00000000  00080000  RWIX


SECTION ALLOCATION MAP

 output                                  attributes/
section   page    origin      length       input sections
--------  ----  ----------  ----------   ----------------
$BRID      0    00000000    000000f4     COPY SECTION
                  00000000    00000078     csl6713.lib : csl_irq.obj ($BRID)
                  00000078    0000007c                 : csl_mcbsp.obj ($BRID)

.vectors   0    00000000    00000200     
                  00000000    00000200     Vectors_11.obj (.vectors)

.bss       0    00000220    00000000     UNINITIALIZED

.text      0    00000220    00002200     
                  00000220    000007c0     c6713dskinit.obj (.text)
                  000009e0    00000480     dsk6713bsl.lib : dsk6713.obj (.text)
                  00000e60    00000300                    : dsk6713_aic23_opencodec.obj (.text)
                  00001160    00000240     rts6700.lib : memcpy62.obj (.text:_memcpy)
                  000013a0    000001a0     csl6713.lib : csl_irq.obj (.text:_IRQ_map)
                  00001540    00000180                 : csl_mcbsp.obj (.text:_MCBSP_reset)
                  000016c0    00000180     loop_intr.obj (.text:retain)
                  00001840    00000140     dsk6713bsl.lib : dsk6713_aic23_registers.obj (.text)
                  00001980    00000100     csl6713.lib : csl_mcbsp.obj (.text:_MCBSP_start)
                  00001a80    00000100     rts6700.lib : autoinit.obj (.text:__auto_init)
                  00001b80    000000e0     csl6713.lib : csl_mcbsp.obj (.text:_MCBSP_open)
                  00001c60    000000e0     rts6700.lib : strasg.obj (.text:__strasg)
                  00001d40    000000e0                 : exit.obj (.text:_exit)
                  00001e20    000000c0                 : cpy_tbl.obj (.text:_copy_in)
                  00001ee0    000000c0     dsk6713bsl.lib : dsk6713_aic23_setfreq.obj (.text)
                  00001fa0    000000a0     csl6713.lib : csl_mcbsp.obj (.text:_MCBSP_config)
                  00002040    000000a0                 : csl_irq.obj (.text:_setMux)
                  000020e0    00000080     rts6700.lib : cpp_init.obj (.text:___TI_cpp_init)
                  00002160    00000080                 : boot.obj (.text:_c_int00)
                  000021e0    00000040     csl6713.lib : csl_irq.obj (.text:_IRQ_enable)
                  00002220    00000040                 : csl_irq.obj (.text:_IRQ_reset)
                  00002260    00000040     rts6700.lib : args_main.obj (.text:__args_main)
                  000022a0    00000020     Vectors_11.obj (.text)
                  000022c0    00000020     csl6713.lib : csl_irq.obj (.text:_IRQ_globalDisable)
                  000022e0    00000020                 : csl_irq.obj (.text:_IRQ_globalEnable)
                  00002300    00000020                 : csl_irq.obj (.text:_IRQ_nmiEnable)
                  00002320    00000020                 : csl_mcbsp.obj (.text:_MCBSP_getXmtEventId)
                  00002340    00000020                 : csl_mcbsp.obj (.text:_MCBSP_read)
                  00002360    00000020                 : csl_mcbsp.obj (.text:_MCBSP_rrdy)
                  00002380    00000020                 : csl_mcbsp.obj (.text:_MCBSP_write)
                  000023a0    00000020                 : csl_mcbsp.obj (.text:_MCBSP_xrdy)
                  000023c0    00000020     rts6700.lib : exit.obj (.text:_abort)
                  000023e0    00000020     csl6713.lib : csl_irq.obj (.text)
                  00002400    00000020     loop_intr.obj (.text)

.stack     0    00002420    00000800     UNINITIALIZED
                  00002420    00000008     rts6700.lib : boot.obj (.stack)
                  00002428    000007f8     --HOLE--

.far       0    00002c20    00000444     UNINITIALIZED
                  00002c20    00000262     loop_intr.obj (.far)
                  00002e82    00000002     dsk6713bsl.lib : dsk6713.obj (.far)
                  00002e84    000000f4     csl6713.lib : csl_irq.obj (.far)
                  00002f78    00000058     c6713dskinit.obj (.far)
                  00002fd0    00000038     csl6713.lib : csl_mcbsp.obj (.far)
                  00003008    00000028     dsk6713bsl.lib : dsk6713_aic23_registers.obj (.far)
                  00003030    00000020                    : dsk6713_aic23_setfreq.obj (.far)
                  00003050    0000000c     rts6700.lib : exit.obj (.far)
                  0000305c    00000008     dsk6713bsl.lib : dsk6713_aic23_opencodec.obj (.far)

.cinit     0    00003068    0000029c     
                  00003068    0000012c     csl6713.lib : csl_irq.obj (.cinit)
                  00003194    00000004     --HOLE-- [fill = 0]
                  00003198    00000058     c6713dskinit.obj (.cinit)
                  000031f0    00000054     csl6713.lib : csl_mcbsp.obj (.cinit)
                  00003244    00000004     --HOLE-- [fill = 0]
                  00003248    00000030     dsk6713bsl.lib : dsk6713_aic23_registers.obj (.cinit)
                  00003278    0000002c     rts6700.lib : exit.obj (.cinit)
                  000032a4    00000004     --HOLE-- [fill = 0]
                  000032a8    0000002a     loop_intr.obj (.cinit)
                  000032d2    00000006     --HOLE-- [fill = 0]
                  000032d8    00000028     dsk6713bsl.lib : dsk6713_aic23_setfreq.obj (.cinit)
                  00003300    00000004     --HOLE-- [fill = 0]

.const     0    00003304    00000060     
                  00003304    00000040     dsk6713bsl.lib : dsk6713_aic23_opencodec.obj (.const)
                  00003344    00000020                    : dsk6713.obj (.const)


GLOBAL SYMBOLS: SORTED ALPHABETICALLY BY Name 

address    name
--------   ----
00000220   $bss
00000220   .bss
00000220   .text
000023c0   C$$EXIT
00002f84   _AIC23CfgData
00002f78   _AIC_data
0000305c   _DSK6713_AIC23_codeccontrolhandle
00003060   _DSK6713_AIC23_codecdatahandle
00001900   _DSK6713_AIC23_config
00000e60   _DSK6713_AIC23_openCodec
000018d8   _DSK6713_AIC23_rget
00001840   _DSK6713_AIC23_rset
00001ee0   _DSK6713_AIC23_setFreq
00000df4   _DSK6713_getVersion
00000a2c   _DSK6713_init
00000d48   _DSK6713_rget
00000d5c   _DSK6713_rset
00002e82   _DSK6713_version
00000d70   _DSK6713_wait
00000dc8   _DSK6713_waitusec
000021e0   _IRQ_enable
000022c0   _IRQ_globalDisable
000022e0   _IRQ_globalEnable
000013a0   _IRQ_map
00002300   _IRQ_nmiEnable
00002220   _IRQ_reset
00001fa0   _MCBSP_config
00002320   _MCBSP_getXmtEventId
00001b80   _MCBSP_open
00002340   _MCBSP_read
00001540   _MCBSP_reset
00002360   _MCBSP_rrdy
00001980   _MCBSP_start
00002380   _MCBSP_write
000023a0   _MCBSP_xrdy
00002f70   __IRQ_dispatchTable
00002eac   __IRQ_eventTable
000023e0   __IRQ_hookFetchPacket
00002f30   __IRQ_intTable
00003000   __MCBSP_hDev0
00003004   __MCBSP_hDev1
00002c20   __STACK_END
00000800   __STACK_SIZE
00000001   __TI_args_main
000020e0   ___TI_cpp_init
00003058   ___TI_enable_exit_profile_output
ffffffff   ___TI_pprof_out_hndl
ffffffff   ___TI_prof_data_size
ffffffff   ___TI_prof_data_start
ffffffff   ___binit__
00000220   ___bss__
ffffffff   ___c_args__
00003068   ___cinit__
00000220   ___end__
00002420   ___etext__
ffffffff   ___pinit__
00000220   ___text__
00002260   __args_main
00001a80   __auto_init
00003050   __cleanup_ptr
00003054   __dtors_ptr
00002420   __stack
00001c60   __strasg
000023c0   _abort
00000220   _c6713_dsk_init
00002160   _c_int00
000016c0   _c_int11
00000340   _comm_intr
0000030c   _comm_poll
00002fa4   _config
00001e20   _copy_in
00001d40   _exit
00002c20   _fs
00002fcc   _hAIC23_handle
00002c28   _input_buffer
00002e80   _input_buffer_count
00000848   _input_left_sample
00000910   _input_right_sample
00000744   _input_sample
00002c24   _inputsource
00002400   _main
00001160   _memcpy
00000584   _output_left_sample
00000664   _output_right_sample
0000046c   _output_sample
00000020   _vector1
00000140   _vector10
00000180   _vector12
000001a0   _vector13
000001c0   _vector14
000001e0   _vector15
00000040   _vector2
00000060   _vector3
00000080   _vector4
000000a0   _vector5
000000c0   _vector6
000000e0   _vector7
00000100   _vector8
00000120   _vector9
00000000   _vectors
ffffffff   binit
00003068   cinit
00000220   end
00002420   etext
ffffffff   pinit


GLOBAL SYMBOLS: SORTED BY Symbol Address 

address    name
--------   ----
00000000   _vectors
00000001   __TI_args_main
00000020   _vector1
00000040   _vector2
00000060   _vector3
00000080   _vector4
000000a0   _vector5
000000c0   _vector6
000000e0   _vector7
00000100   _vector8
00000120   _vector9
00000140   _vector10
00000180   _vector12
000001a0   _vector13
000001c0   _vector14
000001e0   _vector15
00000220   $bss
00000220   .bss
00000220   .text
00000220   ___bss__
00000220   ___end__
00000220   ___text__
00000220   _c6713_dsk_init
00000220   end
0000030c   _comm_poll
00000340   _comm_intr
0000046c   _output_sample
00000584   _output_left_sample
00000664   _output_right_sample
00000744   _input_sample
00000800   __STACK_SIZE
00000848   _input_left_sample
00000910   _input_right_sample
00000a2c   _DSK6713_init
00000d48   _DSK6713_rget
00000d5c   _DSK6713_rset
00000d70   _DSK6713_wait
00000dc8   _DSK6713_waitusec
00000df4   _DSK6713_getVersion
00000e60   _DSK6713_AIC23_openCodec
00001160   _memcpy
000013a0   _IRQ_map
00001540   _MCBSP_reset
000016c0   _c_int11
00001840   _DSK6713_AIC23_rset
000018d8   _DSK6713_AIC23_rget
00001900   _DSK6713_AIC23_config
00001980   _MCBSP_start
00001a80   __auto_init
00001b80   _MCBSP_open
00001c60   __strasg
00001d40   _exit
00001e20   _copy_in
00001ee0   _DSK6713_AIC23_setFreq
00001fa0   _MCBSP_config
000020e0   ___TI_cpp_init
00002160   _c_int00
000021e0   _IRQ_enable
00002220   _IRQ_reset
00002260   __args_main
000022c0   _IRQ_globalDisable
000022e0   _IRQ_globalEnable
00002300   _IRQ_nmiEnable
00002320   _MCBSP_getXmtEventId
00002340   _MCBSP_read
00002360   _MCBSP_rrdy
00002380   _MCBSP_write
000023a0   _MCBSP_xrdy
000023c0   C$$EXIT
000023c0   _abort
000023e0   __IRQ_hookFetchPacket
00002400   _main
00002420   ___etext__
00002420   __stack
00002420   etext
00002c20   __STACK_END
00002c20   _fs
00002c24   _inputsource
00002c28   _input_buffer
00002e80   _input_buffer_count
00002e82   _DSK6713_version
00002eac   __IRQ_eventTable
00002f30   __IRQ_intTable
00002f70   __IRQ_dispatchTable
00002f78   _AIC_data
00002f84   _AIC23CfgData
00002fa4   _config
00002fcc   _hAIC23_handle
00003000   __MCBSP_hDev0
00003004   __MCBSP_hDev1
00003050   __cleanup_ptr
00003054   __dtors_ptr
00003058   ___TI_enable_exit_profile_output
0000305c   _DSK6713_AIC23_codeccontrolhandle
00003060   _DSK6713_AIC23_codecdatahandle
00003068   ___cinit__
00003068   cinit
ffffffff   ___TI_pprof_out_hndl
ffffffff   ___TI_prof_data_size
ffffffff   ___TI_prof_data_start
ffffffff   ___binit__
ffffffff   ___c_args__
ffffffff   ___pinit__
ffffffff   binit
ffffffff   pinit

[105 symbols]
