******************************************************************************
               TMS320C6x Linker PC v7.4.14                     
******************************************************************************
>> Linked Thu May 24 14:35:14 2018

OUTPUT FILE NAME:   <Lab1.out>
ENTRY POINT SYMBOL: "_c_int00"  address: 00000f80


MEMORY CONFIGURATION

         name            origin    length      used     unused   attr    fill
----------------------  --------  ---------  --------  --------  ----  --------
  VECS                  00000000   00000220  00000020  00000200  RWIX
  IRAM                  00000220   0002fde0  00000ed4  0002ef0c  RWIX
  SDRAM                 80000000   01000000  00000000  01000000  RWIX
  FLASH                 90000000   00080000  00000000  00080000  RWIX


SECTION ALLOCATION MAP

 output                                  attributes/
section   page    origin      length       input sections
--------  ----  ----------  ----------   ----------------
vectors    0    00000000    00000020     
                  00000000    00000020     vectors.obj (vectors)

.bss       0    00000220    00000000     UNINITIALIZED

.stack     0    00000220    00000800     UNINITIALIZED
                  00000220    00000008     rts6700.lib : boot.obj (.stack)
                  00000228    000007f8     --HOLE--

.text      0    00000a20    00000680     
                  00000a20    00000240     rts6700.lib : memcpy62.obj (.text:_memcpy)
                  00000c60    00000100                 : autoinit.obj (.text:__auto_init)
                  00000d60    000000e0                 : exit.obj (.text:_exit)
                  00000e40    000000c0                 : cpy_tbl.obj (.text:_copy_in)
                  00000f00    00000080                 : cpp_init.obj (.text:___TI_cpp_init)
                  00000f80    00000080                 : boot.obj (.text:_c_int00)
                  00001000    00000040                 : args_main.obj (.text:__args_main)
                  00001040    00000040     main.obj (.text)
                  00001080    00000020     rts6700.lib : exit.obj (.text:_abort)

.cinit     0    000010a0    00000044     
                  000010a0    0000002c     rts6700.lib : exit.obj (.cinit)
                  000010cc    00000004     --HOLE-- [fill = 0]
                  000010d0    0000000c     main.obj (.cinit)
                  000010dc    00000004     --HOLE-- [fill = 0]
                  000010e0    00000004     (.pad.cinit) [fill = 0]

.far       0    000010e4    00000010     UNINITIALIZED
                  000010e4    0000000c     rts6700.lib : exit.obj (.far)
                  000010f0    00000004     main.obj (.far)


GLOBAL SYMBOLS: SORTED ALPHABETICALLY BY Name 

address    name
--------   ----
00000220   $bss
00000220   .bss
00000a20   .text
00001080   C$$EXIT
00000a20   __STACK_END
00000800   __STACK_SIZE
00000001   __TI_args_main
00000f00   ___TI_cpp_init
000010ec   ___TI_enable_exit_profile_output
ffffffff   ___TI_pprof_out_hndl
ffffffff   ___TI_prof_data_size
ffffffff   ___TI_prof_data_start
ffffffff   ___binit__
00000220   ___bss__
ffffffff   ___c_args__
000010a0   ___cinit__
00000220   ___end__
000010a0   ___etext__
ffffffff   ___pinit__
00000a20   ___text__
00001000   __args_main
00000c60   __auto_init
000010e4   __cleanup_ptr
000010e8   __dtors_ptr
00000220   __stack
00001080   _abort
00000f80   _c_int00
00000e40   _copy_in
00000d60   _exit
00001040   _main
00000a20   _memcpy
000010f0   _z
ffffffff   binit
000010a0   cinit
00000220   end
000010a0   etext
ffffffff   pinit


GLOBAL SYMBOLS: SORTED BY Symbol Address 

address    name
--------   ----
00000001   __TI_args_main
00000220   $bss
00000220   .bss
00000220   ___bss__
00000220   ___end__
00000220   __stack
00000220   end
00000800   __STACK_SIZE
00000a20   .text
00000a20   __STACK_END
00000a20   ___text__
00000a20   _memcpy
00000c60   __auto_init
00000d60   _exit
00000e40   _copy_in
00000f00   ___TI_cpp_init
00000f80   _c_int00
00001000   __args_main
00001040   _main
00001080   C$$EXIT
00001080   _abort
000010a0   ___cinit__
000010a0   ___etext__
000010a0   cinit
000010a0   etext
000010e4   __cleanup_ptr
000010e8   __dtors_ptr
000010ec   ___TI_enable_exit_profile_output
000010f0   _z
ffffffff   ___TI_pprof_out_hndl
ffffffff   ___TI_prof_data_size
ffffffff   ___TI_prof_data_start
ffffffff   ___binit__
ffffffff   ___c_args__
ffffffff   ___pinit__
ffffffff   binit
ffffffff   pinit

[37 symbols]
