******************************************************************************
               TMS320C6x Linker PC v7.4.14                     
******************************************************************************
>> Linked Thu May 24 14:35:59 2018

OUTPUT FILE NAME:   <SOP.out>
ENTRY POINT SYMBOL: "_c_int00"  address: 00001080


MEMORY CONFIGURATION

         name            origin    length      used     unused   attr    fill
----------------------  --------  ---------  --------  --------  ----  --------
  VECS                  00000000   00000220  00000020  00000200  RWIX
  IRAM                  00000220   0002fde0  000010e4  0002ecfc  RWIX
  SDRAM                 80000000   01000000  00000000  01000000  RWIX
  FLASH                 90000000   00080000  00000000  00080000  RWIX


SECTION ALLOCATION MAP

 output                                  attributes/
section   page    origin      length       input sections
--------  ----  ----------  ----------   ----------------
vectors    0    00000000    00000020     
                  00000000    00000020     vectors.obj (vectors)

.bss       0    00000220    00000000     UNINITIALIZED

.stack     0    00000220    00000800     UNINITIALIZED
                  00000220    00000008     rts6700.lib : boot.obj (.stack)
                  00000228    000007f8     --HOLE--

.text      0    00000a20    00000740     
                  00000a20    00000240     rts6700.lib : memcpy62.obj (.text:_memcpy)
                  00000c60    00000100                 : autoinit.obj (.text:__auto_init)
                  00000d60    00000100     main.obj (.text)
                  00000e60    000000e0     rts6700.lib : exit.obj (.text:_exit)
                  00000f40    000000c0                 : cpy_tbl.obj (.text:_copy_in)
                  00001000    00000080                 : cpp_init.obj (.text:___TI_cpp_init)
                  00001080    00000080                 : boot.obj (.text:_c_int00)
                  00001100    00000040                 : args_main.obj (.text:__args_main)
                  00001140    00000020                 : exit.obj (.text:_abort)

.cinit     0    00001160    000000f4     
                  00001160    000000bc     main.obj (.cinit)
                  0000121c    00000004     --HOLE-- [fill = 0]
                  00001220    0000002c     rts6700.lib : exit.obj (.cinit)
                  0000124c    00000004     --HOLE-- [fill = 0]
                  00001250    00000004     (.pad.cinit) [fill = 0]

.far       0    00001254    000000b0     UNINITIALIZED
                  00001254    000000a4     main.obj (.far)
                  000012f8    0000000c     rts6700.lib : exit.obj (.far)


GLOBAL SYMBOLS: SORTED ALPHABETICALLY BY Name 

address    name
--------   ----
00000220   $bss
00000220   .bss
00000a20   .text
00001140   C$$EXIT
00000a20   __STACK_END
00000800   __STACK_SIZE
00000001   __TI_args_main
00001000   ___TI_cpp_init
00001300   ___TI_enable_exit_profile_output
ffffffff   ___TI_pprof_out_hndl
ffffffff   ___TI_prof_data_size
ffffffff   ___TI_prof_data_start
ffffffff   ___binit__
00000220   ___bss__
ffffffff   ___c_args__
00001160   ___cinit__
00000220   ___end__
00001160   ___etext__
ffffffff   ___pinit__
00000a20   ___text__
00001100   __args_main
00000c60   __auto_init
000012f8   __cleanup_ptr
000012fc   __dtors_ptr
00000220   __stack
00001254   _a
00001140   _abort
00001080   _c_int00
00000f40   _copy_in
00000da8   _dotp
00000e60   _exit
00000d60   _main
00000a20   _memcpy
000012a4   _x
000012f4   _y
ffffffff   binit
00001160   cinit
00000220   end
00001160   etext
ffffffff   pinit


GLOBAL SYMBOLS: SORTED BY Symbol Address 

address    name
--------   ----
00000001   __TI_args_main
00000220   $bss
00000220   .bss
00000220   ___bss__
00000220   ___end__
00000220   __stack
00000220   end
00000800   __STACK_SIZE
00000a20   .text
00000a20   __STACK_END
00000a20   ___text__
00000a20   _memcpy
00000c60   __auto_init
00000d60   _main
00000da8   _dotp
00000e60   _exit
00000f40   _copy_in
00001000   ___TI_cpp_init
00001080   _c_int00
00001100   __args_main
00001140   C$$EXIT
00001140   _abort
00001160   ___cinit__
00001160   ___etext__
00001160   cinit
00001160   etext
00001254   _a
000012a4   _x
000012f4   _y
000012f8   __cleanup_ptr
000012fc   __dtors_ptr
00001300   ___TI_enable_exit_profile_output
ffffffff   ___TI_pprof_out_hndl
ffffffff   ___TI_prof_data_size
ffffffff   ___TI_prof_data_start
ffffffff   ___binit__
ffffffff   ___c_args__
ffffffff   ___pinit__
ffffffff   binit
ffffffff   pinit

[40 symbols]
